Archive member included to satisfy reference by file (symbol)

/opt/st/stm32cubeide_1.5.0/plugins/com.st.stm32cube.ide.mcu.externaltools.gnu-tools-for-stm32.7-2018-q2-update.linux64_1.5.0.202011040924/tools/bin/../lib/gcc/arm-none-eabi/7.3.1/../../../../arm-none-eabi/lib/thumb/v7e-m/fpv5/hard/libc_nano.a(lib_a-errno.o)
                              Core/Src/syscalls.o (__errno)
/opt/st/stm32cubeide_1.5.0/plugins/com.st.stm32cube.ide.mcu.externaltools.gnu-tools-for-stm32.7-2018-q2-update.linux64_1.5.0.202011040924/tools/bin/../lib/gcc/arm-none-eabi/7.3.1/../../../../arm-none-eabi/lib/thumb/v7e-m/fpv5/hard/libc_nano.a(lib_a-exit.o)
                              /opt/st/stm32cubeide_1.5.0/plugins/com.st.stm32cube.ide.mcu.externaltools.gnu-tools-for-stm32.7-2018-q2-update.linux64_1.5.0.202011040924/tools/bin/../lib/gcc/arm-none-eabi/7.3.1/../../../../arm-none-eabi/lib/thumb/v7e-m/fpv5/hard/crt0.o (exit)
/opt/st/stm32cubeide_1.5.0/plugins/com.st.stm32cube.ide.mcu.externaltools.gnu-tools-for-stm32.7-2018-q2-update.linux64_1.5.0.202011040924/tools/bin/../lib/gcc/arm-none-eabi/7.3.1/../../../../arm-none-eabi/lib/thumb/v7e-m/fpv5/hard/libc_nano.a(lib_a-impure.o)
                              /opt/st/stm32cubeide_1.5.0/plugins/com.st.stm32cube.ide.mcu.externaltools.gnu-tools-for-stm32.7-2018-q2-update.linux64_1.5.0.202011040924/tools/bin/../lib/gcc/arm-none-eabi/7.3.1/../../../../arm-none-eabi/lib/thumb/v7e-m/fpv5/hard/libc_nano.a(lib_a-exit.o) (_global_impure_ptr)
/opt/st/stm32cubeide_1.5.0/plugins/com.st.stm32cube.ide.mcu.externaltools.gnu-tools-for-stm32.7-2018-q2-update.linux64_1.5.0.202011040924/tools/bin/../lib/gcc/arm-none-eabi/7.3.1/../../../../arm-none-eabi/lib/thumb/v7e-m/fpv5/hard/libc_nano.a(lib_a-init.o)
                              /opt/st/stm32cubeide_1.5.0/plugins/com.st.stm32cube.ide.mcu.externaltools.gnu-tools-for-stm32.7-2018-q2-update.linux64_1.5.0.202011040924/tools/bin/../lib/gcc/arm-none-eabi/7.3.1/../../../../arm-none-eabi/lib/thumb/v7e-m/fpv5/hard/crt0.o (__libc_init_array)
/opt/st/stm32cubeide_1.5.0/plugins/com.st.stm32cube.ide.mcu.externaltools.gnu-tools-for-stm32.7-2018-q2-update.linux64_1.5.0.202011040924/tools/bin/../lib/gcc/arm-none-eabi/7.3.1/../../../../arm-none-eabi/lib/thumb/v7e-m/fpv5/hard/libc_nano.a(lib_a-memcpy-stub.o)
                              Drivers/STM32H7xx_HAL_Driver/Src/stm32h7xx_hal_fdcan.o (memcpy)
/opt/st/stm32cubeide_1.5.0/plugins/com.st.stm32cube.ide.mcu.externaltools.gnu-tools-for-stm32.7-2018-q2-update.linux64_1.5.0.202011040924/tools/bin/../lib/gcc/arm-none-eabi/7.3.1/../../../../arm-none-eabi/lib/thumb/v7e-m/fpv5/hard/libc_nano.a(lib_a-memset.o)
                              /opt/st/stm32cubeide_1.5.0/plugins/com.st.stm32cube.ide.mcu.externaltools.gnu-tools-for-stm32.7-2018-q2-update.linux64_1.5.0.202011040924/tools/bin/../lib/gcc/arm-none-eabi/7.3.1/../../../../arm-none-eabi/lib/thumb/v7e-m/fpv5/hard/crt0.o (memset)
/opt/st/stm32cubeide_1.5.0/plugins/com.st.stm32cube.ide.mcu.externaltools.gnu-tools-for-stm32.7-2018-q2-update.linux64_1.5.0.202011040924/tools/bin/../lib/gcc/arm-none-eabi/7.3.1/thumb/v7e-m/fpv5/hard/libgcc.a(_aeabi_uldivmod.o)
                              Drivers/STM32H7xx_HAL_Driver/Src/stm32h7xx_hal_uart.o (__aeabi_uldivmod)
/opt/st/stm32cubeide_1.5.0/plugins/com.st.stm32cube.ide.mcu.externaltools.gnu-tools-for-stm32.7-2018-q2-update.linux64_1.5.0.202011040924/tools/bin/../lib/gcc/arm-none-eabi/7.3.1/thumb/v7e-m/fpv5/hard/libgcc.a(_udivmoddi4.o)
                              /opt/st/stm32cubeide_1.5.0/plugins/com.st.stm32cube.ide.mcu.externaltools.gnu-tools-for-stm32.7-2018-q2-update.linux64_1.5.0.202011040924/tools/bin/../lib/gcc/arm-none-eabi/7.3.1/thumb/v7e-m/fpv5/hard/libgcc.a(_aeabi_uldivmod.o) (__udivmoddi4)
/opt/st/stm32cubeide_1.5.0/plugins/com.st.stm32cube.ide.mcu.externaltools.gnu-tools-for-stm32.7-2018-q2-update.linux64_1.5.0.202011040924/tools/bin/../lib/gcc/arm-none-eabi/7.3.1/thumb/v7e-m/fpv5/hard/libgcc.a(_dvmd_tls.o)
                              /opt/st/stm32cubeide_1.5.0/plugins/com.st.stm32cube.ide.mcu.externaltools.gnu-tools-for-stm32.7-2018-q2-update.linux64_1.5.0.202011040924/tools/bin/../lib/gcc/arm-none-eabi/7.3.1/thumb/v7e-m/fpv5/hard/libgcc.a(_aeabi_uldivmod.o) (__aeabi_ldiv0)

Allocating common symbols
Common symbol       size              file

retSD               0x1               FATFS/App/fatfs.o
htim8               0x4c              Core/Src/main.o
hi2c2               0x4c              Core/Src/main.o
hfdcan3             0xa0              Core/Src/main.o
uwTick              0x4               Drivers/STM32H7xx_HAL_Driver/Src/stm32h7xx_hal.o
pFlash              0x1c              Drivers/STM32H7xx_HAL_Driver/Src/stm32h7xx_hal_flash.o
htim3               0x4c              Core/Src/main.o
hsd2                0x80              Core/Src/main.o
hdcmi               0x50              Core/Src/main.o
SDPath              0x4               FATFS/App/fatfs.o
huart4              0x8c              Core/Src/main.o
[...]
Memory Configuration

Name             Origin             Length             Attributes
DTCMRAM          0x0000000020000000 0x0000000000020000 xrw
ITCMRAM          0x0000000000000000 0x0000000000010000 xrw
RAM_D1           0x0000000024000000 0x0000000000050000 xrw
RAM_D2           0x0000000030000000 0x0000000000008000 xrw
RAM_D3           0x0000000038000000 0x0000000000004000 xrw
FLASH            0x0000000008000000 0x0000000000020000 xr
*default*        0x0000000000000000 0xffffffffffffffff

Linker script and memory map

LOAD /opt/st/stm32cubeide_1.5.0/plugins/com.st.stm32cube.ide.mcu.externaltools.gnu-tools-for-stm32.7-2018-q2-update.linux64_1.5.0.202011040924/tools/bin/../lib/gcc/arm-none-eabi/7.3.1/thumb/v7e-m/fpv5/hard/crti.o
LOAD /opt/st/stm32cubeide_1.5.0/plugins/com.st.stm32cube.ide.mcu.externaltools.gnu-tools-for-stm32.7-2018-q2-update.linux64_1.5.0.202011040924/tools/bin/../lib/gcc/arm-none-eabi/7.3.1/thumb/v7e-m/fpv5/hard/crtbegin.o
LOAD /opt/st/stm32cubeide_1.5.0/plugins/com.st.stm32cube.ide.mcu.externaltools.gnu-tools-for-stm32.7-2018-q2-update.linux64_1.5.0.202011040924/tools/bin/../lib/gcc/arm-none-eabi/7.3.1/../../../../arm-none-eabi/lib/thumb/v7e-m/fpv5/hard/crt0.o
LOAD Core/Src/main.o
LOAD Core/Src/stm32h7xx_hal_msp.o
LOAD Core/Src/stm32h7xx_it.o
LOAD Core/Src/syscalls.o
LOAD Core/Src/sysmem.o
LOAD Core/Src/system_stm32h7xx.o
LOAD Core/Startup/startup_stm32h730zbtx.o
LOAD Drivers/STM32H7xx_HAL_Driver/Src/stm32h7xx_hal.o
LOAD Drivers/STM32H7xx_HAL_Driver/Src/stm32h7xx_hal_cortex.o
LOAD Drivers/STM32H7xx_HAL_Driver/Src/stm32h7xx_hal_dcmi.o
LOAD Drivers/STM32H7xx_HAL_Driver/Src/stm32h7xx_hal_dma.o
LOAD Drivers/STM32H7xx_HAL_Driver/Src/stm32h7xx_hal_dma_ex.o
LOAD Drivers/STM32H7xx_HAL_Driver/Src/stm32h7xx_hal_exti.o
LOAD Drivers/STM32H7xx_HAL_Driver/Src/stm32h7xx_hal_fdcan.o
LOAD Drivers/STM32H7xx_HAL_Driver/Src/stm32h7xx_hal_flash.o
LOAD Drivers/STM32H7xx_HAL_Driver/Src/stm32h7xx_hal_flash_ex.o
LOAD Drivers/STM32H7xx_HAL_Driver/Src/stm32h7xx_hal_gpio.o
LOAD Drivers/STM32H7xx_HAL_Driver/Src/stm32h7xx_hal_hsem.o
LOAD Drivers/STM32H7xx_HAL_Driver/Src/stm32h7xx_hal_i2c.o
LOAD Drivers/STM32H7xx_HAL_Driver/Src/stm32h7xx_hal_i2c_ex.o
LOAD Drivers/STM32H7xx_HAL_Driver/Src/stm32h7xx_hal_mdma.o
LOAD Drivers/STM32H7xx_HAL_Driver/Src/stm32h7xx_hal_pwr.o
LOAD Drivers/STM32H7xx_HAL_Driver/Src/stm32h7xx_hal_pwr_ex.o
LOAD Drivers/STM32H7xx_HAL_Driver/Src/stm32h7xx_hal_rcc.o
LOAD Drivers/STM32H7xx_HAL_Driver/Src/stm32h7xx_hal_rcc_ex.o
LOAD Drivers/STM32H7xx_HAL_Driver/Src/stm32h7xx_hal_sd.o
LOAD Drivers/STM32H7xx_HAL_Driver/Src/stm32h7xx_hal_sd_ex.o
LOAD Drivers/STM32H7xx_HAL_Driver/Src/stm32h7xx_hal_sdram.o
LOAD Drivers/STM32H7xx_HAL_Driver/Src/stm32h7xx_hal_spi.o
LOAD Drivers/STM32H7xx_HAL_Driver/Src/stm32h7xx_hal_spi_ex.o
LOAD Drivers/STM32H7xx_HAL_Driver/Src/stm32h7xx_hal_tim.o
LOAD Drivers/STM32H7xx_HAL_Driver/Src/stm32h7xx_hal_tim_ex.o
LOAD Drivers/STM32H7xx_HAL_Driver/Src/stm32h7xx_hal_uart.o
LOAD Drivers/STM32H7xx_HAL_Driver/Src/stm32h7xx_hal_uart_ex.o
LOAD Drivers/STM32H7xx_HAL_Driver/Src/stm32h7xx_ll_delayblock.o
LOAD Drivers/STM32H7xx_HAL_Driver/Src/stm32h7xx_ll_fmc.o
LOAD Drivers/STM32H7xx_HAL_Driver/Src/stm32h7xx_ll_sdmmc.o
LOAD FATFS/App/fatfs.o
LOAD FATFS/Target/bsp_driver_sd.o
LOAD FATFS/Target/fatfs_platform.o
LOAD FATFS/Target/sd_diskio.o
LOAD Middlewares/Third_Party/FatFs/src/diskio.o
LOAD Middlewares/Third_Party/FatFs/src/ff.o
LOAD Middlewares/Third_Party/FatFs/src/ff_gen_drv.o
LOAD Middlewares/Third_Party/FatFs/src/option/syscall.o
START GROUP
LOAD /opt/st/stm32cubeide_1.5.0/plugins/com.st.stm32cube.ide.mcu.externaltools.gnu-tools-for-stm32.7-2018-q2-update.linux64_1.5.0.202011040924/tools/bin/../lib/gcc/arm-none-eabi/7.3.1/../../../../arm-none-eabi/lib/thumb/v7e-m/fpv5/hard/libc_nano.a
LOAD /opt/st/stm32cubeide_1.5.0/plugins/com.st.stm32cube.ide.mcu.externaltools.gnu-tools-for-stm32.7-2018-q2-update.linux64_1.5.0.202011040924/tools/bin/../lib/gcc/arm-none-eabi/7.3.1/../../../../arm-none-eabi/lib/thumb/v7e-m/fpv5/hard/libm.a
END GROUP
START GROUP
LOAD /opt/st/stm32cubeide_1.5.0/plugins/com.st.stm32cube.ide.mcu.externaltools.gnu-tools-for-stm32.7-2018-q2-update.linux64_1.5.0.202011040924/tools/bin/../lib/gcc/arm-none-eabi/7.3.1/thumb/v7e-m/fpv5/hard/libgcc.a
LOAD /opt/st/stm32cubeide_1.5.0/plugins/com.st.stm32cube.ide.mcu.externaltools.gnu-tools-for-stm32.7-2018-q2-update.linux64_1.5.0.202011040924/tools/bin/../lib/gcc/arm-none-eabi/7.3.1/../../../../arm-none-eabi/lib/thumb/v7e-m/fpv5/hard/libc_nano.a
END GROUP
START GROUP
LOAD /opt/st/stm32cubeide_1.5.0/plugins/com.st.stm32cube.ide.mcu.externaltools.gnu-tools-for-stm32.7-2018-q2-update.linux64_1.5.0.202011040924/tools/bin/../lib/gcc/arm-none-eabi/7.3.1/thumb/v7e-m/fpv5/hard/libgcc.a
LOAD /opt/st/stm32cubeide_1.5.0/plugins/com.st.stm32cube.ide.mcu.externaltools.gnu-tools-for-stm32.7-2018-q2-update.linux64_1.5.0.202011040924/tools/bin/../lib/gcc/arm-none-eabi/7.3.1/../../../../arm-none-eabi/lib/thumb/v7e-m/fpv5/hard/libc_nano.a
LOAD /opt/st/stm32cubeide_1.5.0/plugins/com.st.stm32cube.ide.mcu.externaltools.gnu-tools-for-stm32.7-2018-q2-update.linux64_1.5.0.202011040924/tools/bin/../lib/gcc/arm-none-eabi/7.3.1/../../../../arm-none-eabi/lib/thumb/v7e-m/fpv5/hard/libnosys.a
END GROUP
START GROUP
LOAD /opt/st/stm32cubeide_1.5.0/plugins/com.st.stm32cube.ide.mcu.externaltools.gnu-tools-for-stm32.7-2018-q2-update.linux64_1.5.0.202011040924/tools/bin/../lib/gcc/arm-none-eabi/7.3.1/thumb/v7e-m/fpv5/hard/libgcc.a
LOAD /opt/st/stm32cubeide_1.5.0/plugins/com.st.stm32cube.ide.mcu.externaltools.gnu-tools-for-stm32.7-2018-q2-update.linux64_1.5.0.202011040924/tools/bin/../lib/gcc/arm-none-eabi/7.3.1/../../../../arm-none-eabi/lib/thumb/v7e-m/fpv5/hard/libc_nano.a
LOAD /opt/st/stm32cubeide_1.5.0/plugins/com.st.stm32cube.ide.mcu.externaltools.gnu-tools-for-stm32.7-2018-q2-update.linux64_1.5.0.202011040924/tools/bin/../lib/gcc/arm-none-eabi/7.3.1/../../../../arm-none-eabi/lib/thumb/v7e-m/fpv5/hard/libnosys.a
END GROUP
LOAD /opt/st/stm32cubeide_1.5.0/plugins/com.st.stm32cube.ide.mcu.externaltools.gnu-tools-for-stm32.7-2018-q2-update.linux64_1.5.0.202011040924/tools/bin/../lib/gcc/arm-none-eabi/7.3.1/thumb/v7e-m/fpv5/hard/crtend.o
LOAD /opt/st/stm32cubeide_1.5.0/plugins/com.st.stm32cube.ide.mcu.externaltools.gnu-tools-for-stm32.7-2018-q2-update.linux64_1.5.0.202011040924/tools/bin/../lib/gcc/arm-none-eabi/7.3.1/thumb/v7e-m/fpv5/hard/crtn.o
                0x0000000024050000                _estack = (ORIGIN (RAM_D1) + LENGTH (RAM_D1))
                0x0000000000000200                _Min_Heap_Size = 0x200
                0x0000000000000400                _Min_Stack_Size = 0x400

.isr_vector     0x0000000008000000      0x2cc
                0x0000000008000000                . = ALIGN (0x4)
 *(.isr_vector)
 .isr_vector    0x0000000008000000      0x2cc Core/Startup/startup_stm32h730zbtx.o
                0x0000000008000000                g_pfnVectors
                0x00000000080002cc                . = ALIGN (0x4)

.text           0x00000000080002cc     0xaf00
                0x00000000080002cc                . = ALIGN (0x4)
 *(.text)
 .text          0x00000000080002cc       0x40 /opt/st/stm32cubeide_1.5.0/plugins/com.st.stm32cube.ide.mcu.externaltools.gnu-tools-for-stm32.7-2018-q2-update.linux64_1.5.0.202011040924/tools/bin/../lib/gcc/arm-none-eabi/7.3.1/thumb/v7e-m/fpv5/hard/crtbegin.o
 .text          0x000000000800030c       0x30 /opt/st/stm32cubeide_1.5.0/plugins/com.st.stm32cube.ide.mcu.externaltools.gnu-tools-for-stm32.7-2018-q2-update.linux64_1.5.0.202011040924/tools/bin/../lib/gcc/arm-none-eabi/7.3.1/thumb/v7e-m/fpv5/hard/libgcc.a(_aeabi_uldivmod.o)
                0x000000000800030c                __aeabi_uldivmod
 .text          0x000000000800033c      0x2cc /opt/st/stm32cubeide_1.5.0/plugins/com.st.stm32cube.ide.mcu.externaltools.gnu-tools-for-stm32.7-2018-q2-update.linux64_1.5.0.202011040924/tools/bin/../lib/gcc/arm-none-eabi/7.3.1/thumb/v7e-m/fpv5/hard/libgcc.a(_udivmoddi4.o)
                0x000000000800033c                __udivmoddi4
 .text          0x0000000008000608        0x4 /opt/st/stm32cubeide_1.5.0/plugins/com.st.stm32cube.ide.mcu.externaltools.gnu-tools-for-stm32.7-2018-q2-update.linux64_1.5.0.202011040924/tools/bin/../lib/gcc/arm-none-eabi/7.3.1/thumb/v7e-m/fpv5/hard/libgcc.a(_dvmd_tls.o)
                0x0000000008000608                __aeabi_ldiv0
                0x0000000008000608                __aeabi_idiv0
 *(.text*)
 .text.main     0x000000000800060c       0x6c Core/Src/main.o
                0x000000000800060c                main
 .text.SystemClock_Config
                0x0000000008000678      0x188 Core/Src/main.o
                0x0000000008000678                SystemClock_Config
 .text.MX_DCMI_Init
                0x0000000008000800       0x68 Core/Src/main.o
 .text.MX_FDCAN3_Init
                0x0000000008000868       0xc8 Core/Src/main.o
 .text.MX_I2C2_Init
                0x0000000008000930       0x80 Core/Src/main.o
 .text.MX_SDMMC2_SD_Init
                0x00000000080009b0       0x44 Core/Src/main.o
 .text.MX_SPI1_Init
                0x00000000080009f4       0xac Core/Src/main.o
 .text.MX_TIM2_Init
                0x0000000008000aa0       0xec Core/Src/main.o
 .text.MX_TIM3_Init
                0x0000000008000b8c      0x104 Core/Src/main.o
 .text.MX_TIM8_Init
                0x0000000008000c90       0xb4 Core/Src/main.o
 .text.MX_UART4_Init
                0x0000000008000d44       0x98 Core/Src/main.o
 .text.MX_FMC_Init
                0x0000000008000ddc       0x9c Core/Src/main.o
 .text.MX_GPIO_Init
                0x0000000008000e78      0x214 Core/Src/main.o
 .text.Error_Handler
                0x000000000800108c        0x8 Core/Src/main.o
                0x000000000800108c                Error_Handler
 .text.HAL_MspInit
                0x0000000008001094       0x34 Core/Src/stm32h7xx_hal_msp.o
                0x0000000008001094                HAL_MspInit
 .text.HAL_DCMI_MspInit
                0x00000000080010c8      0x1e8 Core/Src/stm32h7xx_hal_msp.o
                0x00000000080010c8                HAL_DCMI_MspInit
 .text.HAL_FDCAN_MspInit
                0x00000000080012b0       0x94 Core/Src/stm32h7xx_hal_msp.o
                0x00000000080012b0                HAL_FDCAN_MspInit
 .text.HAL_I2C_MspInit
                0x0000000008001344       0x94 Core/Src/stm32h7xx_hal_msp.o
                0x0000000008001344                HAL_I2C_MspInit
 .text.HAL_SD_MspInit
                0x00000000080013d8      0x160 Core/Src/stm32h7xx_hal_msp.o
                0x00000000080013d8                HAL_SD_MspInit
 .text.HAL_SPI_MspInit
                0x0000000008001538       0xe8 Core/Src/stm32h7xx_hal_msp.o
                0x0000000008001538                HAL_SPI_MspInit
 .text.HAL_TIM_Base_MspInit
                0x0000000008001620       0x70 Core/Src/stm32h7xx_hal_msp.o
                0x0000000008001620                HAL_TIM_Base_MspInit
 .text.HAL_TIM_Encoder_MspInit
                0x0000000008001690       0x94 Core/Src/stm32h7xx_hal_msp.o
                0x0000000008001690                HAL_TIM_Encoder_MspInit
 .text.HAL_TIM_MspPostInit
                0x0000000008001724      0x100 Core/Src/stm32h7xx_hal_msp.o
                0x0000000008001724                HAL_TIM_MspPostInit
 .text.HAL_UART_MspInit
                0x0000000008001824       0x94 Core/Src/stm32h7xx_hal_msp.o
                0x0000000008001824                HAL_UART_MspInit
 .text.HAL_FMC_MspInit
                0x00000000080018b8      0x128 Core/Src/stm32h7xx_hal_msp.o
 .text.HAL_SDRAM_MspInit
                0x00000000080019e0       0x14 Core/Src/stm32h7xx_hal_msp.o
                0x00000000080019e0                HAL_SDRAM_MspInit
 .text.NMI_Handler
                0x00000000080019f4        0x6 Core/Src/stm32h7xx_it.o
                0x00000000080019f4                NMI_Handler
 .text.HardFault_Handler
                0x00000000080019fa        0x6 Core/Src/stm32h7xx_it.o
                0x00000000080019fa                HardFault_Handler
 .text.MemManage_Handler
                0x0000000008001a00        0x6 Core/Src/stm32h7xx_it.o
                0x0000000008001a00                MemManage_Handler
 .text.BusFault_Handler
                0x0000000008001a06        0x6 Core/Src/stm32h7xx_it.o
                0x0000000008001a06                BusFault_Handler
 .text.UsageFault_Handler
                0x0000000008001a0c        0x6 Core/Src/stm32h7xx_it.o
                0x0000000008001a0c                UsageFault_Handler
 .text.SVC_Handler
                0x0000000008001a12        0xe Core/Src/stm32h7xx_it.o
                0x0000000008001a12                SVC_Handler
 .text.DebugMon_Handler
                0x0000000008001a20        0xe Core/Src/stm32h7xx_it.o
                0x0000000008001a20                DebugMon_Handler
 .text.PendSV_Handler
                0x0000000008001a2e        0xe Core/Src/stm32h7xx_it.o
                0x0000000008001a2e                PendSV_Handler
 .text.SysTick_Handler
                0x0000000008001a3c        0xc Core/Src/stm32h7xx_it.o
                0x0000000008001a3c                SysTick_Handler
 .text.SPI1_IRQHandler
                0x0000000008001a48       0x14 Core/Src/stm32h7xx_it.o
                0x0000000008001a48                SPI1_IRQHandler
 .text.SystemInit
                0x0000000008001a5c       0xf8 Core/Src/system_stm32h7xx.o
                0x0000000008001a5c                SystemInit
 .text.Reset_Handler
                0x0000000008001b54       0x50 Core/Startup/startup_stm32h730zbtx.o
                0x0000000008001b54                Reset_Handler
 .text.Default_Handler
                0x0000000008001ba4        0x2 Core/Startup/startup_stm32h730zbtx.o
                0x0000000008001ba4                RTC_Alarm_IRQHandler
                0x0000000008001ba4                HASH_RNG_IRQHandler
                0x0000000008001ba4                EXTI2_IRQHandler
                0x0000000008001ba4                TIM8_CC_IRQHandler
                0x0000000008001ba4                UART8_IRQHandler
                0x0000000008001ba4                SPI4_IRQHandler
                0x0000000008001ba4                FDCAN3_IT0_IRQHandler
                0x0000000008001ba4                TIM1_CC_IRQHandler
                0x0000000008001ba4                BDMA_Channel6_IRQHandler
                0x0000000008001ba4                DMA2_Stream5_IRQHandler
                0x0000000008001ba4                DMA1_Stream5_IRQHandler
                0x0000000008001ba4                CORDIC_IRQHandler
                0x0000000008001ba4                BDMA_Channel1_IRQHandler
                0x0000000008001ba4                TAMP_STAMP_IRQHandler
                0x0000000008001ba4                EXTI3_IRQHandler
                0x0000000008001ba4                LPTIM4_IRQHandler
                0x0000000008001ba4                TIM8_TRG_COM_TIM14_IRQHandler
                0x0000000008001ba4                LPTIM2_IRQHandler
                0x0000000008001ba4                DFSDM1_FLT1_IRQHandler
                0x0000000008001ba4                DMAMUX2_OVR_IRQHandler
                0x0000000008001ba4                TIM8_UP_TIM13_IRQHandler
                0x0000000008001ba4                I2C3_ER_IRQHandler
                0x0000000008001ba4                DFSDM1_FLT2_IRQHandler
                0x0000000008001ba4                I2C5_EV_IRQHandler
                0x0000000008001ba4                USART10_IRQHandler
                0x0000000008001ba4                MDMA_IRQHandler
                0x0000000008001ba4                LPTIM3_IRQHandler
                0x0000000008001ba4                HSEM1_IRQHandler
                0x0000000008001ba4                EXTI0_IRQHandler
                0x0000000008001ba4                I2C2_EV_IRQHandler
                0x0000000008001ba4                DMA1_Stream2_IRQHandler
                0x0000000008001ba4                FPU_IRQHandler
                0x0000000008001ba4                OTG_HS_WKUP_IRQHandler
                0x0000000008001ba4                FDCAN1_IT1_IRQHandler
                0x0000000008001ba4                LTDC_ER_IRQHandler
                0x0000000008001ba4                DMA2_Stream2_IRQHandler
                0x0000000008001ba4                OCTOSPI1_IRQHandler
                0x0000000008001ba4                TIM6_DAC_IRQHandler
                0x0000000008001ba4                DMA2_Stream3_IRQHandler
                0x0000000008001ba4                OCTOSPI2_IRQHandler
                0x0000000008001ba4                DFSDM1_FLT3_IRQHandler
                0x0000000008001ba4                TIM23_IRQHandler
                0x0000000008001ba4                USART6_IRQHandler
                0x0000000008001ba4                TIM17_IRQHandler
                0x0000000008001ba4                USART3_IRQHandler
                0x0000000008001ba4                BDMA_Channel7_IRQHandler
                0x0000000008001ba4                CRYP_IRQHandler
                0x0000000008001ba4                LPTIM5_IRQHandler
                0x0000000008001ba4                UART5_IRQHandler
                0x0000000008001ba4                ADC3_IRQHandler
                0x0000000008001ba4                DMA2_Stream0_IRQHandler
                0x0000000008001ba4                TIM4_IRQHandler
                0x0000000008001ba4                BDMA_Channel2_IRQHandler
                0x0000000008001ba4                I2C1_EV_IRQHandler
                0x0000000008001ba4                DMA1_Stream6_IRQHandler
                0x0000000008001ba4                DMAMUX1_OVR_IRQHandler
                0x0000000008001ba4                DMA1_Stream1_IRQHandler
                0x0000000008001ba4                TIM16_IRQHandler
                0x0000000008001ba4                UART4_IRQHandler
                0x0000000008001ba4                BDMA_Channel5_IRQHandler
                0x0000000008001ba4                TIM3_IRQHandler
                0x0000000008001ba4                RCC_IRQHandler
                0x0000000008001ba4                UART9_IRQHandler
                0x0000000008001ba4                TIM8_BRK_TIM12_IRQHandler
                0x0000000008001ba4                TIM1_TRG_COM_IRQHandler
                0x0000000008001ba4                Default_Handler
                0x0000000008001ba4                ECC_IRQHandler
                0x0000000008001ba4                FMAC_IRQHandler
                0x0000000008001ba4                CEC_IRQHandler
                0x0000000008001ba4                EXTI15_10_IRQHandler
                0x0000000008001ba4                BDMA_Channel0_IRQHandler
                0x0000000008001ba4                ADC_IRQHandler
                0x0000000008001ba4                I2C5_ER_IRQHandler
                0x0000000008001ba4                OTFDEC1_IRQHandler
                0x0000000008001ba4                DMA1_Stream7_IRQHandler
                0x0000000008001ba4                SPI5_IRQHandler
                0x0000000008001ba4                TIM7_IRQHandler
                0x0000000008001ba4                FDCAN3_IT1_IRQHandler
                0x0000000008001ba4                SDMMC1_IRQHandler
                0x0000000008001ba4                TIM5_IRQHandler
                0x0000000008001ba4                DMA2_Stream7_IRQHandler
                0x0000000008001ba4                TIM15_IRQHandler
                0x0000000008001ba4                PVD_AVD_IRQHandler
                0x0000000008001ba4                I2C3_EV_IRQHandler
                0x0000000008001ba4                EXTI9_5_IRQHandler
                0x0000000008001ba4                RTC_WKUP_IRQHandler
                0x0000000008001ba4                LTDC_IRQHandler
                0x0000000008001ba4                ETH_WKUP_IRQHandler
                0x0000000008001ba4                SPDIF_RX_IRQHandler
                0x0000000008001ba4                SPI2_IRQHandler
                0x0000000008001ba4                OTG_HS_EP1_IN_IRQHandler
                0x0000000008001ba4                DMA1_Stream0_IRQHandler
                0x0000000008001ba4                OTFDEC2_IRQHandler
                0x0000000008001ba4                TIM24_IRQHandler
                0x0000000008001ba4                CRS_IRQHandler
                0x0000000008001ba4                EXTI4_IRQHandler
                0x0000000008001ba4                FDCAN2_IT1_IRQHandler
                0x0000000008001ba4                ETH_IRQHandler
                0x0000000008001ba4                TIM1_UP_IRQHandler
                0x0000000008001ba4                BDMA_Channel4_IRQHandler
                0x0000000008001ba4                OTG_HS_EP1_OUT_IRQHandler
                0x0000000008001ba4                WWDG_IRQHandler
                0x0000000008001ba4                SPI6_IRQHandler
                0x0000000008001ba4                MDIOS_IRQHandler
                0x0000000008001ba4                I2C4_EV_IRQHandler
                0x0000000008001ba4                FDCAN2_IT0_IRQHandler
                0x0000000008001ba4                LPUART1_IRQHandler
                0x0000000008001ba4                FDCAN1_IT0_IRQHandler
                0x0000000008001ba4                TIM2_IRQHandler
                0x0000000008001ba4                OTG_HS_IRQHandler
                0x0000000008001ba4                DMA2D_IRQHandler
                0x0000000008001ba4                TIM1_BRK_IRQHandler
                0x0000000008001ba4                EXTI1_IRQHandler
                0x0000000008001ba4                SDMMC2_IRQHandler
                0x0000000008001ba4                BDMA_Channel3_IRQHandler
                0x0000000008001ba4                DTS_IRQHandler
                0x0000000008001ba4                UART7_IRQHandler
                0x0000000008001ba4                MDIOS_WKUP_IRQHandler
                0x0000000008001ba4                USART2_IRQHandler
                0x0000000008001ba4                DFSDM1_FLT0_IRQHandler
                0x0000000008001ba4                SAI4_IRQHandler
                0x0000000008001ba4                I2C2_ER_IRQHandler
                0x0000000008001ba4                DMA2_Stream1_IRQHandler
                0x0000000008001ba4                FLASH_IRQHandler
                0x0000000008001ba4                DMA2_Stream4_IRQHandler
                0x0000000008001ba4                USART1_IRQHandler
                0x0000000008001ba4                SPI3_IRQHandler
                0x0000000008001ba4                WAKEUP_PIN_IRQHandler
                0x0000000008001ba4                DMA1_Stream4_IRQHandler
                0x0000000008001ba4                I2C1_ER_IRQHandler
                0x0000000008001ba4                FMC_IRQHandler
                0x0000000008001ba4                FDCAN_CAL_IRQHandler
                0x0000000008001ba4                SWPMI1_IRQHandler
                0x0000000008001ba4                COMP1_IRQHandler
                0x0000000008001ba4                LPTIM1_IRQHandler
                0x0000000008001ba4                DCMI_PSSI_IRQHandler
                0x0000000008001ba4                I2C4_ER_IRQHandler
                0x0000000008001ba4                DMA2_Stream6_IRQHandler
                0x0000000008001ba4                SAI1_IRQHandler
                0x0000000008001ba4                DMA1_Stream3_IRQHandler
 *fill*         0x0000000008001ba6        0x2 
 .text.HAL_Init
                0x0000000008001ba8       0x78 Drivers/STM32H7xx_HAL_Driver/Src/stm32h7xx_hal.o
                0x0000000008001ba8                HAL_Init
 .text.HAL_InitTick
                0x0000000008001c20       0x6c Drivers/STM32H7xx_HAL_Driver/Src/stm32h7xx_hal.o
                0x0000000008001c20                HAL_InitTick
 .text.HAL_IncTick
                0x0000000008001c8c       0x28 Drivers/STM32H7xx_HAL_Driver/Src/stm32h7xx_hal.o
                0x0000000008001c8c                HAL_IncTick
 .text.HAL_GetTick
                0x0000000008001cb4       0x18 Drivers/STM32H7xx_HAL_Driver/Src/stm32h7xx_hal.o
                0x0000000008001cb4                HAL_GetTick
 .text.HAL_Delay
                0x0000000008001ccc       0x44 Drivers/STM32H7xx_HAL_Driver/Src/stm32h7xx_hal.o
                0x0000000008001ccc                HAL_Delay
 .text.__NVIC_SetPriorityGrouping
                0x0000000008001d10       0x48 Drivers/STM32H7xx_HAL_Driver/Src/stm32h7xx_hal_cortex.o
 .text.__NVIC_GetPriorityGrouping
                0x0000000008001d58       0x1c Drivers/STM32H7xx_HAL_Driver/Src/stm32h7xx_hal_cortex.o
 .text.__NVIC_EnableIRQ
                0x0000000008001d74       0x3c Drivers/STM32H7xx_HAL_Driver/Src/stm32h7xx_hal_cortex.o
 .text.__NVIC_SetPriority
                0x0000000008001db0       0x54 Drivers/STM32H7xx_HAL_Driver/Src/stm32h7xx_hal_cortex.o
 .text.NVIC_EncodePriority
                0x0000000008001e04       0x66 Drivers/STM32H7xx_HAL_Driver/Src/stm32h7xx_hal_cortex.o
 *fill*         0x0000000008001e6a        0x2 
 .text.SysTick_Config
                0x0000000008001e6c       0x44 Drivers/STM32H7xx_HAL_Driver/Src/stm32h7xx_hal_cortex.o
 .text.HAL_NVIC_SetPriorityGrouping
                0x0000000008001eb0       0x16 Drivers/STM32H7xx_HAL_Driver/Src/stm32h7xx_hal_cortex.o
                0x0000000008001eb0                HAL_NVIC_SetPriorityGrouping
 .text.HAL_NVIC_SetPriority
                0x0000000008001ec6       0x34 Drivers/STM32H7xx_HAL_Driver/Src/stm32h7xx_hal_cortex.o
                0x0000000008001ec6                HAL_NVIC_SetPriority
 .text.HAL_NVIC_EnableIRQ
                0x0000000008001efa       0x1c Drivers/STM32H7xx_HAL_Driver/Src/stm32h7xx_hal_cortex.o
                0x0000000008001efa                HAL_NVIC_EnableIRQ
 .text.HAL_SYSTICK_Config
                0x0000000008001f16       0x18 Drivers/STM32H7xx_HAL_Driver/Src/stm32h7xx_hal_cortex.o
                0x0000000008001f16                HAL_SYSTICK_Config
 *fill*         0x0000000008001f2e        0x2 
 .text.HAL_DCMI_Init
                0x0000000008001f30       0xf4 Drivers/STM32H7xx_HAL_Driver/Src/stm32h7xx_hal_dcmi.o
                0x0000000008001f30                HAL_DCMI_Init
 .text.HAL_DMA_Abort_IT
                0x0000000008002024      0x488 Drivers/STM32H7xx_HAL_Driver/Src/stm32h7xx_hal_dma.o
                0x0000000008002024                HAL_DMA_Abort_IT
 .text.HAL_FDCAN_Init
                0x00000000080024ac      0x3c4 Drivers/STM32H7xx_HAL_Driver/Src/stm32h7xx_hal_fdcan.o
                0x00000000080024ac                HAL_FDCAN_Init
 .text.FDCAN_CalcultateRamBlockAddresses
                0x0000000008002870      0x30c Drivers/STM32H7xx_HAL_Driver/Src/stm32h7xx_hal_fdcan.o
 .text.HAL_GPIO_Init
                0x0000000008002b7c      0x350 Drivers/STM32H7xx_HAL_Driver/Src/stm32h7xx_hal_gpio.o
                0x0000000008002b7c                HAL_GPIO_Init
 .text.HAL_GPIO_ReadPin
                0x0000000008002ecc       0x30 Drivers/STM32H7xx_HAL_Driver/Src/stm32h7xx_hal_gpio.o
                0x0000000008002ecc                HAL_GPIO_ReadPin
 .text.HAL_GPIO_WritePin
                0x0000000008002efc       0x32 Drivers/STM32H7xx_HAL_Driver/Src/stm32h7xx_hal_gpio.o
                0x0000000008002efc                HAL_GPIO_WritePin
 .text.HAL_GPIO_TogglePin
                0x0000000008002f2e       0x36 Drivers/STM32H7xx_HAL_Driver/Src/stm32h7xx_hal_gpio.o
                0x0000000008002f2e                HAL_GPIO_TogglePin
 .text.HAL_I2C_Init
                0x0000000008002f64      0x120 Drivers/STM32H7xx_HAL_Driver/Src/stm32h7xx_hal_i2c.o
                0x0000000008002f64                HAL_I2C_Init
 .text.HAL_I2CEx_ConfigAnalogFilter
                0x0000000008003084       0x96 Drivers/STM32H7xx_HAL_Driver/Src/stm32h7xx_hal_i2c_ex.o
                0x0000000008003084                HAL_I2CEx_ConfigAnalogFilter
 .text.HAL_I2CEx_ConfigDigitalFilter
                0x000000000800311a       0x98 Drivers/STM32H7xx_HAL_Driver/Src/stm32h7xx_hal_i2c_ex.o
                0x000000000800311a                HAL_I2CEx_ConfigDigitalFilter
 *fill*         0x00000000080031b2        0x2 
 .text.HAL_PWREx_ConfigSupply
                0x00000000080031b4       0x74 Drivers/STM32H7xx_HAL_Driver/Src/stm32h7xx_hal_pwr_ex.o
                0x00000000080031b4                HAL_PWREx_ConfigSupply
 .text.HAL_RCC_OscConfig
                0x0000000008003228      0x71c Drivers/STM32H7xx_HAL_Driver/Src/stm32h7xx_hal_rcc.o
                0x0000000008003228                HAL_RCC_OscConfig
 .text.HAL_RCC_ClockConfig
                0x0000000008003944      0x36c Drivers/STM32H7xx_HAL_Driver/Src/stm32h7xx_hal_rcc.o
                0x0000000008003944                HAL_RCC_ClockConfig
 .text.HAL_RCC_MCOConfig
                0x0000000008003cb0       0xd4 Drivers/STM32H7xx_HAL_Driver/Src/stm32h7xx_hal_rcc.o
                0x0000000008003cb0                HAL_RCC_MCOConfig
 .text.HAL_RCC_GetSysClockFreq
                0x0000000008003d84      0x2e4 Drivers/STM32H7xx_HAL_Driver/Src/stm32h7xx_hal_rcc.o
                0x0000000008003d84                HAL_RCC_GetSysClockFreq
 .text.HAL_RCC_GetHCLKFreq
                0x0000000008004068       0x60 Drivers/STM32H7xx_HAL_Driver/Src/stm32h7xx_hal_rcc.o
                0x0000000008004068                HAL_RCC_GetHCLKFreq
 .text.HAL_RCC_GetPCLK1Freq
                0x00000000080040c8       0x2c Drivers/STM32H7xx_HAL_Driver/Src/stm32h7xx_hal_rcc.o
                0x00000000080040c8                HAL_RCC_GetPCLK1Freq
 .text.HAL_RCC_GetPCLK2Freq
                0x00000000080040f4       0x2c Drivers/STM32H7xx_HAL_Driver/Src/stm32h7xx_hal_rcc.o
                0x00000000080040f4                HAL_RCC_GetPCLK2Freq
 .text.HAL_RCCEx_PeriphCLKConfig
                0x0000000008004120      0xd48 Drivers/STM32H7xx_HAL_Driver/Src/stm32h7xx_hal_rcc_ex.o
                0x0000000008004120                HAL_RCCEx_PeriphCLKConfig
 .text.HAL_RCCEx_GetPeriphCLKFreq
                0x0000000008004e68      0x448 Drivers/STM32H7xx_HAL_Driver/Src/stm32h7xx_hal_rcc_ex.o
                0x0000000008004e68                HAL_RCCEx_GetPeriphCLKFreq
 .text.HAL_RCCEx_GetD3PCLK1Freq
                0x00000000080052b0       0x2c Drivers/STM32H7xx_HAL_Driver/Src/stm32h7xx_hal_rcc_ex.o
                0x00000000080052b0                HAL_RCCEx_GetD3PCLK1Freq
 .text.HAL_RCCEx_GetPLL2ClockFreq
                0x00000000080052dc      0x298 Drivers/STM32H7xx_HAL_Driver/Src/stm32h7xx_hal_rcc_ex.o
                0x00000000080052dc                HAL_RCCEx_GetPLL2ClockFreq
 .text.HAL_RCCEx_GetPLL3ClockFreq
                0x0000000008005574      0x298 Drivers/STM32H7xx_HAL_Driver/Src/stm32h7xx_hal_rcc_ex.o
                0x0000000008005574                HAL_RCCEx_GetPLL3ClockFreq
 .text.HAL_RCCEx_GetPLL1ClockFreq
                0x000000000800580c      0x298 Drivers/STM32H7xx_HAL_Driver/Src/stm32h7xx_hal_rcc_ex.o
                0x000000000800580c                HAL_RCCEx_GetPLL1ClockFreq
 .text.RCCEx_PLL2_Config
                0x0000000008005aa4      0x164 Drivers/STM32H7xx_HAL_Driver/Src/stm32h7xx_hal_rcc_ex.o
 .text.RCCEx_PLL3_Config
                0x0000000008005c08      0x164 Drivers/STM32H7xx_HAL_Driver/Src/stm32h7xx_hal_rcc_ex.o
 .text.HAL_SD_Init
                0x0000000008005d6c      0x114 Drivers/STM32H7xx_HAL_Driver/Src/stm32h7xx_hal_sd.o
                0x0000000008005d6c                HAL_SD_Init
 .text.HAL_SD_InitCard
                0x0000000008005e80      0x134 Drivers/STM32H7xx_HAL_Driver/Src/stm32h7xx_hal_sd.o
                0x0000000008005e80                HAL_SD_InitCard
 .text.HAL_SD_ReadBlocks
                0x0000000008005fb4      0x314 Drivers/STM32H7xx_HAL_Driver/Src/stm32h7xx_hal_sd.o
                0x0000000008005fb4                HAL_SD_ReadBlocks
 .text.HAL_SD_WriteBlocks
                0x00000000080062c8      0x31c Drivers/STM32H7xx_HAL_Driver/Src/stm32h7xx_hal_sd.o
                0x00000000080062c8                HAL_SD_WriteBlocks
 .text.HAL_SD_DriveTransceiver_1_8V_Callback
                0x00000000080065e4       0x16 Drivers/STM32H7xx_HAL_Driver/Src/stm32h7xx_hal_sd.o
                0x00000000080065e4                HAL_SD_DriveTransceiver_1_8V_Callback
 *fill*         0x00000000080065fa        0x2 
 .text.HAL_SD_GetCardCSD
                0x00000000080065fc      0x348 Drivers/STM32H7xx_HAL_Driver/Src/stm32h7xx_hal_sd.o
                0x00000000080065fc                HAL_SD_GetCardCSD
 .text.HAL_SD_GetCardStatus
                0x0000000008006944      0x16c Drivers/STM32H7xx_HAL_Driver/Src/stm32h7xx_hal_sd.o
                0x0000000008006944                HAL_SD_GetCardStatus
 .text.HAL_SD_GetCardInfo
                0x0000000008006ab0       0x58 Drivers/STM32H7xx_HAL_Driver/Src/stm32h7xx_hal_sd.o
                0x0000000008006ab0                HAL_SD_GetCardInfo
 .text.HAL_SD_ConfigWideBusOperation
                0x0000000008006b08      0x154 Drivers/STM32H7xx_HAL_Driver/Src/stm32h7xx_hal_sd.o
                0x0000000008006b08                HAL_SD_ConfigWideBusOperation
 .text.HAL_SD_GetCardState
                0x0000000008006c5c       0x40 Drivers/STM32H7xx_HAL_Driver/Src/stm32h7xx_hal_sd.o
                0x0000000008006c5c                HAL_SD_GetCardState
 .text.SD_InitCard
                0x0000000008006c9c      0x17c Drivers/STM32H7xx_HAL_Driver/Src/stm32h7xx_hal_sd.o
 .text.SD_PowerON
                0x0000000008006e18      0x210 Drivers/STM32H7xx_HAL_Driver/Src/stm32h7xx_hal_sd.o
 .text.SD_SendSDStatus
                0x0000000008007028      0x1a0 Drivers/STM32H7xx_HAL_Driver/Src/stm32h7xx_hal_sd.o
 .text.SD_SendStatus
                0x00000000080071c8       0x50 Drivers/STM32H7xx_HAL_Driver/Src/stm32h7xx_hal_sd.o
 .text.SD_WideBus_Enable
                0x0000000008007218       0x96 Drivers/STM32H7xx_HAL_Driver/Src/stm32h7xx_hal_sd.o
 .text.SD_WideBus_Disable
                0x00000000080072ae       0x96 Drivers/STM32H7xx_HAL_Driver/Src/stm32h7xx_hal_sd.o
 .text.SD_FindSCR
                0x0000000008007344      0x1a0 Drivers/STM32H7xx_HAL_Driver/Src/stm32h7xx_hal_sd.o
 .text.HAL_SDRAM_Init
                0x00000000080074e4       0x78 Drivers/STM32H7xx_HAL_Driver/Src/stm32h7xx_hal_sdram.o
                0x00000000080074e4                HAL_SDRAM_Init
 .text.HAL_SPI_Init
                0x000000000800755c      0x1f0 Drivers/STM32H7xx_HAL_Driver/Src/stm32h7xx_hal_spi.o
                0x000000000800755c                HAL_SPI_Init
 .text.HAL_SPI_IRQHandler
                0x000000000800774c      0x3c4 Drivers/STM32H7xx_HAL_Driver/Src/stm32h7xx_hal_spi.o
                0x000000000800774c                HAL_SPI_IRQHandler
 .text.HAL_SPI_TxCpltCallback
                0x0000000008007b10       0x14 Drivers/STM32H7xx_HAL_Driver/Src/stm32h7xx_hal_spi.o
                0x0000000008007b10                HAL_SPI_TxCpltCallback
 .text.HAL_SPI_RxCpltCallback
                0x0000000008007b24       0x14 Drivers/STM32H7xx_HAL_Driver/Src/stm32h7xx_hal_spi.o
                0x0000000008007b24                HAL_SPI_RxCpltCallback
 .text.HAL_SPI_TxRxCpltCallback
                0x0000000008007b38       0x14 Drivers/STM32H7xx_HAL_Driver/Src/stm32h7xx_hal_spi.o
                0x0000000008007b38                HAL_SPI_TxRxCpltCallback
 .text.HAL_SPI_ErrorCallback
                0x0000000008007b4c       0x14 Drivers/STM32H7xx_HAL_Driver/Src/stm32h7xx_hal_spi.o
                0x0000000008007b4c                HAL_SPI_ErrorCallback
 .text.SPI_DMAAbortOnError
                0x0000000008007b60       0x34 Drivers/STM32H7xx_HAL_Driver/Src/stm32h7xx_hal_spi.o
 .text.SPI_CloseTransfer
                0x0000000008007b94      0x140 Drivers/STM32H7xx_HAL_Driver/Src/stm32h7xx_hal_spi.o
 .text.SPI_GetPacketSize
                0x0000000008007cd4       0x36 Drivers/STM32H7xx_HAL_Driver/Src/stm32h7xx_hal_spi.o
 .text.HAL_TIM_Base_Init
                0x0000000008007d0a       0xae Drivers/STM32H7xx_HAL_Driver/Src/stm32h7xx_hal_tim.o
                0x0000000008007d0a                HAL_TIM_Base_Init
 .text.HAL_TIM_PWM_Init
                0x0000000008007db8       0xae Drivers/STM32H7xx_HAL_Driver/Src/stm32h7xx_hal_tim.o
                0x0000000008007db8                HAL_TIM_PWM_Init
 .text.HAL_TIM_PWM_MspInit
                0x0000000008007e66       0x14 Drivers/STM32H7xx_HAL_Driver/Src/stm32h7xx_hal_tim.o
                0x0000000008007e66                HAL_TIM_PWM_MspInit
 *fill*         0x0000000008007e7a        0x2 
 .text.HAL_TIM_Encoder_Init
                0x0000000008007e7c      0x14c Drivers/STM32H7xx_HAL_Driver/Src/stm32h7xx_hal_tim.o
                0x0000000008007e7c                HAL_TIM_Encoder_Init
 .text.HAL_TIM_PWM_ConfigChannel
                0x0000000008007fc8      0x220 Drivers/STM32H7xx_HAL_Driver/Src/stm32h7xx_hal_tim.o
                0x0000000008007fc8                HAL_TIM_PWM_ConfigChannel
 .text.HAL_TIM_ConfigClockSource
                0x00000000080081e8      0x1a0 Drivers/STM32H7xx_HAL_Driver/Src/stm32h7xx_hal_tim.o
                0x00000000080081e8                HAL_TIM_ConfigClockSource
 .text.TIM_Base_SetConfig
                0x0000000008008388      0x14c Drivers/STM32H7xx_HAL_Driver/Src/stm32h7xx_hal_tim.o
                0x0000000008008388                TIM_Base_SetConfig
 .text.TIM_OC1_SetConfig
                0x00000000080084d4      0x120 Drivers/STM32H7xx_HAL_Driver/Src/stm32h7xx_hal_tim.o
 .text.TIM_OC2_SetConfig
                0x00000000080085f4      0x114 Drivers/STM32H7xx_HAL_Driver/Src/stm32h7xx_hal_tim.o
                0x00000000080085f4                TIM_OC2_SetConfig
 .text.TIM_OC3_SetConfig
                0x0000000008008708      0x10c Drivers/STM32H7xx_HAL_Driver/Src/stm32h7xx_hal_tim.o
 .text.TIM_OC4_SetConfig
                0x0000000008008814       0xd0 Drivers/STM32H7xx_HAL_Driver/Src/stm32h7xx_hal_tim.o
 .text.TIM_OC5_SetConfig
                0x00000000080088e4       0xc4 Drivers/STM32H7xx_HAL_Driver/Src/stm32h7xx_hal_tim.o
 .text.TIM_OC6_SetConfig
                0x00000000080089a8       0xc8 Drivers/STM32H7xx_HAL_Driver/Src/stm32h7xx_hal_tim.o
 .text.TIM_TI1_ConfigInputStage
                0x0000000008008a70       0x5e Drivers/STM32H7xx_HAL_Driver/Src/stm32h7xx_hal_tim.o
 .text.TIM_TI2_ConfigInputStage
                0x0000000008008ace       0x60 Drivers/STM32H7xx_HAL_Driver/Src/stm32h7xx_hal_tim.o
 *fill*         0x0000000008008b2e        0x2 
 .text.TIM_ITRx_SetConfig
                0x0000000008008b30       0x3c Drivers/STM32H7xx_HAL_Driver/Src/stm32h7xx_hal_tim.o
 .text.TIM_ETR_SetConfig
                0x0000000008008b6c       0x40 Drivers/STM32H7xx_HAL_Driver/Src/stm32h7xx_hal_tim.o
                0x0000000008008b6c                TIM_ETR_SetConfig
 .text.HAL_TIMEx_MasterConfigSynchronization
                0x0000000008008bac      0x138 Drivers/STM32H7xx_HAL_Driver/Src/stm32h7xx_hal_tim_ex.o
                0x0000000008008bac                HAL_TIMEx_MasterConfigSynchronization
 .text.HAL_UART_Init
                0x0000000008008ce4       0xa0 Drivers/STM32H7xx_HAL_Driver/Src/stm32h7xx_hal_uart.o
                0x0000000008008ce4                HAL_UART_Init
 .text.UART_SetConfig
                0x0000000008008d84      0xd58 Drivers/STM32H7xx_HAL_Driver/Src/stm32h7xx_hal_uart.o
                0x0000000008008d84                UART_SetConfig
 .text.UART_AdvFeatureConfig
                0x0000000008009adc      0x144 Drivers/STM32H7xx_HAL_Driver/Src/stm32h7xx_hal_uart.o
                0x0000000008009adc                UART_AdvFeatureConfig
 .text.UART_CheckIdleState
                0x0000000008009c20       0x90 Drivers/STM32H7xx_HAL_Driver/Src/stm32h7xx_hal_uart.o
                0x0000000008009c20                UART_CheckIdleState
 .text.UART_WaitOnFlagUntilTimeout
                0x0000000008009cb0      0x100 Drivers/STM32H7xx_HAL_Driver/Src/stm32h7xx_hal_uart.o
                0x0000000008009cb0                UART_WaitOnFlagUntilTimeout
 .text.HAL_UARTEx_DisableFifoMode
                0x0000000008009db0       0x72 Drivers/STM32H7xx_HAL_Driver/Src/stm32h7xx_hal_uart_ex.o
                0x0000000008009db0                HAL_UARTEx_DisableFifoMode
 .text.HAL_UARTEx_SetTxFifoThreshold
                0x0000000008009e22       0x7c Drivers/STM32H7xx_HAL_Driver/Src/stm32h7xx_hal_uart_ex.o
                0x0000000008009e22                HAL_UARTEx_SetTxFifoThreshold
 .text.HAL_UARTEx_SetRxFifoThreshold
                0x0000000008009e9e       0x7c Drivers/STM32H7xx_HAL_Driver/Src/stm32h7xx_hal_uart_ex.o
                0x0000000008009e9e                HAL_UARTEx_SetRxFifoThreshold
 *fill*         0x0000000008009f1a        0x2 
 .text.UARTEx_SetNbDataToProcess
                0x0000000008009f1c       0xd0 Drivers/STM32H7xx_HAL_Driver/Src/stm32h7xx_hal_uart_ex.o
 .text.FMC_SDRAM_Init
                0x0000000008009fec       0xb8 Drivers/STM32H7xx_HAL_Driver/Src/stm32h7xx_ll_fmc.o
                0x0000000008009fec                FMC_SDRAM_Init
 .text.FMC_SDRAM_Timing_Init
                0x000000000800a0a4       0xd4 Drivers/STM32H7xx_HAL_Driver/Src/stm32h7xx_ll_fmc.o
                0x000000000800a0a4                FMC_SDRAM_Timing_Init
 .text.SDMMC_Init
                0x000000000800a178       0x54 Drivers/STM32H7xx_HAL_Driver/Src/stm32h7xx_ll_sdmmc.o
                0x000000000800a178                SDMMC_Init
 .text.SDMMC_ReadFIFO
                0x000000000800a1cc       0x1a Drivers/STM32H7xx_HAL_Driver/Src/stm32h7xx_ll_sdmmc.o
                0x000000000800a1cc                SDMMC_ReadFIFO
 .text.SDMMC_WriteFIFO
                0x000000000800a1e6       0x22 Drivers/STM32H7xx_HAL_Driver/Src/stm32h7xx_ll_sdmmc.o
                0x000000000800a1e6                SDMMC_WriteFIFO
 .text.SDMMC_PowerState_ON
                0x000000000800a208       0x22 Drivers/STM32H7xx_HAL_Driver/Src/stm32h7xx_ll_sdmmc.o
                0x000000000800a208                SDMMC_PowerState_ON
 .text.SDMMC_GetPowerState
                0x000000000800a22a       0x1c Drivers/STM32H7xx_HAL_Driver/Src/stm32h7xx_ll_sdmmc.o
                0x000000000800a22a                SDMMC_GetPowerState
 *fill*         0x000000000800a246        0x2 
 .text.SDMMC_SendCommand
                0x000000000800a248       0x54 Drivers/STM32H7xx_HAL_Driver/Src/stm32h7xx_ll_sdmmc.o
                0x000000000800a248                SDMMC_SendCommand
 .text.SDMMC_GetCommandResponse
                0x000000000800a29c       0x1a Drivers/STM32H7xx_HAL_Driver/Src/stm32h7xx_ll_sdmmc.o
                0x000000000800a29c                SDMMC_GetCommandResponse
 .text.SDMMC_GetResponse
                0x000000000800a2b6       0x26 Drivers/STM32H7xx_HAL_Driver/Src/stm32h7xx_ll_sdmmc.o
                0x000000000800a2b6                SDMMC_GetResponse
 .text.SDMMC_ConfigData
                0x000000000800a2dc       0x58 Drivers/STM32H7xx_HAL_Driver/Src/stm32h7xx_ll_sdmmc.o
                0x000000000800a2dc                SDMMC_ConfigData
 .text.SDMMC_CmdBlockLength
                0x000000000800a334       0x46 Drivers/STM32H7xx_HAL_Driver/Src/stm32h7xx_ll_sdmmc.o
                0x000000000800a334                SDMMC_CmdBlockLength
 .text.SDMMC_CmdReadSingleBlock
                0x000000000800a37a       0x46 Drivers/STM32H7xx_HAL_Driver/Src/stm32h7xx_ll_sdmmc.o
                0x000000000800a37a                SDMMC_CmdReadSingleBlock
 .text.SDMMC_CmdReadMultiBlock
                0x000000000800a3c0       0x46 Drivers/STM32H7xx_HAL_Driver/Src/stm32h7xx_ll_sdmmc.o
                0x000000000800a3c0                SDMMC_CmdReadMultiBlock
 .text.SDMMC_CmdWriteSingleBlock
                0x000000000800a406       0x46 Drivers/STM32H7xx_HAL_Driver/Src/stm32h7xx_ll_sdmmc.o
                0x000000000800a406                SDMMC_CmdWriteSingleBlock
 .text.SDMMC_CmdWriteMultiBlock
                0x000000000800a44c       0x46 Drivers/STM32H7xx_HAL_Driver/Src/stm32h7xx_ll_sdmmc.o
                0x000000000800a44c                SDMMC_CmdWriteMultiBlock
 *fill*         0x000000000800a492        0x2 
 .text.SDMMC_CmdStopTransfer
                0x000000000800a494       0x78 Drivers/STM32H7xx_HAL_Driver/Src/stm32h7xx_ll_sdmmc.o
                0x000000000800a494                SDMMC_CmdStopTransfer
 .text.SDMMC_CmdSelDesel
                0x000000000800a50c       0x48 Drivers/STM32H7xx_HAL_Driver/Src/stm32h7xx_ll_sdmmc.o
                0x000000000800a50c                SDMMC_CmdSelDesel
 .text.SDMMC_CmdGoIdleState
                0x000000000800a554       0x3c Drivers/STM32H7xx_HAL_Driver/Src/stm32h7xx_ll_sdmmc.o
                0x000000000800a554                SDMMC_CmdGoIdleState
 .text.SDMMC_CmdOperCond
                0x000000000800a590       0x40 Drivers/STM32H7xx_HAL_Driver/Src/stm32h7xx_ll_sdmmc.o
                0x000000000800a590                SDMMC_CmdOperCond
 .text.SDMMC_CmdAppCommand
                0x000000000800a5d0       0x46 Drivers/STM32H7xx_HAL_Driver/Src/stm32h7xx_ll_sdmmc.o
                0x000000000800a5d0                SDMMC_CmdAppCommand
 .text.SDMMC_CmdAppOperCommand
                0x000000000800a616       0x40 Drivers/STM32H7xx_HAL_Driver/Src/stm32h7xx_ll_sdmmc.o
                0x000000000800a616                SDMMC_CmdAppOperCommand
 .text.SDMMC_CmdBusWidth
                0x000000000800a656       0x46 Drivers/STM32H7xx_HAL_Driver/Src/stm32h7xx_ll_sdmmc.o
                0x000000000800a656                SDMMC_CmdBusWidth
 .text.SDMMC_CmdSendSCR
                0x000000000800a69c       0x44 Drivers/STM32H7xx_HAL_Driver/Src/stm32h7xx_ll_sdmmc.o
                0x000000000800a69c                SDMMC_CmdSendSCR
 .text.SDMMC_CmdSendCID
                0x000000000800a6e0       0x3e Drivers/STM32H7xx_HAL_Driver/Src/stm32h7xx_ll_sdmmc.o
                0x000000000800a6e0                SDMMC_CmdSendCID
 .text.SDMMC_CmdSendCSD
                0x000000000800a71e       0x40 Drivers/STM32H7xx_HAL_Driver/Src/stm32h7xx_ll_sdmmc.o
                0x000000000800a71e                SDMMC_CmdSendCSD
 .text.SDMMC_CmdSetRelAdd
                0x000000000800a75e       0x44 Drivers/STM32H7xx_HAL_Driver/Src/stm32h7xx_ll_sdmmc.o
                0x000000000800a75e                SDMMC_CmdSetRelAdd
 .text.SDMMC_CmdSendStatus
                0x000000000800a7a2       0x46 Drivers/STM32H7xx_HAL_Driver/Src/stm32h7xx_ll_sdmmc.o
                0x000000000800a7a2                SDMMC_CmdSendStatus
 .text.SDMMC_CmdStatusRegister
                0x000000000800a7e8       0x44 Drivers/STM32H7xx_HAL_Driver/Src/stm32h7xx_ll_sdmmc.o
                0x000000000800a7e8                SDMMC_CmdStatusRegister
 .text.SDMMC_CmdVoltageSwitch
                0x000000000800a82c       0x44 Drivers/STM32H7xx_HAL_Driver/Src/stm32h7xx_ll_sdmmc.o
                0x000000000800a82c                SDMMC_CmdVoltageSwitch
 .text.SDMMC_GetCmdError
                0x000000000800a870       0x5c Drivers/STM32H7xx_HAL_Driver/Src/stm32h7xx_ll_sdmmc.o
 .text.SDMMC_GetCmdResp1
                0x000000000800a8cc      0x1e4 Drivers/STM32H7xx_HAL_Driver/Src/stm32h7xx_ll_sdmmc.o
 .text.SDMMC_GetCmdResp2
                0x000000000800aab0       0x94 Drivers/STM32H7xx_HAL_Driver/Src/stm32h7xx_ll_sdmmc.o
 .text.SDMMC_GetCmdResp3
                0x000000000800ab44       0x80 Drivers/STM32H7xx_HAL_Driver/Src/stm32h7xx_ll_sdmmc.o
 .text.SDMMC_GetCmdResp6
                0x000000000800abc4       0xf0 Drivers/STM32H7xx_HAL_Driver/Src/stm32h7xx_ll_sdmmc.o
 .text.SDMMC_GetCmdResp7
                0x000000000800acb4       0x9c Drivers/STM32H7xx_HAL_Driver/Src/stm32h7xx_ll_sdmmc.o
 .text.MX_FATFS_Init
                0x000000000800ad50       0x24 FATFS/App/fatfs.o
                0x000000000800ad50                MX_FATFS_Init
 .text.BSP_SD_Init
                0x000000000800ad74       0x4c FATFS/Target/bsp_driver_sd.o
                0x000000000800ad74                BSP_SD_Init
 .text.BSP_SD_ReadBlocks
                0x000000000800adc0       0x3c FATFS/Target/bsp_driver_sd.o
                0x000000000800adc0                BSP_SD_ReadBlocks
 .text.BSP_SD_WriteBlocks
                0x000000000800adfc       0x3c FATFS/Target/bsp_driver_sd.o
                0x000000000800adfc                BSP_SD_WriteBlocks
 .text.BSP_SD_GetCardState
                0x000000000800ae38       0x20 FATFS/Target/bsp_driver_sd.o
                0x000000000800ae38                BSP_SD_GetCardState
 .text.BSP_SD_GetCardInfo
                0x000000000800ae58       0x1c FATFS/Target/bsp_driver_sd.o
                0x000000000800ae58                BSP_SD_GetCardInfo
 .text.BSP_SD_IsDetected
                0x000000000800ae74       0x24 FATFS/Target/bsp_driver_sd.o
                0x000000000800ae74                BSP_SD_IsDetected
 .text.BSP_PlatformIsDetected
                0x000000000800ae98       0x2c FATFS/Target/fatfs_platform.o
                0x000000000800ae98                BSP_PlatformIsDetected
 .text.SD_CheckStatus
                0x000000000800aec4       0x3c FATFS/Target/sd_diskio.o
 .text.SD_initialize
                0x000000000800af00       0x3c FATFS/Target/sd_diskio.o
                0x000000000800af00                SD_initialize
 .text.SD_status
                0x000000000800af3c       0x1c FATFS/Target/sd_diskio.o
                0x000000000800af3c                SD_status
 .text.SD_read  0x000000000800af58       0x42 FATFS/Target/sd_diskio.o
                0x000000000800af58                SD_read
 .text.SD_write
                0x000000000800af9a       0x42 FATFS/Target/sd_diskio.o
                0x000000000800af9a                SD_write
 .text.SD_ioctl
                0x000000000800afdc       0xb0 FATFS/Target/sd_diskio.o
                0x000000000800afdc                SD_ioctl
 .text.FATFS_LinkDriverEx
                0x000000000800b08c       0x98 Middlewares/Third_Party/FatFs/src/ff_gen_drv.o
                0x000000000800b08c                FATFS_LinkDriverEx
 .text.FATFS_LinkDriver
                0x000000000800b124       0x1e Middlewares/Third_Party/FatFs/src/ff_gen_drv.o
                0x000000000800b124                FATFS_LinkDriver
 *fill*         0x000000000800b142        0x2 
 .text.__libc_init_array
                0x000000000800b144       0x48 /opt/st/stm32cubeide_1.5.0/plugins/com.st.stm32cube.ide.mcu.externaltools.gnu-tools-for-stm32.7-2018-q2-update.linux64_1.5.0.202011040924/tools/bin/../lib/gcc/arm-none-eabi/7.3.1/../../../../arm-none-eabi/lib/thumb/v7e-m/fpv5/hard/libc_nano.a(lib_a-init.o)
                0x000000000800b144                __libc_init_array
 .text.memcpy   0x000000000800b18c       0x16 /opt/st/stm32cubeide_1.5.0/plugins/com.st.stm32cube.ide.mcu.externaltools.gnu-tools-for-stm32.7-2018-q2-update.linux64_1.5.0.202011040924/tools/bin/../lib/gcc/arm-none-eabi/7.3.1/../../../../arm-none-eabi/lib/thumb/v7e-m/fpv5/hard/libc_nano.a(lib_a-memcpy-stub.o)
                0x000000000800b18c                memcpy
 .text.memset   0x000000000800b1a2       0x10 /opt/st/stm32cubeide_1.5.0/plugins/com.st.stm32cube.ide.mcu.externaltools.gnu-tools-for-stm32.7-2018-q2-update.linux64_1.5.0.202011040924/tools/bin/../lib/gcc/arm-none-eabi/7.3.1/../../../../arm-none-eabi/lib/thumb/v7e-m/fpv5/hard/libc_nano.a(lib_a-memset.o)
                0x000000000800b1a2                memset
 *(.glue_7)
 .glue_7        0x000000000800b1b2        0x0 linker stubs
 *(.glue_7t)
 .glue_7t       0x000000000800b1b2        0x0 linker stubs
 *(.eh_frame)
 *fill*         0x000000000800b1b2        0x2 
 .eh_frame      0x000000000800b1b4        0x0 /opt/st/stm32cubeide_1.5.0/plugins/com.st.stm32cube.ide.mcu.externaltools.gnu-tools-for-stm32.7-2018-q2-update.linux64_1.5.0.202011040924/tools/bin/../lib/gcc/arm-none-eabi/7.3.1/thumb/v7e-m/fpv5/hard/crtbegin.o
 *(.init)
 .init          0x000000000800b1b4        0x4 /opt/st/stm32cubeide_1.5.0/plugins/com.st.stm32cube.ide.mcu.externaltools.gnu-tools-for-stm32.7-2018-q2-update.linux64_1.5.0.202011040924/tools/bin/../lib/gcc/arm-none-eabi/7.3.1/thumb/v7e-m/fpv5/hard/crti.o
                0x000000000800b1b4                _init
 .init          0x000000000800b1b8        0x8 /opt/st/stm32cubeide_1.5.0/plugins/com.st.stm32cube.ide.mcu.externaltools.gnu-tools-for-stm32.7-2018-q2-update.linux64_1.5.0.202011040924/tools/bin/../lib/gcc/arm-none-eabi/7.3.1/thumb/v7e-m/fpv5/hard/crtn.o
 *(.fini)
 .fini          0x000000000800b1c0        0x4 /opt/st/stm32cubeide_1.5.0/plugins/com.st.stm32cube.ide.mcu.externaltools.gnu-tools-for-stm32.7-2018-q2-update.linux64_1.5.0.202011040924/tools/bin/../lib/gcc/arm-none-eabi/7.3.1/thumb/v7e-m/fpv5/hard/crti.o
                0x000000000800b1c0                _fini
 .fini          0x000000000800b1c4        0x8 /opt/st/stm32cubeide_1.5.0/plugins/com.st.stm32cube.ide.mcu.externaltools.gnu-tools-for-stm32.7-2018-q2-update.linux64_1.5.0.202011040924/tools/bin/../lib/gcc/arm-none-eabi/7.3.1/thumb/v7e-m/fpv5/hard/crtn.o
                0x000000000800b1cc                . = ALIGN (0x4)
                0x000000000800b1cc                _etext = .

.vfp11_veneer   0x000000000800b1cc        0x0
 .vfp11_veneer  0x000000000800b1cc        0x0 linker stubs

.v4_bx          0x000000000800b1cc        0x0
 .v4_bx         0x000000000800b1cc        0x0 linker stubs

.iplt           0x000000000800b1cc        0x0
 .iplt          0x000000000800b1cc        0x0 /opt/st/stm32cubeide_1.5.0/plugins/com.st.stm32cube.ide.mcu.externaltools.gnu-tools-for-stm32.7-2018-q2-update.linux64_1.5.0.202011040924/tools/bin/../lib/gcc/arm-none-eabi/7.3.1/thumb/v7e-m/fpv5/hard/crtbegin.o

.rodata         0x000000000800b1cc       0x98
                0x000000000800b1cc                . = ALIGN (0x4)
 *(.rodata)
 .rodata        0x000000000800b1cc       0x4c Drivers/STM32H7xx_HAL_Driver/Src/stm32h7xx_hal_fdcan.o
 .rodata        0x000000000800b218       0x10 Drivers/STM32H7xx_HAL_Driver/Src/stm32h7xx_hal_uart_ex.o
 *(.rodata*)
 .rodata.D1CorePrescTable
                0x000000000800b228       0x10 Core/Src/system_stm32h7xx.o
                0x000000000800b228                D1CorePrescTable
 .rodata.UARTPrescTable
                0x000000000800b238       0x18 Drivers/STM32H7xx_HAL_Driver/Src/stm32h7xx_hal_uart.o
                0x000000000800b238                UARTPrescTable
 .rodata.SD_Driver
                0x000000000800b250       0x14 FATFS/Target/sd_diskio.o
                0x000000000800b250                SD_Driver
                0x000000000800b264                . = ALIGN (0x4)

.ARM.extab      0x000000000800b264        0x0
                0x000000000800b264                . = ALIGN (0x4)
 *(.ARM.extab* .gnu.linkonce.armextab.*)
                0x000000000800b264                . = ALIGN (0x4)

.ARM            0x000000000800b264        0x8
                0x000000000800b264                . = ALIGN (0x4)
                0x000000000800b264                __exidx_start = .
 *(.ARM.exidx*)
 .ARM.exidx     0x000000000800b264        0x8 /opt/st/stm32cubeide_1.5.0/plugins/com.st.stm32cube.ide.mcu.externaltools.gnu-tools-for-stm32.7-2018-q2-update.linux64_1.5.0.202011040924/tools/bin/../lib/gcc/arm-none-eabi/7.3.1/thumb/v7e-m/fpv5/hard/libgcc.a(_udivmoddi4.o)
                0x000000000800b26c                __exidx_end = .
                0x000000000800b26c                . = ALIGN (0x4)

.rel.dyn        0x000000000800b26c        0x0
 .rel.iplt      0x000000000800b26c        0x0 /opt/st/stm32cubeide_1.5.0/plugins/com.st.stm32cube.ide.mcu.externaltools.gnu-tools-for-stm32.7-2018-q2-update.linux64_1.5.0.202011040924/tools/bin/../lib/gcc/arm-none-eabi/7.3.1/thumb/v7e-m/fpv5/hard/crtbegin.o

.preinit_array  0x000000000800b26c        0x0
                0x000000000800b26c                . = ALIGN (0x4)
                0x000000000800b26c                PROVIDE (__preinit_array_start = .)
 *(.preinit_array*)
                0x000000000800b26c                PROVIDE (__preinit_array_end = .)
                0x000000000800b26c                . = ALIGN (0x4)

.init_array     0x000000000800b26c        0x4
                0x000000000800b26c                . = ALIGN (0x4)
                0x000000000800b26c                PROVIDE (__init_array_start = .)
 *(SORT_BY_NAME(.init_array.*))
 *(.init_array*)
 .init_array    0x000000000800b26c        0x4 /opt/st/stm32cubeide_1.5.0/plugins/com.st.stm32cube.ide.mcu.externaltools.gnu-tools-for-stm32.7-2018-q2-update.linux64_1.5.0.202011040924/tools/bin/../lib/gcc/arm-none-eabi/7.3.1/thumb/v7e-m/fpv5/hard/crtbegin.o
                0x000000000800b270                PROVIDE (__init_array_end = .)
                0x000000000800b270                . = ALIGN (0x4)

.fini_array     0x000000000800b270        0x4
                0x000000000800b270                . = ALIGN (0x4)
                [!provide]                        PROVIDE (__fini_array_start = .)
 *(SORT_BY_NAME(.fini_array.*))
 *(.fini_array*)
 .fini_array    0x000000000800b270        0x4 /opt/st/stm32cubeide_1.5.0/plugins/com.st.stm32cube.ide.mcu.externaltools.gnu-tools-for-stm32.7-2018-q2-update.linux64_1.5.0.202011040924/tools/bin/../lib/gcc/arm-none-eabi/7.3.1/thumb/v7e-m/fpv5/hard/crtbegin.o
                [!provide]                        PROVIDE (__fini_array_end = .)
                0x000000000800b274                . = ALIGN (0x4)
                0x000000000800b274                _sidata = LOADADDR (.data)

.data           0x0000000024000000       0x10 load address 0x000000000800b274
                0x0000000024000000                . = ALIGN (0x4)
                0x0000000024000000                _sdata = .
 *(.data)
 *(.data*)
 .data.SystemCoreClock
                0x0000000024000000        0x4 Core/Src/system_stm32h7xx.o
                0x0000000024000000                SystemCoreClock
 .data.SystemD2Clock
                0x0000000024000004        0x4 Core/Src/system_stm32h7xx.o
                0x0000000024000004                SystemD2Clock
 .data.uwTickPrio
                0x0000000024000008        0x4 Drivers/STM32H7xx_HAL_Driver/Src/stm32h7xx_hal.o
                0x0000000024000008                uwTickPrio
 .data.uwTickFreq
                0x000000002400000c        0x1 Drivers/STM32H7xx_HAL_Driver/Src/stm32h7xx_hal.o
                0x000000002400000c                uwTickFreq
 .data.Stat     0x000000002400000d        0x1 FATFS/Target/sd_diskio.o
 *(.RamFunc)
 *(.RamFunc*)
                0x0000000024000010                . = ALIGN (0x4)
 *fill*         0x000000002400000e        0x2 
                0x0000000024000010                _edata = .

.igot.plt       0x0000000024000010        0x0 load address 0x000000000800b284
 .igot.plt      0x0000000024000010        0x0 /opt/st/stm32cubeide_1.5.0/plugins/com.st.stm32cube.ide.mcu.externaltools.gnu-tools-for-stm32.7-2018-q2-update.linux64_1.5.0.202011040924/tools/bin/../lib/gcc/arm-none-eabi/7.3.1/thumb/v7e-m/fpv5/hard/crtbegin.o
                0x0000000024000010                . = ALIGN (0x4)

.bss            0x0000000024000010      0x880 load address 0x000000000800b284
                0x0000000024000010                _sbss = .
                0x0000000024000010                __bss_start__ = _sbss
 *(.bss)
 .bss           0x0000000024000010       0x1c /opt/st/stm32cubeide_1.5.0/plugins/com.st.stm32cube.ide.mcu.externaltools.gnu-tools-for-stm32.7-2018-q2-update.linux64_1.5.0.202011040924/tools/bin/../lib/gcc/arm-none-eabi/7.3.1/thumb/v7e-m/fpv5/hard/crtbegin.o
 *(.bss*)
 .bss.FMC_Initialized
                0x000000002400002c        0x4 Core/Src/stm32h7xx_hal_msp.o
 .bss.disk      0x0000000024000030        0xc Middlewares/Third_Party/FatFs/src/ff_gen_drv.o
                0x0000000024000030                disk
 *(COMMON)
 COMMON         0x000000002400003c      0x3e8 Core/Src/main.o
                0x000000002400003c                htim8
                0x0000000024000088                hi2c2
                0x00000000240000d4                hfdcan3
                0x0000000024000174                htim3
                0x00000000240001c0                hsd2
                0x0000000024000240                hdcmi
                0x0000000024000290                huart4
                0x000000002400031c                hspi1
                0x00000000240003a4                htim2
                0x00000000240003f0                hsdram1
 COMMON         0x0000000024000424        0x4 Drivers/STM32H7xx_HAL_Driver/Src/stm32h7xx_hal.o
                0x0000000024000424                uwTick
 COMMON         0x0000000024000428      0x468 FATFS/App/fatfs.o
                0x0000000024000428                retSD
                0x000000002400042c                SDPath
                0x0000000024000430                SDFile
                0x0000000024000660                SDFatFS
                0x0000000024000890                . = ALIGN (0x4)
                0x0000000024000890                _ebss = .
                0x0000000024000890                __bss_end__ = _ebss

._user_heap_stack
                0x0000000024000890      0x600 load address 0x000000000800b284
                0x0000000024000890                . = ALIGN (0x8)
                [!provide]                        PROVIDE (end = .)
                0x0000000024000890                PROVIDE (_end = .)
                0x0000000024000a90                . = (. + _Min_Heap_Size)
 *fill*         0x0000000024000890      0x200 
                0x0000000024000e90                . = (. + _Min_Stack_Size)
 *fill*         0x0000000024000a90      0x400 
                0x0000000024000e90                . = ALIGN (0x8)

/DISCARD/
 libc.a(*)
 libm.a(*)
 libgcc.a(*)

.ARM.attributes
                0x0000000000000000       0x2e
 *(.ARM.attributes)
 .ARM.attributes
                0x0000000000000000       0x20 /opt/st/stm32cubeide_1.5.0/plugins/com.st.stm32cube.ide.mcu.externaltools.gnu-tools-for-stm32.7-2018-q2-update.linux64_1.5.0.202011040924/tools/bin/../lib/gcc/arm-none-eabi/7.3.1/thumb/v7e-m/fpv5/hard/crti.o
 .ARM.attributes
                0x0000000000000020       0x32 /opt/st/stm32cubeide_1.5.0/plugins/com.st.stm32cube.ide.mcu.externaltools.gnu-tools-for-stm32.7-2018-q2-update.linux64_1.5.0.202011040924/tools/bin/../lib/gcc/arm-none-eabi/7.3.1/thumb/v7e-m/fpv5/hard/crtbegin.o
 .ARM.attributes
                0x0000000000000052       0x37 Core/Src/main.o
 .ARM.attributes
                0x0000000000000089       0x37 Core/Src/stm32h7xx_hal_msp.o
 .ARM.attributes
                0x00000000000000c0       0x37 Core/Src/stm32h7xx_it.o
 .ARM.attributes
                0x00000000000000f7       0x37 Core/Src/system_stm32h7xx.o
 .ARM.attributes
                0x000000000000012e       0x21 Core/Startup/startup_stm32h730zbtx.o
 .ARM.attributes
                0x000000000000014f       0x37 Drivers/STM32H7xx_HAL_Driver/Src/stm32h7xx_hal.o
 .ARM.attributes
                0x0000000000000186       0x37 Drivers/STM32H7xx_HAL_Driver/Src/stm32h7xx_hal_cortex.o
 .ARM.attributes
                0x00000000000001bd       0x37 Drivers/STM32H7xx_HAL_Driver/Src/stm32h7xx_hal_dcmi.o
 .ARM.attributes
                0x00000000000001f4       0x37 Drivers/STM32H7xx_HAL_Driver/Src/stm32h7xx_hal_dma.o
 .ARM.attributes
                0x000000000000022b       0x37 Drivers/STM32H7xx_HAL_Driver/Src/stm32h7xx_hal_fdcan.o
 .ARM.attributes
                0x0000000000000262       0x37 Drivers/STM32H7xx_HAL_Driver/Src/stm32h7xx_hal_gpio.o
 .ARM.attributes
                0x0000000000000299       0x37 Drivers/STM32H7xx_HAL_Driver/Src/stm32h7xx_hal_i2c.o
 .ARM.attributes
                0x00000000000002d0       0x37 Drivers/STM32H7xx_HAL_Driver/Src/stm32h7xx_hal_i2c_ex.o
 .ARM.attributes
                0x0000000000000307       0x37 Drivers/STM32H7xx_HAL_Driver/Src/stm32h7xx_hal_pwr_ex.o
 .ARM.attributes
                0x000000000000033e       0x37 Drivers/STM32H7xx_HAL_Driver/Src/stm32h7xx_hal_rcc.o
 .ARM.attributes
                0x0000000000000375       0x37 Drivers/STM32H7xx_HAL_Driver/Src/stm32h7xx_hal_rcc_ex.o
 .ARM.attributes
                0x00000000000003ac       0x37 Drivers/STM32H7xx_HAL_Driver/Src/stm32h7xx_hal_sd.o
 .ARM.attributes
                0x00000000000003e3       0x37 Drivers/STM32H7xx_HAL_Driver/Src/stm32h7xx_hal_sdram.o
 .ARM.attributes
                0x000000000000041a       0x37 Drivers/STM32H7xx_HAL_Driver/Src/stm32h7xx_hal_spi.o
 .ARM.attributes
                0x0000000000000451       0x37 Drivers/STM32H7xx_HAL_Driver/Src/stm32h7xx_hal_tim.o
 .ARM.attributes
                0x0000000000000488       0x37 Drivers/STM32H7xx_HAL_Driver/Src/stm32h7xx_hal_tim_ex.o
 .ARM.attributes
                0x00000000000004bf       0x37 Drivers/STM32H7xx_HAL_Driver/Src/stm32h7xx_hal_uart.o
 .ARM.attributes
                0x00000000000004f6       0x37 Drivers/STM32H7xx_HAL_Driver/Src/stm32h7xx_hal_uart_ex.o
 .ARM.attributes
                0x000000000000052d       0x37 Drivers/STM32H7xx_HAL_Driver/Src/stm32h7xx_ll_fmc.o
 .ARM.attributes
                0x0000000000000564       0x37 Drivers/STM32H7xx_HAL_Driver/Src/stm32h7xx_ll_sdmmc.o
 .ARM.attributes
                0x000000000000059b       0x37 FATFS/App/fatfs.o
 .ARM.attributes
                0x00000000000005d2       0x37 FATFS/Target/bsp_driver_sd.o
 .ARM.attributes
                0x0000000000000609       0x37 FATFS/Target/fatfs_platform.o
 .ARM.attributes
                0x0000000000000640       0x37 FATFS/Target/sd_diskio.o
 .ARM.attributes
                0x0000000000000677       0x37 Middlewares/Third_Party/FatFs/src/ff_gen_drv.o
 .ARM.attributes
                0x00000000000006ae       0x32 /opt/st/stm32cubeide_1.5.0/plugins/com.st.stm32cube.ide.mcu.externaltools.gnu-tools-for-stm32.7-2018-q2-update.linux64_1.5.0.202011040924/tools/bin/../lib/gcc/arm-none-eabi/7.3.1/../../../../arm-none-eabi/lib/thumb/v7e-m/fpv5/hard/libc_nano.a(lib_a-init.o)
 .ARM.attributes
                0x00000000000006e0       0x32 /opt/st/stm32cubeide_1.5.0/plugins/com.st.stm32cube.ide.mcu.externaltools.gnu-tools-for-stm32.7-2018-q2-update.linux64_1.5.0.202011040924/tools/bin/../lib/gcc/arm-none-eabi/7.3.1/../../../../arm-none-eabi/lib/thumb/v7e-m/fpv5/hard/libc_nano.a(lib_a-memcpy-stub.o)
 .ARM.attributes
                0x0000000000000712       0x32 /opt/st/stm32cubeide_1.5.0/plugins/com.st.stm32cube.ide.mcu.externaltools.gnu-tools-for-stm32.7-2018-q2-update.linux64_1.5.0.202011040924/tools/bin/../lib/gcc/arm-none-eabi/7.3.1/../../../../arm-none-eabi/lib/thumb/v7e-m/fpv5/hard/libc_nano.a(lib_a-memset.o)
 .ARM.attributes
                0x0000000000000744       0x20 /opt/st/stm32cubeide_1.5.0/plugins/com.st.stm32cube.ide.mcu.externaltools.gnu-tools-for-stm32.7-2018-q2-update.linux64_1.5.0.202011040924/tools/bin/../lib/gcc/arm-none-eabi/7.3.1/thumb/v7e-m/fpv5/hard/libgcc.a(_aeabi_uldivmod.o)
 .ARM.attributes
                0x0000000000000764       0x32 /opt/st/stm32cubeide_1.5.0/plugins/com.st.stm32cube.ide.mcu.externaltools.gnu-tools-for-stm32.7-2018-q2-update.linux64_1.5.0.202011040924/tools/bin/../lib/gcc/arm-none-eabi/7.3.1/thumb/v7e-m/fpv5/hard/libgcc.a(_udivmoddi4.o)
 .ARM.attributes
                0x0000000000000796       0x20 /opt/st/stm32cubeide_1.5.0/plugins/com.st.stm32cube.ide.mcu.externaltools.gnu-tools-for-stm32.7-2018-q2-update.linux64_1.5.0.202011040924/tools/bin/../lib/gcc/arm-none-eabi/7.3.1/thumb/v7e-m/fpv5/hard/libgcc.a(_dvmd_tls.o)
 .ARM.attributes
                0x00000000000007b6       0x20 /opt/st/stm32cubeide_1.5.0/plugins/com.st.stm32cube.ide.mcu.externaltools.gnu-tools-for-stm32.7-2018-q2-update.linux64_1.5.0.202011040924/tools/bin/../lib/gcc/arm-none-eabi/7.3.1/thumb/v7e-m/fpv5/hard/crtn.o
OUTPUT(ImageProcessor_H730ZB.elf elf32-littlearm)

.debug_info     0x0000000000000000    0x3381f
 .debug_info    0x0000000000000000     0x3e42 Core/Src/main.o
 .debug_info    0x0000000000003e42     0x3afb Core/Src/stm32h7xx_hal_msp.o
 .debug_info    0x000000000000793d     0x11bd Core/Src/stm32h7xx_it.o
 .debug_info    0x0000000000008afa     0x1479 Core/Src/system_stm32h7xx.o
 .debug_info    0x0000000000009f73       0x22 Core/Startup/startup_stm32h730zbtx.o
 .debug_info    0x0000000000009f95     0x1f62 Drivers/STM32H7xx_HAL_Driver/Src/stm32h7xx_hal.o
 .debug_info    0x000000000000bef7     0x1ab6 Drivers/STM32H7xx_HAL_Driver/Src/stm32h7xx_hal_cortex.o
 .debug_info    0x000000000000d9ad     0x153d Drivers/STM32H7xx_HAL_Driver/Src/stm32h7xx_hal_dcmi.o
 .debug_info    0x000000000000eeea     0x1532 Drivers/STM32H7xx_HAL_Driver/Src/stm32h7xx_hal_dma.o
 .debug_info    0x000000000001041c     0x341b Drivers/STM32H7xx_HAL_Driver/Src/stm32h7xx_hal_fdcan.o
 .debug_info    0x0000000000013837     0x1675 Drivers/STM32H7xx_HAL_Driver/Src/stm32h7xx_hal_gpio.o
 .debug_info    0x0000000000014eac     0x2ab5 Drivers/STM32H7xx_HAL_Driver/Src/stm32h7xx_hal_i2c.o
 .debug_info    0x0000000000017961     0x1749 Drivers/STM32H7xx_HAL_Driver/Src/stm32h7xx_hal_i2c_ex.o
 .debug_info    0x00000000000190aa     0x1747 Drivers/STM32H7xx_HAL_Driver/Src/stm32h7xx_hal_pwr_ex.o
 .debug_info    0x000000000001a7f1     0x16e4 Drivers/STM32H7xx_HAL_Driver/Src/stm32h7xx_hal_rcc.o
 .debug_info    0x000000000001bed5     0x1b1e Drivers/STM32H7xx_HAL_Driver/Src/stm32h7xx_hal_rcc_ex.o
 .debug_info    0x000000000001d9f3     0x21e1 Drivers/STM32H7xx_HAL_Driver/Src/stm32h7xx_hal_sd.o
 .debug_info    0x000000000001fbd4     0x1894 Drivers/STM32H7xx_HAL_Driver/Src/stm32h7xx_hal_sdram.o
 .debug_info    0x0000000000021468     0x1dc6 Drivers/STM32H7xx_HAL_Driver/Src/stm32h7xx_hal_spi.o
 .debug_info    0x000000000002322e     0x334d Drivers/STM32H7xx_HAL_Driver/Src/stm32h7xx_hal_tim.o
 .debug_info    0x000000000002657b     0x1fa3 Drivers/STM32H7xx_HAL_Driver/Src/stm32h7xx_hal_tim_ex.o
 .debug_info    0x000000000002851e     0x24aa Drivers/STM32H7xx_HAL_Driver/Src/stm32h7xx_hal_uart.o
 .debug_info    0x000000000002a9c8     0x14a9 Drivers/STM32H7xx_HAL_Driver/Src/stm32h7xx_hal_uart_ex.o
 .debug_info    0x000000000002be71     0x15c1 Drivers/STM32H7xx_HAL_Driver/Src/stm32h7xx_ll_fmc.o
 .debug_info    0x000000000002d432     0x1b7e Drivers/STM32H7xx_HAL_Driver/Src/stm32h7xx_ll_sdmmc.o
 .debug_info    0x000000000002efb0      0xedc FATFS/App/fatfs.o
 .debug_info    0x000000000002fe8c     0x119c FATFS/Target/bsp_driver_sd.o
 .debug_info    0x0000000000031028      0xbb7 FATFS/Target/fatfs_platform.o
 .debug_info    0x0000000000031bdf      0xe76 FATFS/Target/sd_diskio.o
 .debug_info    0x0000000000032a55      0xdca Middlewares/Third_Party/FatFs/src/ff_gen_drv.o

.debug_abbrev   0x0000000000000000     0x4b10
 .debug_abbrev  0x0000000000000000      0x2ff Core/Src/main.o
 .debug_abbrev  0x00000000000002ff      0x2c6 Core/Src/stm32h7xx_hal_msp.o
 .debug_abbrev  0x00000000000005c5      0x1d6 Core/Src/stm32h7xx_it.o
 .debug_abbrev  0x000000000000079b      0x21f Core/Src/system_stm32h7xx.o
 .debug_abbrev  0x00000000000009ba       0x12 Core/Startup/startup_stm32h730zbtx.o
 .debug_abbrev  0x00000000000009cc      0x2e2 Drivers/STM32H7xx_HAL_Driver/Src/stm32h7xx_hal.o
 .debug_abbrev  0x0000000000000cae      0x3b5 Drivers/STM32H7xx_HAL_Driver/Src/stm32h7xx_hal_cortex.o
 .debug_abbrev  0x0000000000001063      0x28f Drivers/STM32H7xx_HAL_Driver/Src/stm32h7xx_hal_dcmi.o
 .debug_abbrev  0x00000000000012f2      0x289 Drivers/STM32H7xx_HAL_Driver/Src/stm32h7xx_hal_dma.o
 .debug_abbrev  0x000000000000157b      0x2f3 Drivers/STM32H7xx_HAL_Driver/Src/stm32h7xx_hal_fdcan.o
 .debug_abbrev  0x000000000000186e      0x28f Drivers/STM32H7xx_HAL_Driver/Src/stm32h7xx_hal_gpio.o
 .debug_abbrev  0x0000000000001afd      0x2ac Drivers/STM32H7xx_HAL_Driver/Src/stm32h7xx_hal_i2c.o
 .debug_abbrev  0x0000000000001da9      0x266 Drivers/STM32H7xx_HAL_Driver/Src/stm32h7xx_hal_i2c_ex.o
 .debug_abbrev  0x000000000000200f      0x302 Drivers/STM32H7xx_HAL_Driver/Src/stm32h7xx_hal_pwr_ex.o
 .debug_abbrev  0x0000000000002311      0x2d3 Drivers/STM32H7xx_HAL_Driver/Src/stm32h7xx_hal_rcc.o
 .debug_abbrev  0x00000000000025e4      0x2db Drivers/STM32H7xx_HAL_Driver/Src/stm32h7xx_hal_rcc_ex.o
 .debug_abbrev  0x00000000000028bf      0x2bf Drivers/STM32H7xx_HAL_Driver/Src/stm32h7xx_hal_sd.o
 .debug_abbrev  0x0000000000002b7e      0x273 Drivers/STM32H7xx_HAL_Driver/Src/stm32h7xx_hal_sdram.o
 .debug_abbrev  0x0000000000002df1      0x2d5 Drivers/STM32H7xx_HAL_Driver/Src/stm32h7xx_hal_spi.o
 .debug_abbrev  0x00000000000030c6      0x2bd Drivers/STM32H7xx_HAL_Driver/Src/stm32h7xx_hal_tim.o
 .debug_abbrev  0x0000000000003383      0x2c3 Drivers/STM32H7xx_HAL_Driver/Src/stm32h7xx_hal_tim_ex.o
 .debug_abbrev  0x0000000000003646      0x2bb Drivers/STM32H7xx_HAL_Driver/Src/stm32h7xx_hal_uart.o
 .debug_abbrev  0x0000000000003901      0x26f Drivers/STM32H7xx_HAL_Driver/Src/stm32h7xx_hal_uart_ex.o
 .debug_abbrev  0x0000000000003b70      0x23f Drivers/STM32H7xx_HAL_Driver/Src/stm32h7xx_ll_fmc.o
 .debug_abbrev  0x0000000000003daf      0x286 Drivers/STM32H7xx_HAL_Driver/Src/stm32h7xx_ll_sdmmc.o
 .debug_abbrev  0x0000000000004035      0x1fb FATFS/App/fatfs.o
 .debug_abbrev  0x0000000000004230      0x2a9 FATFS/Target/bsp_driver_sd.o
 .debug_abbrev  0x00000000000044d9      0x1cf FATFS/Target/fatfs_platform.o
 .debug_abbrev  0x00000000000046a8      0x216 FATFS/Target/sd_diskio.o
 .debug_abbrev  0x00000000000048be      0x252 Middlewares/Third_Party/FatFs/src/ff_gen_drv.o

.debug_aranges  0x0000000000000000     0x1f70
 .debug_aranges
                0x0000000000000000       0x88 Core/Src/main.o
 .debug_aranges
                0x0000000000000088       0xc8 Core/Src/stm32h7xx_hal_msp.o
 .debug_aranges
                0x0000000000000150       0x68 Core/Src/stm32h7xx_it.o
 .debug_aranges
                0x00000000000001b8       0x28 Core/Src/system_stm32h7xx.o
 .debug_aranges
                0x00000000000001e0       0x28 Core/Startup/startup_stm32h730zbtx.o
 .debug_aranges
                0x0000000000000208      0x1c8 Drivers/STM32H7xx_HAL_Driver/Src/stm32h7xx_hal.o
 .debug_aranges
                0x00000000000003d0      0x120 Drivers/STM32H7xx_HAL_Driver/Src/stm32h7xx_hal_cortex.o
 .debug_aranges
                0x00000000000004f0       0xc0 Drivers/STM32H7xx_HAL_Driver/Src/stm32h7xx_hal_dcmi.o
 .debug_aranges
                0x00000000000005b0       0xa0 Drivers/STM32H7xx_HAL_Driver/Src/stm32h7xx_hal_dma.o
 .debug_aranges
                0x0000000000000650      0x338 Drivers/STM32H7xx_HAL_Driver/Src/stm32h7xx_hal_fdcan.o
 .debug_aranges
                0x0000000000000988       0x58 Drivers/STM32H7xx_HAL_Driver/Src/stm32h7xx_hal_gpio.o
 .debug_aranges
                0x00000000000009e0      0x290 Drivers/STM32H7xx_HAL_Driver/Src/stm32h7xx_hal_i2c.o
 .debug_aranges
                0x0000000000000c70       0x48 Drivers/STM32H7xx_HAL_Driver/Src/stm32h7xx_hal_i2c_ex.o
 .debug_aranges
                0x0000000000000cb8      0x148 Drivers/STM32H7xx_HAL_Driver/Src/stm32h7xx_hal_pwr_ex.o
 .debug_aranges
                0x0000000000000e00       0x88 Drivers/STM32H7xx_HAL_Driver/Src/stm32h7xx_hal_rcc.o
 .debug_aranges
                0x0000000000000e88       0xf8 Drivers/STM32H7xx_HAL_Driver/Src/stm32h7xx_hal_rcc_ex.o
 .debug_aranges
                0x0000000000000f80      0x188 Drivers/STM32H7xx_HAL_Driver/Src/stm32h7xx_hal_sd.o
 .debug_aranges
                0x0000000000001108       0xe8 Drivers/STM32H7xx_HAL_Driver/Src/stm32h7xx_hal_sdram.o
 .debug_aranges
                0x00000000000011f0      0x1a0 Drivers/STM32H7xx_HAL_Driver/Src/stm32h7xx_hal_spi.o
 .debug_aranges
                0x0000000000001390      0x3e0 Drivers/STM32H7xx_HAL_Driver/Src/stm32h7xx_hal_tim.o
 .debug_aranges
                0x0000000000001770      0x188 Drivers/STM32H7xx_HAL_Driver/Src/stm32h7xx_hal_tim_ex.o
 .debug_aranges
                0x00000000000018f8      0x230 Drivers/STM32H7xx_HAL_Driver/Src/stm32h7xx_hal_uart.o
 .debug_aranges
                0x0000000000001b28       0x88 Drivers/STM32H7xx_HAL_Driver/Src/stm32h7xx_hal_uart_ex.o
 .debug_aranges
                0x0000000000001bb0       0xc8 Drivers/STM32H7xx_HAL_Driver/Src/stm32h7xx_ll_fmc.o
 .debug_aranges
                0x0000000000001c78      0x190 Drivers/STM32H7xx_HAL_Driver/Src/stm32h7xx_ll_sdmmc.o
 .debug_aranges
                0x0000000000001e08       0x28 FATFS/App/fatfs.o
 .debug_aranges
                0x0000000000001e30       0x98 FATFS/Target/bsp_driver_sd.o
 .debug_aranges
                0x0000000000001ec8       0x20 FATFS/Target/fatfs_platform.o
 .debug_aranges
                0x0000000000001ee8       0x48 FATFS/Target/sd_diskio.o
 .debug_aranges
                0x0000000000001f30       0x40 Middlewares/Third_Party/FatFs/src/ff_gen_drv.o

.debug_ranges   0x0000000000000000     0x1d98
 .debug_ranges  0x0000000000000000       0x78 Core/Src/main.o
 .debug_ranges  0x0000000000000078       0xb8 Core/Src/stm32h7xx_hal_msp.o
 .debug_ranges  0x0000000000000130       0x58 Core/Src/stm32h7xx_it.o
 .debug_ranges  0x0000000000000188       0x18 Core/Src/system_stm32h7xx.o
 .debug_ranges  0x00000000000001a0       0x20 Core/Startup/startup_stm32h730zbtx.o
 .debug_ranges  0x00000000000001c0      0x1b8 Drivers/STM32H7xx_HAL_Driver/Src/stm32h7xx_hal.o
 .debug_ranges  0x0000000000000378      0x110 Drivers/STM32H7xx_HAL_Driver/Src/stm32h7xx_hal_cortex.o
 .debug_ranges  0x0000000000000488       0xb0 Drivers/STM32H7xx_HAL_Driver/Src/stm32h7xx_hal_dcmi.o
 .debug_ranges  0x0000000000000538       0x90 Drivers/STM32H7xx_HAL_Driver/Src/stm32h7xx_hal_dma.o
 .debug_ranges  0x00000000000005c8      0x328 Drivers/STM32H7xx_HAL_Driver/Src/stm32h7xx_hal_fdcan.o
 .debug_ranges  0x00000000000008f0       0x48 Drivers/STM32H7xx_HAL_Driver/Src/stm32h7xx_hal_gpio.o
 .debug_ranges  0x0000000000000938      0x280 Drivers/STM32H7xx_HAL_Driver/Src/stm32h7xx_hal_i2c.o
 .debug_ranges  0x0000000000000bb8       0x38 Drivers/STM32H7xx_HAL_Driver/Src/stm32h7xx_hal_i2c_ex.o
 .debug_ranges  0x0000000000000bf0      0x138 Drivers/STM32H7xx_HAL_Driver/Src/stm32h7xx_hal_pwr_ex.o
 .debug_ranges  0x0000000000000d28       0x78 Drivers/STM32H7xx_HAL_Driver/Src/stm32h7xx_hal_rcc.o
 .debug_ranges  0x0000000000000da0       0xe8 Drivers/STM32H7xx_HAL_Driver/Src/stm32h7xx_hal_rcc_ex.o
 .debug_ranges  0x0000000000000e88      0x178 Drivers/STM32H7xx_HAL_Driver/Src/stm32h7xx_hal_sd.o
 .debug_ranges  0x0000000000001000       0xd8 Drivers/STM32H7xx_HAL_Driver/Src/stm32h7xx_hal_sdram.o
 .debug_ranges  0x00000000000010d8      0x190 Drivers/STM32H7xx_HAL_Driver/Src/stm32h7xx_hal_spi.o
 .debug_ranges  0x0000000000001268      0x3d0 Drivers/STM32H7xx_HAL_Driver/Src/stm32h7xx_hal_tim.o
 .debug_ranges  0x0000000000001638      0x178 Drivers/STM32H7xx_HAL_Driver/Src/stm32h7xx_hal_tim_ex.o
 .debug_ranges  0x00000000000017b0      0x220 Drivers/STM32H7xx_HAL_Driver/Src/stm32h7xx_hal_uart.o
 .debug_ranges  0x00000000000019d0       0x78 Drivers/STM32H7xx_HAL_Driver/Src/stm32h7xx_hal_uart_ex.o
 .debug_ranges  0x0000000000001a48       0xb8 Drivers/STM32H7xx_HAL_Driver/Src/stm32h7xx_ll_fmc.o
 .debug_ranges  0x0000000000001b00      0x180 Drivers/STM32H7xx_HAL_Driver/Src/stm32h7xx_ll_sdmmc.o
 .debug_ranges  0x0000000000001c80       0x18 FATFS/App/fatfs.o
 .debug_ranges  0x0000000000001c98       0x88 FATFS/Target/bsp_driver_sd.o
 .debug_ranges  0x0000000000001d20       0x10 FATFS/Target/fatfs_platform.o
 .debug_ranges  0x0000000000001d30       0x38 FATFS/Target/sd_diskio.o
 .debug_ranges  0x0000000000001d68       0x30 Middlewares/Third_Party/FatFs/src/ff_gen_drv.o

.debug_macro    0x0000000000000000    0x38cc6
 .debug_macro   0x0000000000000000      0x3c5 Core/Src/main.o
 .debug_macro   0x00000000000003c5      0xa66 Core/Src/main.o
 .debug_macro   0x0000000000000e2b      0x256 Core/Src/main.o
 .debug_macro   0x0000000000001081       0x2e Core/Src/main.o
 .debug_macro   0x00000000000010af       0x3b Core/Src/main.o
 .debug_macro   0x00000000000010ea       0x22 Core/Src/main.o
 .debug_macro   0x000000000000110c       0x8e Core/Src/main.o
 .debug_macro   0x000000000000119a       0x51 Core/Src/main.o
 .debug_macro   0x00000000000011eb       0xef Core/Src/main.o
 .debug_macro   0x00000000000012da       0x6a Core/Src/main.o
 .debug_macro   0x0000000000001344      0x1df Core/Src/main.o
 .debug_macro   0x0000000000001523       0x1c Core/Src/main.o
 .debug_macro   0x000000000000153f       0x22 Core/Src/main.o
 .debug_macro   0x0000000000001561       0xdf Core/Src/main.o
 .debug_macro   0x0000000000001640     0x12cd Core/Src/main.o
 .debug_macro   0x000000000000290d      0x11f Core/Src/main.o
 .debug_macro   0x0000000000002a2c       0x19 Core/Src/main.o
 .debug_macro   0x0000000000002a45    0x21ae8 Core/Src/main.o
 .debug_macro   0x000000000002452d       0x43 Core/Src/main.o
 .debug_macro   0x0000000000024570     0x3cbe Core/Src/main.o
 .debug_macro   0x000000000002822e      0x174 Core/Src/main.o
 .debug_macro   0x00000000000283a2       0x46 Core/Src/main.o
 .debug_macro   0x00000000000283e8       0x17 Core/Src/main.o
 .debug_macro   0x00000000000283ff       0x3c Core/Src/main.o
 .debug_macro   0x000000000002843b       0x34 Core/Src/main.o
 .debug_macro   0x000000000002846f       0x52 Core/Src/main.o
 .debug_macro   0x00000000000284c1       0x1f Core/Src/main.o
 .debug_macro   0x00000000000284e0       0x43 Core/Src/main.o
 .debug_macro   0x0000000000028523       0x20 Core/Src/main.o
 .debug_macro   0x0000000000028543      0x1a3 Core/Src/main.o
 .debug_macro   0x00000000000286e6      0x32a Core/Src/main.o
 .debug_macro   0x0000000000028a10      0x1e1 Core/Src/main.o
 .debug_macro   0x0000000000028bf1       0x54 Core/Src/main.o
 .debug_macro   0x0000000000028c45     0x257a Core/Src/main.o
 .debug_macro   0x000000000002b1bf     0x1056 Core/Src/main.o
 .debug_macro   0x000000000002c215      0x138 Core/Src/main.o
 .debug_macro   0x000000000002c34d      0x117 Core/Src/main.o
 .debug_macro   0x000000000002c464      0x3f8 Core/Src/main.o
 .debug_macro   0x000000000002c85c       0x27 Core/Src/main.o
 .debug_macro   0x000000000002c883      0x788 Core/Src/main.o
 .debug_macro   0x000000000002d00b      0x229 Core/Src/main.o
 .debug_macro   0x000000000002d234       0x66 Core/Src/main.o
 .debug_macro   0x000000000002d29a      0x3a6 Core/Src/main.o
 .debug_macro   0x000000000002d640      0x22c Core/Src/main.o
 .debug_macro   0x000000000002d86c      0x3fa Core/Src/main.o
 .debug_macro   0x000000000002dc66      0x275 Core/Src/main.o
 .debug_macro   0x000000000002dedb      0xe34 Core/Src/main.o
 .debug_macro   0x000000000002ed0f      0x3cb Core/Src/main.o
 .debug_macro   0x000000000002f0da      0x486 Core/Src/main.o
 .debug_macro   0x000000000002f560       0x3c Core/Src/main.o
 .debug_macro   0x000000000002f59c       0x4a Core/Src/main.o
 .debug_macro   0x000000000002f5e6      0x22c Core/Src/main.o
 .debug_macro   0x000000000002f812       0x64 Core/Src/main.o
 .debug_macro   0x000000000002f876       0xa5 Core/Src/main.o
 .debug_macro   0x000000000002f91b      0x1c5 Core/Src/main.o
 .debug_macro   0x000000000002fae0      0x22b Core/Src/main.o
 .debug_macro   0x000000000002fd0b       0x35 Core/Src/main.o
 .debug_macro   0x000000000002fd40      0x814 Core/Src/main.o
 .debug_macro   0x0000000000030554       0x16 Core/Src/main.o
 .debug_macro   0x000000000003056a      0x1ce Core/Src/main.o
 .debug_macro   0x0000000000030738      0x513 Core/Src/main.o
 .debug_macro   0x0000000000030c4b      0x5dd Core/Src/main.o
 .debug_macro   0x0000000000031228       0x9e Core/Src/main.o
 .debug_macro   0x00000000000312c6      0xad7 Core/Src/main.o
 .debug_macro   0x0000000000031d9d      0x2a0 Core/Src/main.o
 .debug_macro   0x000000000003203d      0x662 Core/Src/main.o
 .debug_macro   0x000000000003269f       0xa6 Core/Src/main.o
 .debug_macro   0x0000000000032745      0x5e6 Core/Src/main.o
 .debug_macro   0x0000000000032d2b       0x4c Core/Src/main.o
 .debug_macro   0x0000000000032d77       0x1c Core/Src/main.o
 .debug_macro   0x0000000000032d93       0x40 Core/Src/main.o
 .debug_macro   0x0000000000032dd3       0xe5 Core/Src/main.o
 .debug_macro   0x0000000000032eb8       0x16 Core/Src/main.o
 .debug_macro   0x0000000000032ece       0x35 Core/Src/main.o
 .debug_macro   0x0000000000032f03       0x16 Core/Src/main.o
 .debug_macro   0x0000000000032f19       0x29 Core/Src/main.o
 .debug_macro   0x0000000000032f42       0x12 Core/Src/main.o
 .debug_macro   0x0000000000032f54       0xe2 Core/Src/main.o
 .debug_macro   0x0000000000033036       0x8e Core/Src/main.o
 .debug_macro   0x00000000000330c4      0x320 Core/Src/stm32h7xx_hal_msp.o
 .debug_macro   0x00000000000333e4      0x32a Core/Src/stm32h7xx_it.o
 .debug_macro   0x000000000003370e      0x317 Core/Src/system_stm32h7xx.o
 .debug_macro   0x0000000000033a25      0x33b Drivers/STM32H7xx_HAL_Driver/Src/stm32h7xx_hal.o
 .debug_macro   0x0000000000033d60      0x311 Drivers/STM32H7xx_HAL_Driver/Src/stm32h7xx_hal_cortex.o
 .debug_macro   0x0000000000034071      0x318 Drivers/STM32H7xx_HAL_Driver/Src/stm32h7xx_hal_dcmi.o
 .debug_macro   0x0000000000034389      0x365 Drivers/STM32H7xx_HAL_Driver/Src/stm32h7xx_hal_dma.o
 .debug_macro   0x00000000000346ee      0x3d6 Drivers/STM32H7xx_HAL_Driver/Src/stm32h7xx_hal_fdcan.o
 .debug_macro   0x0000000000034ac4      0x34d Drivers/STM32H7xx_HAL_Driver/Src/stm32h7xx_hal_gpio.o
 .debug_macro   0x0000000000034e11      0x3d6 Drivers/STM32H7xx_HAL_Driver/Src/stm32h7xx_hal_i2c.o
 .debug_macro   0x00000000000351e7      0x311 Drivers/STM32H7xx_HAL_Driver/Src/stm32h7xx_hal_i2c_ex.o
 .debug_macro   0x00000000000354f8      0x34a Drivers/STM32H7xx_HAL_Driver/Src/stm32h7xx_hal_pwr_ex.o
 .debug_macro   0x0000000000035842      0x335 Drivers/STM32H7xx_HAL_Driver/Src/stm32h7xx_hal_rcc.o
 .debug_macro   0x0000000000035b77      0x32f Drivers/STM32H7xx_HAL_Driver/Src/stm32h7xx_hal_rcc_ex.o
 .debug_macro   0x0000000000035ea6      0x319 Drivers/STM32H7xx_HAL_Driver/Src/stm32h7xx_hal_sd.o
 .debug_macro   0x00000000000361bf      0x311 Drivers/STM32H7xx_HAL_Driver/Src/stm32h7xx_hal_sdram.o
 .debug_macro   0x00000000000364d0      0x319 Drivers/STM32H7xx_HAL_Driver/Src/stm32h7xx_hal_spi.o
 .debug_macro   0x00000000000367e9      0x312 Drivers/STM32H7xx_HAL_Driver/Src/stm32h7xx_hal_tim.o
 .debug_macro   0x0000000000036afb      0x311 Drivers/STM32H7xx_HAL_Driver/Src/stm32h7xx_hal_tim_ex.o
 .debug_macro   0x0000000000036e0c      0x33c Drivers/STM32H7xx_HAL_Driver/Src/stm32h7xx_hal_uart.o
 .debug_macro   0x0000000000037148      0x31d Drivers/STM32H7xx_HAL_Driver/Src/stm32h7xx_hal_uart_ex.o
 .debug_macro   0x0000000000037465      0x33b Drivers/STM32H7xx_HAL_Driver/Src/stm32h7xx_ll_fmc.o
 .debug_macro   0x00000000000377a0      0x312 Drivers/STM32H7xx_HAL_Driver/Src/stm32h7xx_ll_sdmmc.o
 .debug_macro   0x0000000000037ab2      0x3c5 FATFS/App/fatfs.o
 .debug_macro   0x0000000000037e77      0x329 FATFS/Target/bsp_driver_sd.o
 .debug_macro   0x00000000000381a0      0x31a FATFS/Target/fatfs_platform.o
 .debug_macro   0x00000000000384ba      0x3c8 FATFS/Target/sd_diskio.o
 .debug_macro   0x0000000000038882       0x16 FATFS/Target/sd_diskio.o
 .debug_macro   0x0000000000038898       0x7c FATFS/Target/sd_diskio.o
 .debug_macro   0x0000000000038914      0x3b2 Middlewares/Third_Party/FatFs/src/ff_gen_drv.o

.debug_line     0x0000000000000000    0x1c21b
 .debug_line    0x0000000000000000      0xc31 Core/Src/main.o
 .debug_line    0x0000000000000c31      0xb93 Core/Src/stm32h7xx_hal_msp.o
 .debug_line    0x00000000000017c4      0x9ca Core/Src/stm32h7xx_it.o
 .debug_line    0x000000000000218e      0x959 Core/Src/system_stm32h7xx.o
 .debug_line    0x0000000000002ae7       0x87 Core/Startup/startup_stm32h730zbtx.o
 .debug_line    0x0000000000002b6e      0xd32 Drivers/STM32H7xx_HAL_Driver/Src/stm32h7xx_hal.o
 .debug_line    0x00000000000038a0      0xc4c Drivers/STM32H7xx_HAL_Driver/Src/stm32h7xx_hal_cortex.o
 .debug_line    0x00000000000044ec      0xc60 Drivers/STM32H7xx_HAL_Driver/Src/stm32h7xx_hal_dcmi.o
 .debug_line    0x000000000000514c     0x1d8b Drivers/STM32H7xx_HAL_Driver/Src/stm32h7xx_hal_dma.o
 .debug_line    0x0000000000006ed7     0x160e Drivers/STM32H7xx_HAL_Driver/Src/stm32h7xx_hal_fdcan.o
 .debug_line    0x00000000000084e5      0xaf3 Drivers/STM32H7xx_HAL_Driver/Src/stm32h7xx_hal_gpio.o
 .debug_line    0x0000000000008fd8     0x1f85 Drivers/STM32H7xx_HAL_Driver/Src/stm32h7xx_hal_i2c.o
 .debug_line    0x000000000000af5d      0xa54 Drivers/STM32H7xx_HAL_Driver/Src/stm32h7xx_hal_i2c_ex.o
 .debug_line    0x000000000000b9b1      0xca2 Drivers/STM32H7xx_HAL_Driver/Src/stm32h7xx_hal_pwr_ex.o
 .debug_line    0x000000000000c653      0xc73 Drivers/STM32H7xx_HAL_Driver/Src/stm32h7xx_hal_rcc.o
 .debug_line    0x000000000000d2c6      0xf17 Drivers/STM32H7xx_HAL_Driver/Src/stm32h7xx_hal_rcc_ex.o
 .debug_line    0x000000000000e1dd     0x1378 Drivers/STM32H7xx_HAL_Driver/Src/stm32h7xx_hal_sd.o
 .debug_line    0x000000000000f555      0xd17 Drivers/STM32H7xx_HAL_Driver/Src/stm32h7xx_hal_sdram.o
 .debug_line    0x000000000001026c     0x1373 Drivers/STM32H7xx_HAL_Driver/Src/stm32h7xx_hal_spi.o
 .debug_line    0x00000000000115df     0x282a Drivers/STM32H7xx_HAL_Driver/Src/stm32h7xx_hal_tim.o
 .debug_line    0x0000000000013e09     0x1681 Drivers/STM32H7xx_HAL_Driver/Src/stm32h7xx_hal_tim_ex.o
 .debug_line    0x000000000001548a     0x1714 Drivers/STM32H7xx_HAL_Driver/Src/stm32h7xx_hal_uart.o
 .debug_line    0x0000000000016b9e      0xb7f Drivers/STM32H7xx_HAL_Driver/Src/stm32h7xx_hal_uart_ex.o
 .debug_line    0x000000000001771d      0xb39 Drivers/STM32H7xx_HAL_Driver/Src/stm32h7xx_ll_fmc.o
 .debug_line    0x0000000000018256      0xe00 Drivers/STM32H7xx_HAL_Driver/Src/stm32h7xx_ll_sdmmc.o
 .debug_line    0x0000000000019056      0x9eb FATFS/App/fatfs.o
 .debug_line    0x0000000000019a41      0xa4f FATFS/Target/bsp_driver_sd.o
 .debug_line    0x000000000001a490      0x91c FATFS/Target/fatfs_platform.o
 .debug_line    0x000000000001adac      0xa5a FATFS/Target/sd_diskio.o
 .debug_line    0x000000000001b806      0xa15 Middlewares/Third_Party/FatFs/src/ff_gen_drv.o

.debug_str      0x0000000000000000   0x169e97
 .debug_str     0x0000000000000000   0x1601a3 Core/Src/main.o
                                     0x1609c7 (size before relaxing)
 .debug_str     0x00000000001601a3      0x988 Core/Src/stm32h7xx_hal_msp.o
                                     0x160151 (size before relaxing)
 .debug_str     0x0000000000160b2b       0xcd Core/Src/stm32h7xx_it.o
                                     0x15e13e (size before relaxing)
 .debug_str     0x0000000000160bf8      0x280 Core/Src/system_stm32h7xx.o
                                     0x15de75 (size before relaxing)
 .debug_str     0x0000000000160e78       0x36 Core/Startup/startup_stm32h730zbtx.o
                                         0x82 (size before relaxing)
 .debug_str     0x0000000000160eae      0x8fa Drivers/STM32H7xx_HAL_Driver/Src/stm32h7xx_hal.o
                                     0x15ee23 (size before relaxing)
 .debug_str     0x00000000001617a8      0x3a1 Drivers/STM32H7xx_HAL_Driver/Src/stm32h7xx_hal_cortex.o
                                     0x15e809 (size before relaxing)
 .debug_str     0x0000000000161b49      0x24a Drivers/STM32H7xx_HAL_Driver/Src/stm32h7xx_hal_dcmi.o
                                     0x15e19d (size before relaxing)
 .debug_str     0x0000000000161d93      0x8d1 Drivers/STM32H7xx_HAL_Driver/Src/stm32h7xx_hal_dma.o
                                     0x15e5e9 (size before relaxing)
 .debug_str     0x0000000000162664     0x1b99 Drivers/STM32H7xx_HAL_Driver/Src/stm32h7xx_hal_fdcan.o
                                     0x15fb78 (size before relaxing)
 .debug_str     0x00000000001641fd      0x1ff Drivers/STM32H7xx_HAL_Driver/Src/stm32h7xx_hal_gpio.o
                                     0x15dfa5 (size before relaxing)
 .debug_str     0x00000000001643fc      0xd3c Drivers/STM32H7xx_HAL_Driver/Src/stm32h7xx_hal_i2c.o
                                     0x15ee3d (size before relaxing)
 .debug_str     0x0000000000165138       0xb8 Drivers/STM32H7xx_HAL_Driver/Src/stm32h7xx_hal_i2c_ex.o
                                     0x15e2e0 (size before relaxing)
 .debug_str     0x00000000001651f0      0x5dd Drivers/STM32H7xx_HAL_Driver/Src/stm32h7xx_hal_pwr_ex.o
                                     0x15e2b4 (size before relaxing)
 .debug_str     0x00000000001657cd      0x26c Drivers/STM32H7xx_HAL_Driver/Src/stm32h7xx_hal_rcc.o
                                     0x15e1e0 (size before relaxing)
 .debug_str     0x0000000000165a39      0x653 Drivers/STM32H7xx_HAL_Driver/Src/stm32h7xx_hal_rcc_ex.o
                                     0x15e6d0 (size before relaxing)
 .debug_str     0x000000000016608c      0x78e Drivers/STM32H7xx_HAL_Driver/Src/stm32h7xx_hal_sd.o
                                     0x15e5d3 (size before relaxing)
 .debug_str     0x000000000016681a      0x2ee Drivers/STM32H7xx_HAL_Driver/Src/stm32h7xx_hal_sdram.o
                                     0x15e24c (size before relaxing)
 .debug_str     0x0000000000166b08      0x4e8 Drivers/STM32H7xx_HAL_Driver/Src/stm32h7xx_hal_spi.o
                                     0x15e4ed (size before relaxing)
 .debug_str     0x0000000000166ff0      0xce6 Drivers/STM32H7xx_HAL_Driver/Src/stm32h7xx_hal_tim.o
                                     0x15ef68 (size before relaxing)
 .debug_str     0x0000000000167cd6      0x62d Drivers/STM32H7xx_HAL_Driver/Src/stm32h7xx_hal_tim_ex.o
                                     0x15e877 (size before relaxing)
 .debug_str     0x0000000000168303      0x92e Drivers/STM32H7xx_HAL_Driver/Src/stm32h7xx_hal_uart.o
                                     0x15eb5a (size before relaxing)
 .debug_str     0x0000000000168c31      0x288 Drivers/STM32H7xx_HAL_Driver/Src/stm32h7xx_hal_uart_ex.o
                                     0x15e1a4 (size before relaxing)
 .debug_str     0x0000000000168eb9      0x826 Drivers/STM32H7xx_HAL_Driver/Src/stm32h7xx_ll_fmc.o
                                     0x15e454 (size before relaxing)
 .debug_str     0x00000000001696df      0x492 Drivers/STM32H7xx_HAL_Driver/Src/stm32h7xx_ll_sdmmc.o
                                     0x15e043 (size before relaxing)
 .debug_str     0x0000000000169b71       0x2f FATFS/App/fatfs.o
                                     0x15e54d (size before relaxing)
 .debug_str     0x0000000000169ba0      0x154 FATFS/Target/bsp_driver_sd.o
                                     0x15dfb2 (size before relaxing)
 .debug_str     0x0000000000169cf4       0x38 FATFS/Target/fatfs_platform.o
                                     0x15da92 (size before relaxing)
 .debug_str     0x0000000000169d2c       0xa0 FATFS/Target/sd_diskio.o
                                     0x15e544 (size before relaxing)
 .debug_str     0x0000000000169dcc       0xcb Middlewares/Third_Party/FatFs/src/ff_gen_drv.o
                                     0x15e4ca (size before relaxing)

.comment        0x0000000000000000       0x7b
 .comment       0x0000000000000000       0x7b Core/Src/main.o
                                         0x7c (size before relaxing)
 .comment       0x000000000000007b       0x7c Core/Src/stm32h7xx_hal_msp.o
 .comment       0x000000000000007b       0x7c Core/Src/stm32h7xx_it.o
 .comment       0x000000000000007b       0x7c Core/Src/system_stm32h7xx.o