Archive member included to satisfy reference by file (symbol)

/opt/st/stm32cubeide_1.5.0/plugins/com.st.stm32cube.ide.mcu.externaltools.gnu-tools-for-stm32.7-2018-q2-update.linux64_1.5.0.202011040924/tools/bin/../lib/gcc/arm-none-eabi/7.3.1/../../../../arm-none-eabi/lib/thumb/v7e-m/fpv4-sp/hard/libc_nano.a(lib_a-errno.o)
                              Core/Src/syscalls.o (__errno)
/opt/st/stm32cubeide_1.5.0/plugins/com.st.stm32cube.ide.mcu.externaltools.gnu-tools-for-stm32.7-2018-q2-update.linux64_1.5.0.202011040924/tools/bin/../lib/gcc/arm-none-eabi/7.3.1/../../../../arm-none-eabi/lib/thumb/v7e-m/fpv4-sp/hard/libc_nano.a(lib_a-exit.o)
                              /opt/st/stm32cubeide_1.5.0/plugins/com.st.stm32cube.ide.mcu.externaltools.gnu-tools-for-stm32.7-2018-q2-update.linux64_1.5.0.202011040924/tools/bin/../lib/gcc/arm-none-eabi/7.3.1/../../../../arm-none-eabi/lib/thumb/v7e-m/fpv4-sp/hard/crt0.o (exit)
/opt/st/stm32cubeide_1.5.0/plugins/com.st.stm32cube.ide.mcu.externaltools.gnu-tools-for-stm32.7-2018-q2-update.linux64_1.5.0.202011040924/tools/bin/../lib/gcc/arm-none-eabi/7.3.1/../../../../arm-none-eabi/lib/thumb/v7e-m/fpv4-sp/hard/libc_nano.a(lib_a-impure.o)
                              /opt/st/stm32cubeide_1.5.0/plugins/com.st.stm32cube.ide.mcu.externaltools.gnu-tools-for-stm32.7-2018-q2-update.linux64_1.5.0.202011040924/tools/bin/../lib/gcc/arm-none-eabi/7.3.1/../../../../arm-none-eabi/lib/thumb/v7e-m/fpv4-sp/hard/libc_nano.a(lib_a-exit.o) (_global_impure_ptr)
/opt/st/stm32cubeide_1.5.0/plugins/com.st.stm32cube.ide.mcu.externaltools.gnu-tools-for-stm32.7-2018-q2-update.linux64_1.5.0.202011040924/tools/bin/../lib/gcc/arm-none-eabi/7.3.1/../../../../arm-none-eabi/lib/thumb/v7e-m/fpv4-sp/hard/libc_nano.a(lib_a-init.o)
                              /opt/st/stm32cubeide_1.5.0/plugins/com.st.stm32cube.ide.mcu.externaltools.gnu-tools-for-stm32.7-2018-q2-update.linux64_1.5.0.202011040924/tools/bin/../lib/gcc/arm-none-eabi/7.3.1/../../../../arm-none-eabi/lib/thumb/v7e-m/fpv4-sp/hard/crt0.o (__libc_init_array)
/opt/st/stm32cubeide_1.5.0/plugins/com.st.stm32cube.ide.mcu.externaltools.gnu-tools-for-stm32.7-2018-q2-update.linux64_1.5.0.202011040924/tools/bin/../lib/gcc/arm-none-eabi/7.3.1/../../../../arm-none-eabi/lib/thumb/v7e-m/fpv4-sp/hard/libc_nano.a(lib_a-malloc.o)
                              Middlewares/ST/STM32_USB_Device_Library/Class/CDC/Src/usbd_cdc.o (malloc)
/opt/st/stm32cubeide_1.5.0/plugins/com.st.stm32cube.ide.mcu.externaltools.gnu-tools-for-stm32.7-2018-q2-update.linux64_1.5.0.202011040924/tools/bin/../lib/gcc/arm-none-eabi/7.3.1/../../../../arm-none-eabi/lib/thumb/v7e-m/fpv4-sp/hard/libc_nano.a(lib_a-memcpy-stub.o)
                              USB_DEVICE/App/usbd_cdc_if.o (memcpy)
/opt/st/stm32cubeide_1.5.0/plugins/com.st.stm32cube.ide.mcu.externaltools.gnu-tools-for-stm32.7-2018-q2-update.linux64_1.5.0.202011040924/tools/bin/../lib/gcc/arm-none-eabi/7.3.1/../../../../arm-none-eabi/lib/thumb/v7e-m/fpv4-sp/hard/libc_nano.a(lib_a-memset.o)
                              /opt/st/stm32cubeide_1.5.0/plugins/com.st.stm32cube.ide.mcu.externaltools.gnu-tools-for-stm32.7-2018-q2-update.linux64_1.5.0.202011040924/tools/bin/../lib/gcc/arm-none-eabi/7.3.1/../../../../arm-none-eabi/lib/thumb/v7e-m/fpv4-sp/hard/crt0.o (memset)
/opt/st/stm32cubeide_1.5.0/plugins/com.st.stm32cube.ide.mcu.externaltools.gnu-tools-for-stm32.7-2018-q2-update.linux64_1.5.0.202011040924/tools/bin/../lib/gcc/arm-none-eabi/7.3.1/../../../../arm-none-eabi/lib/thumb/v7e-m/fpv4-sp/hard/libc_nano.a(lib_a-nano-freer.o)
                              /opt/st/stm32cubeide_1.5.0/plugins/com.st.stm32cube.ide.mcu.externaltools.gnu-tools-for-stm32.7-2018-q2-update.linux64_1.5.0.202011040924/tools/bin/../lib/gcc/arm-none-eabi/7.3.1/../../../../arm-none-eabi/lib/thumb/v7e-m/fpv4-sp/hard/libc_nano.a(lib_a-malloc.o) (_free_r)
/opt/st/stm32cubeide_1.5.0/plugins/com.st.stm32cube.ide.mcu.externaltools.gnu-tools-for-stm32.7-2018-q2-update.linux64_1.5.0.202011040924/tools/bin/../lib/gcc/arm-none-eabi/7.3.1/../../../../arm-none-eabi/lib/thumb/v7e-m/fpv4-sp/hard/libc_nano.a(lib_a-nano-mallocr.o)
                              /opt/st/stm32cubeide_1.5.0/plugins/com.st.stm32cube.ide.mcu.externaltools.gnu-tools-for-stm32.7-2018-q2-update.linux64_1.5.0.202011040924/tools/bin/../lib/gcc/arm-none-eabi/7.3.1/../../../../arm-none-eabi/lib/thumb/v7e-m/fpv4-sp/hard/libc_nano.a(lib_a-malloc.o) (_malloc_r)
/opt/st/stm32cubeide_1.5.0/plugins/com.st.stm32cube.ide.mcu.externaltools.gnu-tools-for-stm32.7-2018-q2-update.linux64_1.5.0.202011040924/tools/bin/../lib/gcc/arm-none-eabi/7.3.1/../../../../arm-none-eabi/lib/thumb/v7e-m/fpv4-sp/hard/libc_nano.a(lib_a-sbrkr.o)
                              /opt/st/stm32cubeide_1.5.0/plugins/com.st.stm32cube.ide.mcu.externaltools.gnu-tools-for-stm32.7-2018-q2-update.linux64_1.5.0.202011040924/tools/bin/../lib/gcc/arm-none-eabi/7.3.1/../../../../arm-none-eabi/lib/thumb/v7e-m/fpv4-sp/hard/libc_nano.a(lib_a-nano-mallocr.o) (_sbrk_r)
[...]
Memory Configuration

Name             Origin             Length             Attributes
RAM              0x0000000020000000 0x0000000000020000 xrw
FLASH            0x0000000008000000 0x0000000000040000 xr
*default*        0x0000000000000000 0xffffffffffffffff

Linker script and memory map

LOAD /opt/st/stm32cubeide_1.5.0/plugins/com.st.stm32cube.ide.mcu.externaltools.gnu-tools-for-stm32.7-2018-q2-update.linux64_1.5.0.202011040924/tools/bin/../lib/gcc/arm-none-eabi/7.3.1/thumb/v7e-m/fpv4-sp/hard/crti.o
LOAD /opt/st/stm32cubeide_1.5.0/plugins/com.st.stm32cube.ide.mcu.externaltools.gnu-tools-for-stm32.7-2018-q2-update.linux64_1.5.0.202011040924/tools/bin/../lib/gcc/arm-none-eabi/7.3.1/thumb/v7e-m/fpv4-sp/hard/crtbegin.o
LOAD /opt/st/stm32cubeide_1.5.0/plugins/com.st.stm32cube.ide.mcu.externaltools.gnu-tools-for-stm32.7-2018-q2-update.linux64_1.5.0.202011040924/tools/bin/../lib/gcc/arm-none-eabi/7.3.1/../../../../arm-none-eabi/lib/thumb/v7e-m/fpv4-sp/hard/crt0.o
LOAD Core/Src/UartRingbuffer.o
LOAD Core/Src/file_handling.o
LOAD Core/Src/main.o
LOAD Core/Src/stm32f4xx_hal_msp.o
LOAD Core/Src/stm32f4xx_it.o
LOAD Core/Src/syscalls.o
LOAD Core/Src/sysmem.o
LOAD Core/Src/system_stm32f4xx.o
LOAD Core/Startup/startup_stm32f446vctx.o
LOAD Drivers/STM32F4xx_HAL_Driver/Src/stm32f4xx_hal.o
LOAD Drivers/STM32F4xx_HAL_Driver/Src/stm32f4xx_hal_adc.o
LOAD Drivers/STM32F4xx_HAL_Driver/Src/stm32f4xx_hal_adc_ex.o
LOAD Drivers/STM32F4xx_HAL_Driver/Src/stm32f4xx_hal_can.o
LOAD Drivers/STM32F4xx_HAL_Driver/Src/stm32f4xx_hal_cortex.o
LOAD Drivers/STM32F4xx_HAL_Driver/Src/stm32f4xx_hal_dma.o
LOAD Drivers/STM32F4xx_HAL_Driver/Src/stm32f4xx_hal_dma_ex.o
LOAD Drivers/STM32F4xx_HAL_Driver/Src/stm32f4xx_hal_exti.o
LOAD Drivers/STM32F4xx_HAL_Driver/Src/stm32f4xx_hal_flash.o
LOAD Drivers/STM32F4xx_HAL_Driver/Src/stm32f4xx_hal_flash_ex.o
LOAD Drivers/STM32F4xx_HAL_Driver/Src/stm32f4xx_hal_flash_ramfunc.o
LOAD Drivers/STM32F4xx_HAL_Driver/Src/stm32f4xx_hal_gpio.o
LOAD Drivers/STM32F4xx_HAL_Driver/Src/stm32f4xx_hal_i2c.o
LOAD Drivers/STM32F4xx_HAL_Driver/Src/stm32f4xx_hal_i2c_ex.o
LOAD Drivers/STM32F4xx_HAL_Driver/Src/stm32f4xx_hal_pcd.o
LOAD Drivers/STM32F4xx_HAL_Driver/Src/stm32f4xx_hal_pcd_ex.o
LOAD Drivers/STM32F4xx_HAL_Driver/Src/stm32f4xx_hal_pwr.o
LOAD Drivers/STM32F4xx_HAL_Driver/Src/stm32f4xx_hal_pwr_ex.o
LOAD Drivers/STM32F4xx_HAL_Driver/Src/stm32f4xx_hal_rcc.o
LOAD Drivers/STM32F4xx_HAL_Driver/Src/stm32f4xx_hal_rcc_ex.o
LOAD Drivers/STM32F4xx_HAL_Driver/Src/stm32f4xx_hal_sd.o
LOAD Drivers/STM32F4xx_HAL_Driver/Src/stm32f4xx_hal_spi.o
LOAD Drivers/STM32F4xx_HAL_Driver/Src/stm32f4xx_hal_tim.o
LOAD Drivers/STM32F4xx_HAL_Driver/Src/stm32f4xx_hal_tim_ex.o
LOAD Drivers/STM32F4xx_HAL_Driver/Src/stm32f4xx_hal_uart.o
LOAD Drivers/STM32F4xx_HAL_Driver/Src/stm32f4xx_ll_sdmmc.o
LOAD Drivers/STM32F4xx_HAL_Driver/Src/stm32f4xx_ll_usb.o
LOAD FATFS/App/fatfs.o
LOAD FATFS/Target/bsp_driver_sd.o
LOAD FATFS/Target/fatfs_platform.o
LOAD FATFS/Target/sd_diskio.o
LOAD Middlewares/ST/STM32_USB_Device_Library/Class/CDC/Src/usbd_cdc.o
LOAD Middlewares/ST/STM32_USB_Device_Library/Core/Src/usbd_core.o
LOAD Middlewares/ST/STM32_USB_Device_Library/Core/Src/usbd_ctlreq.o
LOAD Middlewares/ST/STM32_USB_Device_Library/Core/Src/usbd_ioreq.o
LOAD Middlewares/Third_Party/FatFs/src/diskio.o
LOAD Middlewares/Third_Party/FatFs/src/ff.o
LOAD Middlewares/Third_Party/FatFs/src/ff_gen_drv.o
LOAD Middlewares/Third_Party/FatFs/src/option/ccsbcs.o
LOAD Middlewares/Third_Party/FatFs/src/option/syscall.o
LOAD USB_DEVICE/App/usb_device.o
LOAD USB_DEVICE/App/usbd_cdc_if.o
LOAD USB_DEVICE/App/usbd_desc.o
LOAD USB_DEVICE/Target/usbd_conf.o
START GROUP
LOAD /opt/st/stm32cubeide_1.5.0/plugins/com.st.stm32cube.ide.mcu.externaltools.gnu-tools-for-stm32.7-2018-q2-update.linux64_1.5.0.202011040924/tools/bin/../lib/gcc/arm-none-eabi/7.3.1/../../../../arm-none-eabi/lib/thumb/v7e-m/fpv4-sp/hard/libc_nano.a
LOAD /opt/st/stm32cubeide_1.5.0/plugins/com.st.stm32cube.ide.mcu.externaltools.gnu-tools-for-stm32.7-2018-q2-update.linux64_1.5.0.202011040924/tools/bin/../lib/gcc/arm-none-eabi/7.3.1/../../../../arm-none-eabi/lib/thumb/v7e-m/fpv4-sp/hard/libm.a
END GROUP
START GROUP
LOAD /opt/st/stm32cubeide_1.5.0/plugins/com.st.stm32cube.ide.mcu.externaltools.gnu-tools-for-stm32.7-2018-q2-update.linux64_1.5.0.202011040924/tools/bin/../lib/gcc/arm-none-eabi/7.3.1/thumb/v7e-m/fpv4-sp/hard/libgcc.a
LOAD /opt/st/stm32cubeide_1.5.0/plugins/com.st.stm32cube.ide.mcu.externaltools.gnu-tools-for-stm32.7-2018-q2-update.linux64_1.5.0.202011040924/tools/bin/../lib/gcc/arm-none-eabi/7.3.1/../../../../arm-none-eabi/lib/thumb/v7e-m/fpv4-sp/hard/libc_nano.a
END GROUP
START GROUP
LOAD /opt/st/stm32cubeide_1.5.0/plugins/com.st.stm32cube.ide.mcu.externaltools.gnu-tools-for-stm32.7-2018-q2-update.linux64_1.5.0.202011040924/tools/bin/../lib/gcc/arm-none-eabi/7.3.1/thumb/v7e-m/fpv4-sp/hard/libgcc.a
LOAD /opt/st/stm32cubeide_1.5.0/plugins/com.st.stm32cube.ide.mcu.externaltools.gnu-tools-for-stm32.7-2018-q2-update.linux64_1.5.0.202011040924/tools/bin/../lib/gcc/arm-none-eabi/7.3.1/../../../../arm-none-eabi/lib/thumb/v7e-m/fpv4-sp/hard/libc_nano.a
LOAD /opt/st/stm32cubeide_1.5.0/plugins/com.st.stm32cube.ide.mcu.externaltools.gnu-tools-for-stm32.7-2018-q2-update.linux64_1.5.0.202011040924/tools/bin/../lib/gcc/arm-none-eabi/7.3.1/../../../../arm-none-eabi/lib/thumb/v7e-m/fpv4-sp/hard/libnosys.a
END GROUP
START GROUP
LOAD /opt/st/stm32cubeide_1.5.0/plugins/com.st.stm32cube.ide.mcu.externaltools.gnu-tools-for-stm32.7-2018-q2-update.linux64_1.5.0.202011040924/tools/bin/../lib/gcc/arm-none-eabi/7.3.1/thumb/v7e-m/fpv4-sp/hard/libgcc.a
LOAD /opt/st/stm32cubeide_1.5.0/plugins/com.st.stm32cube.ide.mcu.externaltools.gnu-tools-for-stm32.7-2018-q2-update.linux64_1.5.0.202011040924/tools/bin/../lib/gcc/arm-none-eabi/7.3.1/../../../../arm-none-eabi/lib/thumb/v7e-m/fpv4-sp/hard/libc_nano.a
LOAD /opt/st/stm32cubeide_1.5.0/plugins/com.st.stm32cube.ide.mcu.externaltools.gnu-tools-for-stm32.7-2018-q2-update.linux64_1.5.0.202011040924/tools/bin/../lib/gcc/arm-none-eabi/7.3.1/../../../../arm-none-eabi/lib/thumb/v7e-m/fpv4-sp/hard/libnosys.a
END GROUP
LOAD /opt/st/stm32cubeide_1.5.0/plugins/com.st.stm32cube.ide.mcu.externaltools.gnu-tools-for-stm32.7-2018-q2-update.linux64_1.5.0.202011040924/tools/bin/../lib/gcc/arm-none-eabi/7.3.1/thumb/v7e-m/fpv4-sp/hard/crtend.o
LOAD /opt/st/stm32cubeide_1.5.0/plugins/com.st.stm32cube.ide.mcu.externaltools.gnu-tools-for-stm32.7-2018-q2-update.linux64_1.5.0.202011040924/tools/bin/../lib/gcc/arm-none-eabi/7.3.1/thumb/v7e-m/fpv4-sp/hard/crtn.o
                0x0000000020020000                _estack = (ORIGIN (RAM) + LENGTH (RAM))
                0x0000000000000200                _Min_Heap_Size = 0x200
                0x0000000000000400                _Min_Stack_Size = 0x400

.isr_vector     0x0000000008000000      0x1c4
                0x0000000008000000                . = ALIGN (0x4)
 *(.isr_vector)
 .isr_vector    0x0000000008000000      0x1c4 Core/Startup/startup_stm32f446vctx.o
                0x0000000008000000                g_pfnVectors
                0x00000000080001c4                . = ALIGN (0x4)

.text           0x00000000080001d0    0x11c8c
                0x00000000080001d0                . = ALIGN (0x4)
 *(.text)
 .text          0x00000000080001d0       0x40 /opt/st/stm32cubeide_1.5.0/plugins/com.st.stm32cube.ide.mcu.externaltools.gnu-tools-for-stm32.7-2018-q2-update.linux64_1.5.0.202011040924/tools/bin/../lib/gcc/arm-none-eabi/7.3.1/thumb/v7e-m/fpv4-sp/hard/crtbegin.o
 .text          0x0000000008000210       0x14 /opt/st/stm32cubeide_1.5.0/plugins/com.st.stm32cube.ide.mcu.externaltools.gnu-tools-for-stm32.7-2018-q2-update.linux64_1.5.0.202011040924/tools/bin/../lib/gcc/arm-none-eabi/7.3.1/../../../../arm-none-eabi/lib/thumb/v7e-m/fpv4-sp/hard/libc_nano.a(lib_a-strcmp.o)
                0x0000000008000210                strcmp
 .text          0x0000000008000224       0x10 /opt/st/stm32cubeide_1.5.0/plugins/com.st.stm32cube.ide.mcu.externaltools.gnu-tools-for-stm32.7-2018-q2-update.linux64_1.5.0.202011040924/tools/bin/../lib/gcc/arm-none-eabi/7.3.1/../../../../arm-none-eabi/lib/thumb/v7e-m/fpv4-sp/hard/libc_nano.a(lib_a-strlen.o)
                0x0000000008000224                strlen
 *fill*         0x0000000008000234        0xc 
 .text          0x0000000008000240       0xa0 /opt/st/stm32cubeide_1.5.0/plugins/com.st.stm32cube.ide.mcu.externaltools.gnu-tools-for-stm32.7-2018-q2-update.linux64_1.5.0.202011040924/tools/bin/../lib/gcc/arm-none-eabi/7.3.1/../../../../arm-none-eabi/lib/thumb/v7e-m/fpv4-sp/hard/libc_nano.a(lib_a-memchr.o)
                0x0000000008000240                memchr
 .text          0x00000000080002e0      0x378 /opt/st/stm32cubeide_1.5.0/plugins/com.st.stm32cube.ide.mcu.externaltools.gnu-tools-for-stm32.7-2018-q2-update.linux64_1.5.0.202011040924/tools/bin/../lib/gcc/arm-none-eabi/7.3.1/thumb/v7e-m/fpv4-sp/hard/libgcc.a(_arm_addsubdf3.o)
                0x00000000080002e0                __aeabi_drsub
                0x00000000080002e8                __aeabi_dsub
                0x00000000080002e8                __subdf3
                0x00000000080002ec                __adddf3
                0x00000000080002ec                __aeabi_dadd
                0x0000000008000564                __aeabi_ui2d
                0x0000000008000564                __floatunsidf
                0x0000000008000584                __floatsidf
                0x0000000008000584                __aeabi_i2d
                0x00000000080005a8                __extendsfdf2
                0x00000000080005a8                __aeabi_f2d
                0x00000000080005ec                __aeabi_ul2d
                0x00000000080005ec                __floatundidf
                0x00000000080005fc                __floatdidf
                0x00000000080005fc                __aeabi_l2d
 .text          0x0000000008000658      0x424 /opt/st/stm32cubeide_1.5.0/plugins/com.st.stm32cube.ide.mcu.externaltools.gnu-tools-for-stm32.7-2018-q2-update.linux64_1.5.0.202011040924/tools/bin/../lib/gcc/arm-none-eabi/7.3.1/thumb/v7e-m/fpv4-sp/hard/libgcc.a(_arm_muldivdf3.o)
                0x0000000008000658                __aeabi_dmul
                0x0000000008000658                __muldf3
                0x00000000080008ac                __aeabi_ddiv
                0x00000000080008ac                __divdf3
 .text          0x0000000008000a7c       0x40 /opt/st/stm32cubeide_1.5.0/plugins/com.st.stm32cube.ide.mcu.externaltools.gnu-tools-for-stm32.7-2018-q2-update.linux64_1.5.0.202011040924/tools/bin/../lib/gcc/arm-none-eabi/7.3.1/thumb/v7e-m/fpv4-sp/hard/libgcc.a(_arm_fixunsdfsi.o)
                0x0000000008000a7c                __fixunsdfsi
                0x0000000008000a7c                __aeabi_d2uiz
 .text          0x0000000008000abc       0x30 /opt/st/stm32cubeide_1.5.0/plugins/com.st.stm32cube.ide.mcu.externaltools.gnu-tools-for-stm32.7-2018-q2-update.linux64_1.5.0.202011040924/tools/bin/../lib/gcc/arm-none-eabi/7.3.1/thumb/v7e-m/fpv4-sp/hard/libgcc.a(_aeabi_uldivmod.o)
                0x0000000008000abc                __aeabi_uldivmod
 .text          0x0000000008000aec      0x2cc /opt/st/stm32cubeide_1.5.0/plugins/com.st.stm32cube.ide.mcu.externaltools.gnu-tools-for-stm32.7-2018-q2-update.linux64_1.5.0.202011040924/tools/bin/../lib/gcc/arm-none-eabi/7.3.1/thumb/v7e-m/fpv4-sp/hard/libgcc.a(_udivmoddi4.o)
                0x0000000008000aec                __udivmoddi4
 .text          0x0000000008000db8        0x4 /opt/st/stm32cubeide_1.5.0/plugins/com.st.stm32cube.ide.mcu.externaltools.gnu-tools-for-stm32.7-2018-q2-update.linux64_1.5.0.202011040924/tools/bin/../lib/gcc/arm-none-eabi/7.3.1/thumb/v7e-m/fpv4-sp/hard/libgcc.a(_dvmd_tls.o)
                0x0000000008000db8                __aeabi_ldiv0
                0x0000000008000db8                __aeabi_idiv0
 *(.text*)
 .text.Uart_read
                0x0000000008000dbc       0x50 Core/Src/UartRingbuffer.o
                0x0000000008000dbc                Uart_read
 .text.IsDataAvailable
                0x0000000008000e0c       0x2c Core/Src/UartRingbuffer.o
                0x0000000008000e0c                IsDataAvailable
 .text.wait_until
                0x0000000008000e38       0xc4 Core/Src/UartRingbuffer.o
                0x0000000008000e38                wait_until
 .text.bufsize  0x0000000008000efc       0x2e Core/Src/file_handling.o
                0x0000000008000efc                bufsize
 *fill*         0x0000000008000f2a        0x2 
 .text.clear_buffer
                0x0000000008000f2c       0x34 Core/Src/file_handling.o
                0x0000000008000f2c                clear_buffer
 .text.clear_path
                0x0000000008000f60       0x34 Core/Src/file_handling.o
                0x0000000008000f60                clear_path
 .text.send_uart
                0x0000000008000f94       0x24 Core/Src/file_handling.o
                0x0000000008000f94                send_uart
 .text.cmdlength
                0x0000000008000fb8       0x2e Core/Src/file_handling.o
                0x0000000008000fb8                cmdlength
 *fill*         0x0000000008000fe6        0x2 
 .text.get_path
                0x0000000008000fe8       0x68 Core/Src/file_handling.o
                0x0000000008000fe8                get_path
 .text.mount_sd
                0x0000000008001050       0x44 Core/Src/file_handling.o
                0x0000000008001050                mount_sd
 .text.scan_files
                0x0000000008001094      0x128 Core/Src/file_handling.o
                0x0000000008001094                scan_files
 .text.write_file
                0x00000000080011bc      0x13c Core/Src/file_handling.o
                0x00000000080011bc                write_file
 .text.read_file
                0x00000000080012f8      0x110 Core/Src/file_handling.o
                0x00000000080012f8                read_file
 .text.create_file
                0x0000000008001408       0xc8 Core/Src/file_handling.o
                0x0000000008001408                create_file
 .text.remove_file
                0x00000000080014d0       0x8c Core/Src/file_handling.o
                0x00000000080014d0                remove_file
 .text.create_dir
                0x000000000800155c       0x5c Core/Src/file_handling.o
                0x000000000800155c                create_dir
 .text.check_sd
                0x00000000080015b8       0xc4 Core/Src/file_handling.o
                0x00000000080015b8                check_sd
 .text.check_file
                0x000000000800167c      0x14c Core/Src/file_handling.o
                0x000000000800167c                check_file
 .text.update_file
                0x00000000080017c8      0x13c Core/Src/file_handling.o
                0x00000000080017c8                update_file
 .text.main     0x0000000008001904      0x3f0 Core/Src/main.o
                0x0000000008001904                main
 .text.SystemClock_Config
                0x0000000008001cf4      0x118 Core/Src/main.o
                0x0000000008001cf4                SystemClock_Config
 .text.MX_ADC1_Init
                0x0000000008001e0c       0xa4 Core/Src/main.o
 .text.MX_CAN1_Init
                0x0000000008001eb0       0x68 Core/Src/main.o
 .text.MX_I2C1_Init
                0x0000000008001f18       0x5c Core/Src/main.o
 .text.MX_SDIO_SD_Init
                0x0000000008001f74       0x40 Core/Src/main.o
 .text.MX_SPI1_Init
                0x0000000008001fb4       0x70 Core/Src/main.o
 .text.MX_TIM1_Init
                0x0000000008002024      0x140 Core/Src/main.o
 .text.MX_TIM2_Init
                0x0000000008002164       0xec Core/Src/main.o
 .text.MX_TIM3_Init
                0x0000000008002250       0xec Core/Src/main.o
 .text.MX_TIM4_Init
                0x000000000800233c      0x130 Core/Src/main.o
 .text.MX_TIM5_Init
                0x000000000800246c       0xec Core/Src/main.o
 .text.MX_TIM8_Init
                0x0000000008002558       0xb0 Core/Src/main.o
 .text.MX_TIM9_Init
                0x0000000008002608       0xc4 Core/Src/main.o
 .text.MX_TIM14_Init
                0x00000000080026cc       0x48 Core/Src/main.o
 .text.MX_UART4_Init
                0x0000000008002714       0x54 Core/Src/main.o
 .text.MX_GPIO_Init
                0x0000000008002768      0x214 Core/Src/main.o
 .text.Error_Handler
                0x000000000800297c        0x8 Core/Src/main.o
                0x000000000800297c                Error_Handler
 .text.HAL_MspInit
                0x0000000008002984       0x50 Core/Src/stm32f4xx_hal_msp.o
                0x0000000008002984                HAL_MspInit
 .text.HAL_ADC_MspInit
                0x00000000080029d4       0x88 Core/Src/stm32f4xx_hal_msp.o
                0x00000000080029d4                HAL_ADC_MspInit
 .text.HAL_CAN_MspInit
                0x0000000008002a5c       0x90 Core/Src/stm32f4xx_hal_msp.o
                0x0000000008002a5c                HAL_CAN_MspInit
 .text.HAL_I2C_MspInit
                0x0000000008002aec       0x90 Core/Src/stm32f4xx_hal_msp.o
                0x0000000008002aec                HAL_I2C_MspInit
 .text.HAL_SD_MspInit
                0x0000000008002b7c      0x110 Core/Src/stm32f4xx_hal_msp.o
                0x0000000008002b7c                HAL_SD_MspInit
 .text.HAL_SPI_MspInit
                0x0000000008002c8c       0x90 Core/Src/stm32f4xx_hal_msp.o
                0x0000000008002c8c                HAL_SPI_MspInit
 .text.HAL_TIM_Base_MspInit
                0x0000000008002d1c      0x154 Core/Src/stm32f4xx_hal_msp.o
                0x0000000008002d1c                HAL_TIM_Base_MspInit
 .text.HAL_TIM_Encoder_MspInit
                0x0000000008002e70       0xa0 Core/Src/stm32f4xx_hal_msp.o
                0x0000000008002e70                HAL_TIM_Encoder_MspInit
 .text.HAL_TIM_MspPostInit
                0x0000000008002f10      0x1fc Core/Src/stm32f4xx_hal_msp.o
                0x0000000008002f10                HAL_TIM_MspPostInit
 .text.HAL_UART_MspInit
                0x000000000800310c       0x90 Core/Src/stm32f4xx_hal_msp.o
                0x000000000800310c                HAL_UART_MspInit
 .text.NMI_Handler
                0x000000000800319c        0x6 Core/Src/stm32f4xx_it.o
                0x000000000800319c                NMI_Handler
 .text.HardFault_Handler
                0x00000000080031a2        0x6 Core/Src/stm32f4xx_it.o
                0x00000000080031a2                HardFault_Handler
 .text.MemManage_Handler
                0x00000000080031a8        0x6 Core/Src/stm32f4xx_it.o
                0x00000000080031a8                MemManage_Handler
 .text.BusFault_Handler
                0x00000000080031ae        0x6 Core/Src/stm32f4xx_it.o
                0x00000000080031ae                BusFault_Handler
 .text.UsageFault_Handler
                0x00000000080031b4        0x6 Core/Src/stm32f4xx_it.o
                0x00000000080031b4                UsageFault_Handler
 .text.SVC_Handler
                0x00000000080031ba        0xe Core/Src/stm32f4xx_it.o
                0x00000000080031ba                SVC_Handler
 .text.DebugMon_Handler
                0x00000000080031c8        0xe Core/Src/stm32f4xx_it.o
                0x00000000080031c8                DebugMon_Handler
 .text.PendSV_Handler
                0x00000000080031d6        0xe Core/Src/stm32f4xx_it.o
                0x00000000080031d6                PendSV_Handler
 .text.SysTick_Handler
                0x00000000080031e4        0xc Core/Src/stm32f4xx_it.o
                0x00000000080031e4                SysTick_Handler
 .text.TIM8_TRG_COM_TIM14_IRQHandler
                0x00000000080031f0       0x28 Core/Src/stm32f4xx_it.o
                0x00000000080031f0                TIM8_TRG_COM_TIM14_IRQHandler
 .text.OTG_FS_IRQHandler
                0x0000000008003218       0x14 Core/Src/stm32f4xx_it.o
                0x0000000008003218                OTG_FS_IRQHandler
 .text._sbrk    0x000000000800322c       0x6c Core/Src/sysmem.o
                0x000000000800322c                _sbrk
 .text.SystemInit
                0x0000000008003298       0x2c Core/Src/system_stm32f4xx.o
                0x0000000008003298                SystemInit
 .text.Reset_Handler
                0x00000000080032c4       0x50 Core/Startup/startup_stm32f446vctx.o
                0x00000000080032c4                Reset_Handler
 .text.Default_Handler
                0x0000000008003314        0x2 Core/Startup/startup_stm32f446vctx.o
                0x0000000008003314                RTC_Alarm_IRQHandler
                0x0000000008003314                EXTI2_IRQHandler
                0x0000000008003314                TIM8_CC_IRQHandler
                0x0000000008003314                FMPI2C1_EV_IRQHandler
                0x0000000008003314                SPI4_IRQHandler
                0x0000000008003314                TIM1_CC_IRQHandler
                0x0000000008003314                DMA2_Stream5_IRQHandler
                0x0000000008003314                DMA1_Stream5_IRQHandler
                0x0000000008003314                PVD_IRQHandler
                0x0000000008003314                SDIO_IRQHandler
                0x0000000008003314                TAMP_STAMP_IRQHandler
                0x0000000008003314                CAN2_RX1_IRQHandler
                0x0000000008003314                EXTI3_IRQHandler
                0x0000000008003314                TIM1_UP_TIM10_IRQHandler
                0x0000000008003314                TIM8_UP_TIM13_IRQHandler
                0x0000000008003314                I2C3_ER_IRQHandler
                0x0000000008003314                EXTI0_IRQHandler
                0x0000000008003314                I2C2_EV_IRQHandler
                0x0000000008003314                DMA1_Stream2_IRQHandler
                0x0000000008003314                CAN1_RX0_IRQHandler
                0x0000000008003314                FPU_IRQHandler
                0x0000000008003314                OTG_HS_WKUP_IRQHandler
                0x0000000008003314                CAN2_SCE_IRQHandler
                0x0000000008003314                DMA2_Stream2_IRQHandler
                0x0000000008003314                SPI1_IRQHandler
                0x0000000008003314                TIM6_DAC_IRQHandler
                0x0000000008003314                TIM1_BRK_TIM9_IRQHandler
                0x0000000008003314                DCMI_IRQHandler
                0x0000000008003314                CAN2_RX0_IRQHandler
                0x0000000008003314                DMA2_Stream3_IRQHandler
                0x0000000008003314                SAI2_IRQHandler
                0x0000000008003314                USART6_IRQHandler
                0x0000000008003314                USART3_IRQHandler
                0x0000000008003314                CAN1_RX1_IRQHandler
                0x0000000008003314                UART5_IRQHandler
                0x0000000008003314                DMA2_Stream0_IRQHandler
                0x0000000008003314                TIM4_IRQHandler
                0x0000000008003314                QUADSPI_IRQHandler
                0x0000000008003314                I2C1_EV_IRQHandler
                0x0000000008003314                DMA1_Stream6_IRQHandler
                0x0000000008003314                DMA1_Stream1_IRQHandler
                0x0000000008003314                UART4_IRQHandler
                0x0000000008003314                TIM3_IRQHandler
                0x0000000008003314                RCC_IRQHandler
                0x0000000008003314                TIM8_BRK_TIM12_IRQHandler
                0x0000000008003314                Default_Handler
                0x0000000008003314                CEC_IRQHandler
                0x0000000008003314                EXTI15_10_IRQHandler
                0x0000000008003314                ADC_IRQHandler
                0x0000000008003314                DMA1_Stream7_IRQHandler
                0x0000000008003314                TIM7_IRQHandler
                0x0000000008003314                CAN2_TX_IRQHandler
                0x0000000008003314                TIM5_IRQHandler
                0x0000000008003314                DMA2_Stream7_IRQHandler
                0x0000000008003314                I2C3_EV_IRQHandler
                0x0000000008003314                EXTI9_5_IRQHandler
                0x0000000008003314                RTC_WKUP_IRQHandler
                0x0000000008003314                SPDIF_RX_IRQHandler
                0x0000000008003314                SPI2_IRQHandler
                0x0000000008003314                OTG_HS_EP1_IN_IRQHandler
                0x0000000008003314                DMA1_Stream0_IRQHandler
                0x0000000008003314                CAN1_TX_IRQHandler
                0x0000000008003314                FMPI2C1_ER_IRQHandler
                0x0000000008003314                EXTI4_IRQHandler
                0x0000000008003314                OTG_HS_EP1_OUT_IRQHandler
                0x0000000008003314                WWDG_IRQHandler
                0x0000000008003314                TIM2_IRQHandler
                0x0000000008003314                OTG_FS_WKUP_IRQHandler
                0x0000000008003314                TIM1_TRG_COM_TIM11_IRQHandler
                0x0000000008003314                OTG_HS_IRQHandler
                0x0000000008003314                EXTI1_IRQHandler
                0x0000000008003314                USART2_IRQHandler
                0x0000000008003314                I2C2_ER_IRQHandler
                0x0000000008003314                DMA2_Stream1_IRQHandler
                0x0000000008003314                CAN1_SCE_IRQHandler
                0x0000000008003314                FLASH_IRQHandler
                0x0000000008003314                DMA2_Stream4_IRQHandler
                0x0000000008003314                USART1_IRQHandler
                0x0000000008003314                SPI3_IRQHandler
                0x0000000008003314                DMA1_Stream4_IRQHandler
                0x0000000008003314                I2C1_ER_IRQHandler
                0x0000000008003314                FMC_IRQHandler
                0x0000000008003314                DMA2_Stream6_IRQHandler
                0x0000000008003314                SAI1_IRQHandler
                0x0000000008003314                DMA1_Stream3_IRQHandler
 *fill*         0x0000000008003316        0x2 
 .text.HAL_Init
                0x0000000008003318       0x44 Drivers/STM32F4xx_HAL_Driver/Src/stm32f4xx_hal.o
                0x0000000008003318                HAL_Init
 .text.HAL_InitTick
                0x000000000800335c       0x60 Drivers/STM32F4xx_HAL_Driver/Src/stm32f4xx_hal.o
                0x000000000800335c                HAL_InitTick
 .text.HAL_IncTick
                0x00000000080033bc       0x28 Drivers/STM32F4xx_HAL_Driver/Src/stm32f4xx_hal.o
                0x00000000080033bc                HAL_IncTick
 .text.HAL_GetTick
                0x00000000080033e4       0x18 Drivers/STM32F4xx_HAL_Driver/Src/stm32f4xx_hal.o
                0x00000000080033e4                HAL_GetTick
 .text.HAL_Delay
                0x00000000080033fc       0x44 Drivers/STM32F4xx_HAL_Driver/Src/stm32f4xx_hal.o
                0x00000000080033fc                HAL_Delay
 .text.HAL_ADC_Init
                0x0000000008003440       0x86 Drivers/STM32F4xx_HAL_Driver/Src/stm32f4xx_hal_adc.o
                0x0000000008003440                HAL_ADC_Init
 *fill*         0x00000000080034c6        0x2 
 .text.HAL_ADC_ConfigChannel
                0x00000000080034c8      0x264 Drivers/STM32F4xx_HAL_Driver/Src/stm32f4xx_hal_adc.o
                0x00000000080034c8                HAL_ADC_ConfigChannel
 .text.ADC_Init
                0x000000000800372c      0x1f8 Drivers/STM32F4xx_HAL_Driver/Src/stm32f4xx_hal_adc.o
 .text.HAL_CAN_Init
                0x0000000008003924      0x1f6 Drivers/STM32F4xx_HAL_Driver/Src/stm32f4xx_hal_can.o
                0x0000000008003924                HAL_CAN_Init
 *fill*         0x0000000008003b1a        0x2 
 .text.__NVIC_SetPriorityGrouping
                0x0000000008003b1c       0x48 Drivers/STM32F4xx_HAL_Driver/Src/stm32f4xx_hal_cortex.o
 .text.__NVIC_GetPriorityGrouping
                0x0000000008003b64       0x1c Drivers/STM32F4xx_HAL_Driver/Src/stm32f4xx_hal_cortex.o
 .text.__NVIC_EnableIRQ
                0x0000000008003b80       0x3c Drivers/STM32F4xx_HAL_Driver/Src/stm32f4xx_hal_cortex.o
 .text.__NVIC_SetPriority
                0x0000000008003bbc       0x54 Drivers/STM32F4xx_HAL_Driver/Src/stm32f4xx_hal_cortex.o
 .text.NVIC_EncodePriority
                0x0000000008003c10       0x66 Drivers/STM32F4xx_HAL_Driver/Src/stm32f4xx_hal_cortex.o
 *fill*         0x0000000008003c76        0x2 
 .text.SysTick_Config
                0x0000000008003c78       0x44 Drivers/STM32F4xx_HAL_Driver/Src/stm32f4xx_hal_cortex.o
 .text.HAL_NVIC_SetPriorityGrouping
                0x0000000008003cbc       0x16 Drivers/STM32F4xx_HAL_Driver/Src/stm32f4xx_hal_cortex.o
                0x0000000008003cbc                HAL_NVIC_SetPriorityGrouping
 .text.HAL_NVIC_SetPriority
                0x0000000008003cd2       0x38 Drivers/STM32F4xx_HAL_Driver/Src/stm32f4xx_hal_cortex.o
                0x0000000008003cd2                HAL_NVIC_SetPriority
 .text.HAL_NVIC_EnableIRQ
                0x0000000008003d0a       0x1c Drivers/STM32F4xx_HAL_Driver/Src/stm32f4xx_hal_cortex.o
                0x0000000008003d0a                HAL_NVIC_EnableIRQ
 .text.HAL_SYSTICK_Config
                0x0000000008003d26       0x18 Drivers/STM32F4xx_HAL_Driver/Src/stm32f4xx_hal_cortex.o
                0x0000000008003d26                HAL_SYSTICK_Config
 *fill*         0x0000000008003d3e        0x2 
 .text.HAL_GPIO_Init
                0x0000000008003d40      0x324 Drivers/STM32F4xx_HAL_Driver/Src/stm32f4xx_hal_gpio.o
                0x0000000008003d40                HAL_GPIO_Init
 .text.HAL_GPIO_ReadPin
                0x0000000008004064       0x30 Drivers/STM32F4xx_HAL_Driver/Src/stm32f4xx_hal_gpio.o
                0x0000000008004064                HAL_GPIO_ReadPin
 .text.HAL_GPIO_WritePin
                0x0000000008004094       0x32 Drivers/STM32F4xx_HAL_Driver/Src/stm32f4xx_hal_gpio.o
                0x0000000008004094                HAL_GPIO_WritePin
 .text.HAL_GPIO_TogglePin
                0x00000000080040c6       0x36 Drivers/STM32F4xx_HAL_Driver/Src/stm32f4xx_hal_gpio.o
                0x00000000080040c6                HAL_GPIO_TogglePin
 .text.HAL_I2C_Init
                0x00000000080040fc      0x270 Drivers/STM32F4xx_HAL_Driver/Src/stm32f4xx_hal_i2c.o
                0x00000000080040fc                HAL_I2C_Init
 .text.HAL_PCD_Init
                0x000000000800436c      0x248 Drivers/STM32F4xx_HAL_Driver/Src/stm32f4xx_hal_pcd.o
                0x000000000800436c                HAL_PCD_Init
 .text.HAL_PCD_Start
                0x00000000080045b4       0x66 Drivers/STM32F4xx_HAL_Driver/Src/stm32f4xx_hal_pcd.o
                0x00000000080045b4                HAL_PCD_Start
 .text.HAL_PCD_IRQHandler
                0x000000000800461a      0x7be Drivers/STM32F4xx_HAL_Driver/Src/stm32f4xx_hal_pcd.o
                0x000000000800461a                HAL_PCD_IRQHandler
 .text.HAL_PCD_SetAddress
                0x0000000008004dd8       0x4a Drivers/STM32F4xx_HAL_Driver/Src/stm32f4xx_hal_pcd.o
                0x0000000008004dd8                HAL_PCD_SetAddress
 .text.HAL_PCD_EP_Open
                0x0000000008004e22       0xd0 Drivers/STM32F4xx_HAL_Driver/Src/stm32f4xx_hal_pcd.o
                0x0000000008004e22                HAL_PCD_EP_Open
 .text.HAL_PCD_EP_Close
                0x0000000008004ef2       0x94 Drivers/STM32F4xx_HAL_Driver/Src/stm32f4xx_hal_pcd.o
                0x0000000008004ef2                HAL_PCD_EP_Close
 .text.HAL_PCD_EP_Receive
                0x0000000008004f86       0x96 Drivers/STM32F4xx_HAL_Driver/Src/stm32f4xx_hal_pcd.o
                0x0000000008004f86                HAL_PCD_EP_Receive
 .text.HAL_PCD_EP_GetRxCount
                0x000000000800501c       0x30 Drivers/STM32F4xx_HAL_Driver/Src/stm32f4xx_hal_pcd.o
                0x000000000800501c                HAL_PCD_EP_GetRxCount
 .text.HAL_PCD_EP_Transmit
                0x000000000800504c       0x94 Drivers/STM32F4xx_HAL_Driver/Src/stm32f4xx_hal_pcd.o
                0x000000000800504c                HAL_PCD_EP_Transmit
 .text.HAL_PCD_EP_SetStall
                0x00000000080050e0       0xc8 Drivers/STM32F4xx_HAL_Driver/Src/stm32f4xx_hal_pcd.o
                0x00000000080050e0                HAL_PCD_EP_SetStall
 .text.HAL_PCD_EP_ClrStall
                0x00000000080051a8       0xac Drivers/STM32F4xx_HAL_Driver/Src/stm32f4xx_hal_pcd.o
                0x00000000080051a8                HAL_PCD_EP_ClrStall
 .text.PCD_WriteEmptyTxFifo
                0x0000000008005254      0x11a Drivers/STM32F4xx_HAL_Driver/Src/stm32f4xx_hal_pcd.o
 *fill*         0x000000000800536e        0x2 
 .text.PCD_EP_OutXfrComplete_int
                0x0000000008005370      0x218 Drivers/STM32F4xx_HAL_Driver/Src/stm32f4xx_hal_pcd.o
 .text.PCD_EP_OutSetupPacket_int
                0x0000000008005588       0x8c Drivers/STM32F4xx_HAL_Driver/Src/stm32f4xx_hal_pcd.o
 .text.HAL_PCDEx_SetTxFiFo
                0x0000000008005614       0x8e Drivers/STM32F4xx_HAL_Driver/Src/stm32f4xx_hal_pcd_ex.o
                0x0000000008005614                HAL_PCDEx_SetTxFiFo
 .text.HAL_PCDEx_SetRxFiFo
                0x00000000080056a2       0x22 Drivers/STM32F4xx_HAL_Driver/Src/stm32f4xx_hal_pcd_ex.o
                0x00000000080056a2                HAL_PCDEx_SetRxFiFo
 .text.HAL_PCDEx_ActivateLPM
                0x00000000080056c4       0x48 Drivers/STM32F4xx_HAL_Driver/Src/stm32f4xx_hal_pcd_ex.o
                0x00000000080056c4                HAL_PCDEx_ActivateLPM
 .text.HAL_PCDEx_LPM_Callback
                0x000000000800570c       0x18 Drivers/STM32F4xx_HAL_Driver/Src/stm32f4xx_hal_pcd_ex.o
                0x000000000800570c                HAL_PCDEx_LPM_Callback
 .text.HAL_RCC_ClockConfig
                0x0000000008005724      0x1cc Drivers/STM32F4xx_HAL_Driver/Src/stm32f4xx_hal_rcc.o
                0x0000000008005724                HAL_RCC_ClockConfig
 .text.HAL_RCC_GetHCLKFreq
                0x00000000080058f0       0x18 Drivers/STM32F4xx_HAL_Driver/Src/stm32f4xx_hal_rcc.o
                0x00000000080058f0                HAL_RCC_GetHCLKFreq
 .text.HAL_RCC_GetPCLK1Freq
                0x0000000008005908       0x28 Drivers/STM32F4xx_HAL_Driver/Src/stm32f4xx_hal_rcc.o
                0x0000000008005908                HAL_RCC_GetPCLK1Freq
 .text.HAL_RCC_GetPCLK2Freq
                0x0000000008005930       0x28 Drivers/STM32F4xx_HAL_Driver/Src/stm32f4xx_hal_rcc.o
                0x0000000008005930                HAL_RCC_GetPCLK2Freq
 .text.HAL_RCCEx_PeriphCLKConfig
                0x0000000008005958      0x654 Drivers/STM32F4xx_HAL_Driver/Src/stm32f4xx_hal_rcc_ex.o
                0x0000000008005958                HAL_RCCEx_PeriphCLKConfig
 .text.HAL_RCC_GetSysClockFreq
                0x0000000008005fac      0x340 Drivers/STM32F4xx_HAL_Driver/Src/stm32f4xx_hal_rcc_ex.o
                0x0000000008005fac                HAL_RCC_GetSysClockFreq
 .text.HAL_RCC_OscConfig
                0x00000000080062ec      0x4b4 Drivers/STM32F4xx_HAL_Driver/Src/stm32f4xx_hal_rcc_ex.o
                0x00000000080062ec                HAL_RCC_OscConfig
 .text.HAL_SD_Init
                0x00000000080067a0       0x60 Drivers/STM32F4xx_HAL_Driver/Src/stm32f4xx_hal_sd.o
                0x00000000080067a0                HAL_SD_Init
 .text.HAL_SD_InitCard
                0x0000000008006800       0xc0 Drivers/STM32F4xx_HAL_Driver/Src/stm32f4xx_hal_sd.o
                0x0000000008006800                HAL_SD_InitCard
 .text.HAL_SD_ReadBlocks
                0x00000000080068c0      0x3f0 Drivers/STM32F4xx_HAL_Driver/Src/stm32f4xx_hal_sd.o
                0x00000000080068c0                HAL_SD_ReadBlocks
 .text.HAL_SD_WriteBlocks
                0x0000000008006cb0      0x340 Drivers/STM32F4xx_HAL_Driver/Src/stm32f4xx_hal_sd.o
                0x0000000008006cb0                HAL_SD_WriteBlocks
 .text.HAL_SD_GetCardCSD
                0x0000000008006ff0      0x348 Drivers/STM32F4xx_HAL_Driver/Src/stm32f4xx_hal_sd.o
                0x0000000008006ff0                HAL_SD_GetCardCSD
 .text.HAL_SD_GetCardInfo
                0x0000000008007338       0x58 Drivers/STM32F4xx_HAL_Driver/Src/stm32f4xx_hal_sd.o
                0x0000000008007338                HAL_SD_GetCardInfo
 .text.HAL_SD_ConfigWideBusOperation
                0x0000000008007390       0xf8 Drivers/STM32F4xx_HAL_Driver/Src/stm32f4xx_hal_sd.o
                0x0000000008007390                HAL_SD_ConfigWideBusOperation
 .text.HAL_SD_GetCardState
                0x0000000008007488       0x40 Drivers/STM32F4xx_HAL_Driver/Src/stm32f4xx_hal_sd.o
                0x0000000008007488                HAL_SD_GetCardState
 .text.SD_InitCard
                0x00000000080074c8      0x19a Drivers/STM32F4xx_HAL_Driver/Src/stm32f4xx_hal_sd.o
 *fill*         0x0000000008007662        0x2 
 .text.SD_PowerON
                0x0000000008007664      0x11c Drivers/STM32F4xx_HAL_Driver/Src/stm32f4xx_hal_sd.o
 .text.SD_SendStatus
                0x0000000008007780       0x50 Drivers/STM32F4xx_HAL_Driver/Src/stm32f4xx_hal_sd.o
 .text.SD_WideBus_Enable
                0x00000000080077d0       0x96 Drivers/STM32F4xx_HAL_Driver/Src/stm32f4xx_hal_sd.o
 .text.SD_WideBus_Disable
                0x0000000008007866       0x96 Drivers/STM32F4xx_HAL_Driver/Src/stm32f4xx_hal_sd.o
 .text.SD_FindSCR
                0x00000000080078fc      0x194 Drivers/STM32F4xx_HAL_Driver/Src/stm32f4xx_hal_sd.o
 .text.HAL_SPI_Init
                0x0000000008007a90       0xc8 Drivers/STM32F4xx_HAL_Driver/Src/stm32f4xx_hal_spi.o
                0x0000000008007a90                HAL_SPI_Init
 .text.HAL_TIM_Base_Init
                0x0000000008007b58       0x56 Drivers/STM32F4xx_HAL_Driver/Src/stm32f4xx_hal_tim.o
                0x0000000008007b58                HAL_TIM_Base_Init
 .text.HAL_TIM_Base_Start_IT
                0x0000000008007bae       0x48 Drivers/STM32F4xx_HAL_Driver/Src/stm32f4xx_hal_tim.o
                0x0000000008007bae                HAL_TIM_Base_Start_IT
 .text.HAL_TIM_PWM_Init
                0x0000000008007bf6       0x56 Drivers/STM32F4xx_HAL_Driver/Src/stm32f4xx_hal_tim.o
                0x0000000008007bf6                HAL_TIM_PWM_Init
 .text.HAL_TIM_PWM_MspInit
                0x0000000008007c4c       0x14 Drivers/STM32F4xx_HAL_Driver/Src/stm32f4xx_hal_tim.o
                0x0000000008007c4c                HAL_TIM_PWM_MspInit
 .text.HAL_TIM_Encoder_Init
                0x0000000008007c60      0x124 Drivers/STM32F4xx_HAL_Driver/Src/stm32f4xx_hal_tim.o
                0x0000000008007c60                HAL_TIM_Encoder_Init
 .text.HAL_TIM_IRQHandler
                0x0000000008007d84      0x210 Drivers/STM32F4xx_HAL_Driver/Src/stm32f4xx_hal_tim.o
                0x0000000008007d84                HAL_TIM_IRQHandler
 .text.HAL_TIM_PWM_ConfigChannel
                0x0000000008007f94      0x18c Drivers/STM32F4xx_HAL_Driver/Src/stm32f4xx_hal_tim.o
                0x0000000008007f94                HAL_TIM_PWM_ConfigChannel
 .text.HAL_TIM_ConfigClockSource
                0x0000000008008120      0x16e Drivers/STM32F4xx_HAL_Driver/Src/stm32f4xx_hal_tim.o
                0x0000000008008120                HAL_TIM_ConfigClockSource
 .text.HAL_TIM_PeriodElapsedCallback
                0x000000000800828e       0x14 Drivers/STM32F4xx_HAL_Driver/Src/stm32f4xx_hal_tim.o
                0x000000000800828e                HAL_TIM_PeriodElapsedCallback
 .text.HAL_TIM_OC_DelayElapsedCallback
                0x00000000080082a2       0x14 Drivers/STM32F4xx_HAL_Driver/Src/stm32f4xx_hal_tim.o
                0x00000000080082a2                HAL_TIM_OC_DelayElapsedCallback
 .text.HAL_TIM_IC_CaptureCallback
                0x00000000080082b6       0x14 Drivers/STM32F4xx_HAL_Driver/Src/stm32f4xx_hal_tim.o
                0x00000000080082b6                HAL_TIM_IC_CaptureCallback
 .text.HAL_TIM_PWM_PulseFinishedCallback
                0x00000000080082ca       0x14 Drivers/STM32F4xx_HAL_Driver/Src/stm32f4xx_hal_tim.o
                0x00000000080082ca                HAL_TIM_PWM_PulseFinishedCallback
 .text.HAL_TIM_TriggerCallback
                0x00000000080082de       0x14 Drivers/STM32F4xx_HAL_Driver/Src/stm32f4xx_hal_tim.o
                0x00000000080082de                HAL_TIM_TriggerCallback
 *fill*         0x00000000080082f2        0x2 
 .text.TIM_Base_SetConfig
                0x00000000080082f4      0x140 Drivers/STM32F4xx_HAL_Driver/Src/stm32f4xx_hal_tim.o
                0x00000000080082f4                TIM_Base_SetConfig
 .text.TIM_OC1_SetConfig
                0x0000000008008434       0xe0 Drivers/STM32F4xx_HAL_Driver/Src/stm32f4xx_hal_tim.o
 .text.TIM_OC2_SetConfig
                0x0000000008008514       0xec Drivers/STM32F4xx_HAL_Driver/Src/stm32f4xx_hal_tim.o
                0x0000000008008514                TIM_OC2_SetConfig
 .text.TIM_OC3_SetConfig
                0x0000000008008600       0xe8 Drivers/STM32F4xx_HAL_Driver/Src/stm32f4xx_hal_tim.o
 .text.TIM_OC4_SetConfig
                0x00000000080086e8       0xac Drivers/STM32F4xx_HAL_Driver/Src/stm32f4xx_hal_tim.o
 .text.TIM_TI1_ConfigInputStage
                0x0000000008008794       0x5e Drivers/STM32F4xx_HAL_Driver/Src/stm32f4xx_hal_tim.o
 .text.TIM_TI2_ConfigInputStage
                0x00000000080087f2       0x60 Drivers/STM32F4xx_HAL_Driver/Src/stm32f4xx_hal_tim.o
 .text.TIM_ITRx_SetConfig
                0x0000000008008852       0x36 Drivers/STM32F4xx_HAL_Driver/Src/stm32f4xx_hal_tim.o
 .text.TIM_ETR_SetConfig
                0x0000000008008888       0x40 Drivers/STM32F4xx_HAL_Driver/Src/stm32f4xx_hal_tim.o
                0x0000000008008888                TIM_ETR_SetConfig
 .text.HAL_TIMEx_MasterConfigSynchronization
                0x00000000080088c8       0xf8 Drivers/STM32F4xx_HAL_Driver/Src/stm32f4xx_hal_tim_ex.o
                0x00000000080088c8                HAL_TIMEx_MasterConfigSynchronization
 .text.HAL_TIMEx_ConfigBreakDeadTime
                0x00000000080089c0       0xa4 Drivers/STM32F4xx_HAL_Driver/Src/stm32f4xx_hal_tim_ex.o
                0x00000000080089c0                HAL_TIMEx_ConfigBreakDeadTime
 .text.HAL_TIMEx_CommutCallback
                0x0000000008008a64       0x14 Drivers/STM32F4xx_HAL_Driver/Src/stm32f4xx_hal_tim_ex.o
                0x0000000008008a64                HAL_TIMEx_CommutCallback
 .text.HAL_TIMEx_BreakCallback
                0x0000000008008a78       0x14 Drivers/STM32F4xx_HAL_Driver/Src/stm32f4xx_hal_tim_ex.o
                0x0000000008008a78                HAL_TIMEx_BreakCallback
 .text.HAL_HalfDuplex_Init
                0x0000000008008a8c       0xaa Drivers/STM32F4xx_HAL_Driver/Src/stm32f4xx_hal_uart.o
                0x0000000008008a8c                HAL_HalfDuplex_Init
 *fill*         0x0000000008008b36        0x2 
 .text.UART_SetConfig
                0x0000000008008b38      0x6f8 Drivers/STM32F4xx_HAL_Driver/Src/stm32f4xx_hal_uart.o
 .text.SDIO_Init
                0x0000000008009230       0x56 Drivers/STM32F4xx_HAL_Driver/Src/stm32f4xx_ll_sdmmc.o
                0x0000000008009230                SDIO_Init
 .text.SDIO_ReadFIFO
                0x0000000008009286       0x1a Drivers/STM32F4xx_HAL_Driver/Src/stm32f4xx_ll_sdmmc.o
                0x0000000008009286                SDIO_ReadFIFO
 .text.SDIO_WriteFIFO
                0x00000000080092a0       0x22 Drivers/STM32F4xx_HAL_Driver/Src/stm32f4xx_ll_sdmmc.o
                0x00000000080092a0                SDIO_WriteFIFO
 .text.SDIO_PowerState_ON
                0x00000000080092c2       0x1e Drivers/STM32F4xx_HAL_Driver/Src/stm32f4xx_ll_sdmmc.o
                0x00000000080092c2                SDIO_PowerState_ON
 .text.SDIO_GetPowerState
                0x00000000080092e0       0x1c Drivers/STM32F4xx_HAL_Driver/Src/stm32f4xx_ll_sdmmc.o
                0x00000000080092e0                SDIO_GetPowerState
 .text.SDIO_SendCommand
                0x00000000080092fc       0x54 Drivers/STM32F4xx_HAL_Driver/Src/stm32f4xx_ll_sdmmc.o
                0x00000000080092fc                SDIO_SendCommand
 .text.SDIO_GetCommandResponse
                0x0000000008009350       0x1a Drivers/STM32F4xx_HAL_Driver/Src/stm32f4xx_ll_sdmmc.o
                0x0000000008009350                SDIO_GetCommandResponse
 .text.SDIO_GetResponse
                0x000000000800936a       0x26 Drivers/STM32F4xx_HAL_Driver/Src/stm32f4xx_ll_sdmmc.o
                0x000000000800936a                SDIO_GetResponse
 .text.SDIO_ConfigData
                0x0000000008009390       0x58 Drivers/STM32F4xx_HAL_Driver/Src/stm32f4xx_ll_sdmmc.o
                0x0000000008009390                SDIO_ConfigData
 .text.SDMMC_CmdBlockLength
                0x00000000080093e8       0x44 Drivers/STM32F4xx_HAL_Driver/Src/stm32f4xx_ll_sdmmc.o
                0x00000000080093e8                SDMMC_CmdBlockLength
 .text.SDMMC_CmdReadSingleBlock
                0x000000000800942c       0x44 Drivers/STM32F4xx_HAL_Driver/Src/stm32f4xx_ll_sdmmc.o
                0x000000000800942c                SDMMC_CmdReadSingleBlock
 .text.SDMMC_CmdReadMultiBlock
                0x0000000008009470       0x44 Drivers/STM32F4xx_HAL_Driver/Src/stm32f4xx_ll_sdmmc.o
                0x0000000008009470                SDMMC_CmdReadMultiBlock
 .text.SDMMC_CmdWriteSingleBlock
                0x00000000080094b4       0x44 Drivers/STM32F4xx_HAL_Driver/Src/stm32f4xx_ll_sdmmc.o
                0x00000000080094b4                SDMMC_CmdWriteSingleBlock
 .text.SDMMC_CmdWriteMultiBlock
                0x00000000080094f8       0x44 Drivers/STM32F4xx_HAL_Driver/Src/stm32f4xx_ll_sdmmc.o
                0x00000000080094f8                SDMMC_CmdWriteMultiBlock
 .text.SDMMC_CmdStopTransfer
                0x000000000800953c       0x44 Drivers/STM32F4xx_HAL_Driver/Src/stm32f4xx_ll_sdmmc.o
                0x000000000800953c                SDMMC_CmdStopTransfer
 .text.SDMMC_CmdSelDesel
                0x0000000008009580       0x46 Drivers/STM32F4xx_HAL_Driver/Src/stm32f4xx_ll_sdmmc.o
                0x0000000008009580                SDMMC_CmdSelDesel
 .text.SDMMC_CmdGoIdleState
                0x00000000080095c6       0x3c Drivers/STM32F4xx_HAL_Driver/Src/stm32f4xx_ll_sdmmc.o
                0x00000000080095c6                SDMMC_CmdGoIdleState
 .text.SDMMC_CmdOperCond
                0x0000000008009602       0x3e Drivers/STM32F4xx_HAL_Driver/Src/stm32f4xx_ll_sdmmc.o
                0x0000000008009602                SDMMC_CmdOperCond
 .text.SDMMC_CmdAppCommand
                0x0000000008009640       0x44 Drivers/STM32F4xx_HAL_Driver/Src/stm32f4xx_ll_sdmmc.o
                0x0000000008009640                SDMMC_CmdAppCommand
 .text.SDMMC_CmdAppOperCommand
                0x0000000008009684       0x46 Drivers/STM32F4xx_HAL_Driver/Src/stm32f4xx_ll_sdmmc.o
                0x0000000008009684                SDMMC_CmdAppOperCommand
 .text.SDMMC_CmdBusWidth
                0x00000000080096ca       0x44 Drivers/STM32F4xx_HAL_Driver/Src/stm32f4xx_ll_sdmmc.o
                0x00000000080096ca                SDMMC_CmdBusWidth
 .text.SDMMC_CmdSendSCR
                0x000000000800970e       0x42 Drivers/STM32F4xx_HAL_Driver/Src/stm32f4xx_ll_sdmmc.o
                0x000000000800970e                SDMMC_CmdSendSCR
 .text.SDMMC_CmdSendCID
                0x0000000008009750       0x3c Drivers/STM32F4xx_HAL_Driver/Src/stm32f4xx_ll_sdmmc.o
                0x0000000008009750                SDMMC_CmdSendCID
 .text.SDMMC_CmdSendCSD
                0x000000000800978c       0x3e Drivers/STM32F4xx_HAL_Driver/Src/stm32f4xx_ll_sdmmc.o
                0x000000000800978c                SDMMC_CmdSendCSD
 .text.SDMMC_CmdSetRelAdd
                0x00000000080097ca       0x42 Drivers/STM32F4xx_HAL_Driver/Src/stm32f4xx_ll_sdmmc.o
                0x00000000080097ca                SDMMC_CmdSetRelAdd
 .text.SDMMC_CmdSendStatus
                0x000000000800980c       0x44 Drivers/STM32F4xx_HAL_Driver/Src/stm32f4xx_ll_sdmmc.o
                0x000000000800980c                SDMMC_CmdSendStatus
 .text.SDMMC_GetCmdError
                0x0000000008009850       0x50 Drivers/STM32F4xx_HAL_Driver/Src/stm32f4xx_ll_sdmmc.o
 .text.SDMMC_GetCmdResp1
                0x00000000080098a0      0x1d8 Drivers/STM32F4xx_HAL_Driver/Src/stm32f4xx_ll_sdmmc.o
 .text.SDMMC_GetCmdResp2
                0x0000000008009a78       0x8c Drivers/STM32F4xx_HAL_Driver/Src/stm32f4xx_ll_sdmmc.o
 .text.SDMMC_GetCmdResp3
                0x0000000008009b04       0x74 Drivers/STM32F4xx_HAL_Driver/Src/stm32f4xx_ll_sdmmc.o
 .text.SDMMC_GetCmdResp6
                0x0000000008009b78       0xe8 Drivers/STM32F4xx_HAL_Driver/Src/stm32f4xx_ll_sdmmc.o
 .text.SDMMC_GetCmdResp7
                0x0000000008009c60       0x98 Drivers/STM32F4xx_HAL_Driver/Src/stm32f4xx_ll_sdmmc.o
 .text.USB_CoreInit
                0x0000000008009cf8       0xc2 Drivers/STM32F4xx_HAL_Driver/Src/stm32f4xx_ll_usb.o
                0x0000000008009cf8                USB_CoreInit
 *fill*         0x0000000008009dba        0x2 
 .text.USB_SetTurnaroundTime
                0x0000000008009dbc      0x144 Drivers/STM32F4xx_HAL_Driver/Src/stm32f4xx_ll_usb.o
                0x0000000008009dbc                USB_SetTurnaroundTime
 .text.USB_EnableGlobalInt
                0x0000000008009f00       0x22 Drivers/STM32F4xx_HAL_Driver/Src/stm32f4xx_ll_usb.o
                0x0000000008009f00                USB_EnableGlobalInt
 .text.USB_DisableGlobalInt
                0x0000000008009f22       0x22 Drivers/STM32F4xx_HAL_Driver/Src/stm32f4xx_ll_usb.o
                0x0000000008009f22                USB_DisableGlobalInt
 .text.USB_SetCurrentMode
                0x0000000008009f44       0x54 Drivers/STM32F4xx_HAL_Driver/Src/stm32f4xx_ll_usb.o
                0x0000000008009f44                USB_SetCurrentMode
 .text.USB_DevInit
                0x0000000008009f98      0x2bc Drivers/STM32F4xx_HAL_Driver/Src/stm32f4xx_ll_usb.o
                0x0000000008009f98                USB_DevInit
 .text.USB_FlushTxFifo
                0x000000000800a254       0x4c Drivers/STM32F4xx_HAL_Driver/Src/stm32f4xx_ll_usb.o
                0x000000000800a254                USB_FlushTxFifo
 .text.USB_FlushRxFifo
                0x000000000800a2a0       0x44 Drivers/STM32F4xx_HAL_Driver/Src/stm32f4xx_ll_usb.o
                0x000000000800a2a0                USB_FlushRxFifo
 .text.USB_SetDevSpeed
                0x000000000800a2e4       0x32 Drivers/STM32F4xx_HAL_Driver/Src/stm32f4xx_ll_usb.o
                0x000000000800a2e4                USB_SetDevSpeed
 .text.USB_GetDevSpeed
                0x000000000800a316       0x4a Drivers/STM32F4xx_HAL_Driver/Src/stm32f4xx_ll_usb.o
                0x000000000800a316                USB_GetDevSpeed
 .text.USB_ActivateEndpoint
                0x000000000800a360      0x10e Drivers/STM32F4xx_HAL_Driver/Src/stm32f4xx_ll_usb.o
                0x000000000800a360                USB_ActivateEndpoint
 *fill*         0x000000000800a46e        0x2 
 .text.USB_DeactivateEndpoint
                0x000000000800a470      0x1b8 Drivers/STM32F4xx_HAL_Driver/Src/stm32f4xx_ll_usb.o
                0x000000000800a470                USB_DeactivateEndpoint
 .text.USB_EPStartXfer
                0x000000000800a628      0x488 Drivers/STM32F4xx_HAL_Driver/Src/stm32f4xx_ll_usb.o
                0x000000000800a628                USB_EPStartXfer
 .text.USB_EP0StartXfer
                0x000000000800aab0      0x2a6 Drivers/STM32F4xx_HAL_Driver/Src/stm32f4xx_ll_usb.o
                0x000000000800aab0                USB_EP0StartXfer
 .text.USB_WritePacket
                0x000000000800ad56       0x6a Drivers/STM32F4xx_HAL_Driver/Src/stm32f4xx_ll_usb.o
                0x000000000800ad56                USB_WritePacket
 .text.USB_ReadPacket
                0x000000000800adc0       0x52 Drivers/STM32F4xx_HAL_Driver/Src/stm32f4xx_ll_usb.o
                0x000000000800adc0                USB_ReadPacket
 .text.USB_EPSetStall
                0x000000000800ae12       0xdc Drivers/STM32F4xx_HAL_Driver/Src/stm32f4xx_ll_usb.o
                0x000000000800ae12                USB_EPSetStall
 .text.USB_EPClearStall
                0x000000000800aeee       0xcc Drivers/STM32F4xx_HAL_Driver/Src/stm32f4xx_ll_usb.o
                0x000000000800aeee                USB_EPClearStall
 .text.USB_SetDevAddress
                0x000000000800afba       0x4c Drivers/STM32F4xx_HAL_Driver/Src/stm32f4xx_ll_usb.o
                0x000000000800afba                USB_SetDevAddress
 .text.USB_DevConnect
                0x000000000800b006       0x42 Drivers/STM32F4xx_HAL_Driver/Src/stm32f4xx_ll_usb.o
                0x000000000800b006                USB_DevConnect
 .text.USB_DevDisconnect
                0x000000000800b048       0x42 Drivers/STM32F4xx_HAL_Driver/Src/stm32f4xx_ll_usb.o
                0x000000000800b048                USB_DevDisconnect
 .text.USB_ReadInterrupts
                0x000000000800b08a       0x26 Drivers/STM32F4xx_HAL_Driver/Src/stm32f4xx_ll_usb.o
                0x000000000800b08a                USB_ReadInterrupts
 .text.USB_ReadDevAllOutEpInterrupt
                0x000000000800b0b0       0x34 Drivers/STM32F4xx_HAL_Driver/Src/stm32f4xx_ll_usb.o
                0x000000000800b0b0                USB_ReadDevAllOutEpInterrupt
 .text.USB_ReadDevAllInEpInterrupt
                0x000000000800b0e4       0x34 Drivers/STM32F4xx_HAL_Driver/Src/stm32f4xx_ll_usb.o
                0x000000000800b0e4                USB_ReadDevAllInEpInterrupt
 .text.USB_ReadDevOutEPInterrupt
                0x000000000800b118       0x3c Drivers/STM32F4xx_HAL_Driver/Src/stm32f4xx_ll_usb.o
                0x000000000800b118                USB_ReadDevOutEPInterrupt
 .text.USB_ReadDevInEPInterrupt
                0x000000000800b154       0x5c Drivers/STM32F4xx_HAL_Driver/Src/stm32f4xx_ll_usb.o
                0x000000000800b154                USB_ReadDevInEPInterrupt
 .text.USB_GetMode
                0x000000000800b1b0       0x1c Drivers/STM32F4xx_HAL_Driver/Src/stm32f4xx_ll_usb.o
                0x000000000800b1b0                USB_GetMode
 .text.USB_ActivateSetup
                0x000000000800b1cc       0x46 Drivers/STM32F4xx_HAL_Driver/Src/stm32f4xx_ll_usb.o
                0x000000000800b1cc                USB_ActivateSetup
 *fill*         0x000000000800b212        0x2 
 .text.USB_EP0_OutStart
                0x000000000800b214       0xbc Drivers/STM32F4xx_HAL_Driver/Src/stm32f4xx_ll_usb.o
                0x000000000800b214                USB_EP0_OutStart
 .text.USB_CoreReset
                0x000000000800b2d0       0x68 Drivers/STM32F4xx_HAL_Driver/Src/stm32f4xx_ll_usb.o
 .text.MX_FATFS_Init
                0x000000000800b338       0x24 FATFS/App/fatfs.o
                0x000000000800b338                MX_FATFS_Init
 .text.get_fattime
                0x000000000800b35c       0x10 FATFS/App/fatfs.o
                0x000000000800b35c                get_fattime
 .text.BSP_SD_Init
                0x000000000800b36c       0x4c FATFS/Target/bsp_driver_sd.o
                0x000000000800b36c                BSP_SD_Init
 .text.BSP_SD_ReadBlocks
                0x000000000800b3b8       0x3c FATFS/Target/bsp_driver_sd.o
                0x000000000800b3b8                BSP_SD_ReadBlocks
 .text.BSP_SD_WriteBlocks
                0x000000000800b3f4       0x3c FATFS/Target/bsp_driver_sd.o
                0x000000000800b3f4                BSP_SD_WriteBlocks
 .text.BSP_SD_GetCardState
                0x000000000800b430       0x20 FATFS/Target/bsp_driver_sd.o
                0x000000000800b430                BSP_SD_GetCardState
 .text.BSP_SD_GetCardInfo
                0x000000000800b450       0x1c FATFS/Target/bsp_driver_sd.o
                0x000000000800b450                BSP_SD_GetCardInfo
 .text.BSP_SD_IsDetected
                0x000000000800b46c       0x24 FATFS/Target/bsp_driver_sd.o
                0x000000000800b46c                BSP_SD_IsDetected
 .text.BSP_PlatformIsDetected
                0x000000000800b490       0x2c FATFS/Target/fatfs_platform.o
                0x000000000800b490                BSP_PlatformIsDetected
 .text.SD_CheckStatus
                0x000000000800b4bc       0x3c FATFS/Target/sd_diskio.o
 .text.SD_initialize
                0x000000000800b4f8       0x3c FATFS/Target/sd_diskio.o
                0x000000000800b4f8                SD_initialize
 .text.SD_status
                0x000000000800b534       0x1c FATFS/Target/sd_diskio.o
                0x000000000800b534                SD_status
 .text.SD_read  0x000000000800b550       0x42 FATFS/Target/sd_diskio.o
                0x000000000800b550                SD_read
 .text.SD_write
                0x000000000800b592       0x42 FATFS/Target/sd_diskio.o
                0x000000000800b592                SD_write
 .text.SD_ioctl
                0x000000000800b5d4       0xb0 FATFS/Target/sd_diskio.o
                0x000000000800b5d4                SD_ioctl
 .text.USBD_CDC_Init
                0x000000000800b684      0x100 Middlewares/ST/STM32_USB_Device_Library/Class/CDC/Src/usbd_cdc.o
 .text.USBD_CDC_DeInit
                0x000000000800b784       0x78 Middlewares/ST/STM32_USB_Device_Library/Class/CDC/Src/usbd_cdc.o
 .text.USBD_CDC_Setup
                0x000000000800b7fc      0x178 Middlewares/ST/STM32_USB_Device_Library/Class/CDC/Src/usbd_cdc.o
 .text.USBD_CDC_DataIn
                0x000000000800b974       0xbe Middlewares/ST/STM32_USB_Device_Library/Class/CDC/Src/usbd_cdc.o
 .text.USBD_CDC_DataOut
                0x000000000800ba32       0x56 Middlewares/ST/STM32_USB_Device_Library/Class/CDC/Src/usbd_cdc.o
 .text.USBD_CDC_EP0_RxReady
                0x000000000800ba88       0x50 Middlewares/ST/STM32_USB_Device_Library/Class/CDC/Src/usbd_cdc.o
 .text.USBD_CDC_GetFSCfgDesc
                0x000000000800bad8       0x20 Middlewares/ST/STM32_USB_Device_Library/Class/CDC/Src/usbd_cdc.o
 .text.USBD_CDC_GetHSCfgDesc
                0x000000000800baf8       0x20 Middlewares/ST/STM32_USB_Device_Library/Class/CDC/Src/usbd_cdc.o
 .text.USBD_CDC_GetOtherSpeedCfgDesc
                0x000000000800bb18       0x20 Middlewares/ST/STM32_USB_Device_Library/Class/CDC/Src/usbd_cdc.o
 .text.USBD_CDC_GetDeviceQualifierDescriptor
                0x000000000800bb38       0x20 Middlewares/ST/STM32_USB_Device_Library/Class/CDC/Src/usbd_cdc.o
                0x000000000800bb38                USBD_CDC_GetDeviceQualifierDescriptor
 .text.USBD_CDC_RegisterInterface
                0x000000000800bb58       0x2a Middlewares/ST/STM32_USB_Device_Library/Class/CDC/Src/usbd_cdc.o
                0x000000000800bb58                USBD_CDC_RegisterInterface
 .text.USBD_CDC_SetTxBuffer
                0x000000000800bb82       0x32 Middlewares/ST/STM32_USB_Device_Library/Class/CDC/Src/usbd_cdc.o
                0x000000000800bb82                USBD_CDC_SetTxBuffer
 .text.USBD_CDC_SetRxBuffer
                0x000000000800bbb4       0x28 Middlewares/ST/STM32_USB_Device_Library/Class/CDC/Src/usbd_cdc.o
                0x000000000800bbb4                USBD_CDC_SetRxBuffer
 .text.USBD_CDC_TransmitPacket
                0x000000000800bbdc       0x60 Middlewares/ST/STM32_USB_Device_Library/Class/CDC/Src/usbd_cdc.o
                0x000000000800bbdc                USBD_CDC_TransmitPacket
 .text.USBD_CDC_ReceivePacket
                0x000000000800bc3c       0x54 Middlewares/ST/STM32_USB_Device_Library/Class/CDC/Src/usbd_cdc.o
                0x000000000800bc3c                USBD_CDC_ReceivePacket
 .text.USBD_Init
                0x000000000800bc90       0x6c Middlewares/ST/STM32_USB_Device_Library/Core/Src/usbd_core.o
                0x000000000800bc90                USBD_Init
 .text.USBD_RegisterClass
                0x000000000800bcfc       0x42 Middlewares/ST/STM32_USB_Device_Library/Core/Src/usbd_core.o
                0x000000000800bcfc                USBD_RegisterClass
 .text.USBD_Start
                0x000000000800bd3e       0x18 Middlewares/ST/STM32_USB_Device_Library/Core/Src/usbd_core.o
                0x000000000800bd3e                USBD_Start
 .text.USBD_RunTestMode
                0x000000000800bd56       0x16 Middlewares/ST/STM32_USB_Device_Library/Core/Src/usbd_core.o
                0x000000000800bd56                USBD_RunTestMode
 .text.USBD_SetClassConfig
                0x000000000800bd6c       0x38 Middlewares/ST/STM32_USB_Device_Library/Core/Src/usbd_core.o
                0x000000000800bd6c                USBD_SetClassConfig
 .text.USBD_ClrClassConfig
                0x000000000800bda4       0x30 Middlewares/ST/STM32_USB_Device_Library/Core/Src/usbd_core.o
                0x000000000800bda4                USBD_ClrClassConfig
 .text.USBD_LL_SetupStage
                0x000000000800bdd4       0xa6 Middlewares/ST/STM32_USB_Device_Library/Core/Src/usbd_core.o
                0x000000000800bdd4                USBD_LL_SetupStage
 .text.USBD_LL_DataOutStage
                0x000000000800be7a       0xc6 Middlewares/ST/STM32_USB_Device_Library/Core/Src/usbd_core.o
                0x000000000800be7a                USBD_LL_DataOutStage
 .text.USBD_LL_DataInStage
                0x000000000800bf40      0x12c Middlewares/ST/STM32_USB_Device_Library/Core/Src/usbd_core.o
                0x000000000800bf40                USBD_LL_DataInStage
 .text.USBD_LL_Reset
                0x000000000800c06c       0x82 Middlewares/ST/STM32_USB_Device_Library/Core/Src/usbd_core.o
                0x000000000800c06c                USBD_LL_Reset
 .text.USBD_LL_SetSpeed
                0x000000000800c0ee       0x20 Middlewares/ST/STM32_USB_Device_Library/Core/Src/usbd_core.o
                0x000000000800c0ee                USBD_LL_SetSpeed
 .text.USBD_LL_Suspend
                0x000000000800c10e       0x2a Middlewares/ST/STM32_USB_Device_Library/Core/Src/usbd_core.o
                0x000000000800c10e                USBD_LL_Suspend
 .text.USBD_LL_Resume
                0x000000000800c138       0x2c Middlewares/ST/STM32_USB_Device_Library/Core/Src/usbd_core.o
                0x000000000800c138                USBD_LL_Resume
 .text.USBD_LL_SOF
                0x000000000800c164       0x34 Middlewares/ST/STM32_USB_Device_Library/Core/Src/usbd_core.o
                0x000000000800c164                USBD_LL_SOF
 .text.USBD_LL_IsoINIncomplete
                0x000000000800c198       0x1a Middlewares/ST/STM32_USB_Device_Library/Core/Src/usbd_core.o
                0x000000000800c198                USBD_LL_IsoINIncomplete
 .text.USBD_LL_IsoOUTIncomplete
                0x000000000800c1b2       0x1a Middlewares/ST/STM32_USB_Device_Library/Core/Src/usbd_core.o
                0x000000000800c1b2                USBD_LL_IsoOUTIncomplete
 .text.USBD_LL_DevConnected
                0x000000000800c1cc       0x16 Middlewares/ST/STM32_USB_Device_Library/Core/Src/usbd_core.o
                0x000000000800c1cc                USBD_LL_DevConnected
 .text.USBD_LL_DevDisconnected
                0x000000000800c1e2       0x38 Middlewares/ST/STM32_USB_Device_Library/Core/Src/usbd_core.o
                0x000000000800c1e2                USBD_LL_DevDisconnected
 .text.SWAPBYTE
                0x000000000800c21a       0x3c Middlewares/ST/STM32_USB_Device_Library/Core/Src/usbd_ctlreq.o
 *fill*         0x000000000800c256        0x2 
 .text.USBD_StdDevReq
                0x000000000800c258       0xdc Middlewares/ST/STM32_USB_Device_Library/Core/Src/usbd_ctlreq.o
                0x000000000800c258                USBD_StdDevReq
 .text.USBD_StdItfReq
                0x000000000800c334       0x8c Middlewares/ST/STM32_USB_Device_Library/Core/Src/usbd_ctlreq.o
                0x000000000800c334                USBD_StdItfReq
 .text.USBD_StdEPReq
                0x000000000800c3c0      0x2aa Middlewares/ST/STM32_USB_Device_Library/Core/Src/usbd_ctlreq.o
                0x000000000800c3c0                USBD_StdEPReq
 *fill*         0x000000000800c66a        0x2 
 .text.USBD_GetDescriptor
                0x000000000800c66c      0x2d4 Middlewares/ST/STM32_USB_Device_Library/Core/Src/usbd_ctlreq.o
 .text.USBD_SetAddress
                0x000000000800c940       0x84 Middlewares/ST/STM32_USB_Device_Library/Core/Src/usbd_ctlreq.o
 .text.USBD_SetConfig
                0x000000000800c9c4      0x148 Middlewares/ST/STM32_USB_Device_Library/Core/Src/usbd_ctlreq.o
 .text.USBD_GetConfig
                0x000000000800cb0c       0x68 Middlewares/ST/STM32_USB_Device_Library/Core/Src/usbd_ctlreq.o
 .text.USBD_GetStatus
                0x000000000800cb74       0x66 Middlewares/ST/STM32_USB_Device_Library/Core/Src/usbd_ctlreq.o
 .text.USBD_SetFeature
                0x000000000800cbda       0x28 Middlewares/ST/STM32_USB_Device_Library/Core/Src/usbd_ctlreq.o
 .text.USBD_ClrFeature
                0x000000000800cc02       0x42 Middlewares/ST/STM32_USB_Device_Library/Core/Src/usbd_ctlreq.o
 .text.USBD_ParseSetupRequest
                0x000000000800cc44       0x74 Middlewares/ST/STM32_USB_Device_Library/Core/Src/usbd_ctlreq.o
                0x000000000800cc44                USBD_ParseSetupRequest
 .text.USBD_CtlError
                0x000000000800ccb8       0x22 Middlewares/ST/STM32_USB_Device_Library/Core/Src/usbd_ctlreq.o
                0x000000000800ccb8                USBD_CtlError
 .text.USBD_GetString
                0x000000000800ccda       0x8c Middlewares/ST/STM32_USB_Device_Library/Core/Src/usbd_ctlreq.o
                0x000000000800ccda                USBD_GetString
 .text.USBD_GetLen
                0x000000000800cd66       0x34 Middlewares/ST/STM32_USB_Device_Library/Core/Src/usbd_ctlreq.o
 .text.USBD_CtlSendData
                0x000000000800cd9a       0x36 Middlewares/ST/STM32_USB_Device_Library/Core/Src/usbd_ioreq.o
                0x000000000800cd9a                USBD_CtlSendData
 .text.USBD_CtlContinueSendData
                0x000000000800cdd0       0x22 Middlewares/ST/STM32_USB_Device_Library/Core/Src/usbd_ioreq.o
                0x000000000800cdd0                USBD_CtlContinueSendData
 .text.USBD_CtlPrepareRx
                0x000000000800cdf2       0x3a Middlewares/ST/STM32_USB_Device_Library/Core/Src/usbd_ioreq.o
                0x000000000800cdf2                USBD_CtlPrepareRx
 .text.USBD_CtlContinueRx
                0x000000000800ce2c       0x22 Middlewares/ST/STM32_USB_Device_Library/Core/Src/usbd_ioreq.o
                0x000000000800ce2c                USBD_CtlContinueRx
 .text.USBD_CtlSendStatus
                0x000000000800ce4e       0x26 Middlewares/ST/STM32_USB_Device_Library/Core/Src/usbd_ioreq.o
                0x000000000800ce4e                USBD_CtlSendStatus
 .text.USBD_CtlReceiveStatus
                0x000000000800ce74       0x26 Middlewares/ST/STM32_USB_Device_Library/Core/Src/usbd_ioreq.o
                0x000000000800ce74                USBD_CtlReceiveStatus
 *fill*         0x000000000800ce9a        0x2 
 .text.disk_status
                0x000000000800ce9c       0x34 Middlewares/Third_Party/FatFs/src/diskio.o
                0x000000000800ce9c                disk_status
 .text.disk_initialize
                0x000000000800ced0       0x4c Middlewares/Third_Party/FatFs/src/diskio.o
                0x000000000800ced0                disk_initialize
 .text.disk_read
                0x000000000800cf1c       0x40 Middlewares/Third_Party/FatFs/src/diskio.o
                0x000000000800cf1c                disk_read
 .text.disk_write
                0x000000000800cf5c       0x40 Middlewares/Third_Party/FatFs/src/diskio.o
                0x000000000800cf5c                disk_write
 .text.disk_ioctl
                0x000000000800cf9c       0x3c Middlewares/Third_Party/FatFs/src/diskio.o
                0x000000000800cf9c                disk_ioctl
 .text.ld_word  0x000000000800cfd8       0x30 Middlewares/Third_Party/FatFs/src/ff.o
 .text.ld_dword
                0x000000000800d008       0x46 Middlewares/Third_Party/FatFs/src/ff.o
 .text.st_word  0x000000000800d04e       0x36 Middlewares/Third_Party/FatFs/src/ff.o
 .text.st_dword
                0x000000000800d084       0x58 Middlewares/Third_Party/FatFs/src/ff.o
 .text.mem_cpy  0x000000000800d0dc       0x42 Middlewares/Third_Party/FatFs/src/ff.o
 .text.mem_set  0x000000000800d11e       0x34 Middlewares/Third_Party/FatFs/src/ff.o
 .text.mem_cmp  0x000000000800d152       0x4e Middlewares/Third_Party/FatFs/src/ff.o
 .text.chk_chr  0x000000000800d1a0       0x36 Middlewares/Third_Party/FatFs/src/ff.o
 *fill*         0x000000000800d1d6        0x2 
 .text.chk_lock
                0x000000000800d1d8       0xb8 Middlewares/Third_Party/FatFs/src/ff.o
 .text.enq_lock
                0x000000000800d290       0x44 Middlewares/Third_Party/FatFs/src/ff.o
 .text.inc_lock
                0x000000000800d2d4      0x11c Middlewares/Third_Party/FatFs/src/ff.o
 .text.dec_lock
                0x000000000800d3f0       0x78 Middlewares/Third_Party/FatFs/src/ff.o
 .text.clear_lock
                0x000000000800d468       0x48 Middlewares/Third_Party/FatFs/src/ff.o
 .text.sync_window
                0x000000000800d4b0       0x88 Middlewares/Third_Party/FatFs/src/ff.o
 .text.move_window
                0x000000000800d538       0x5a Middlewares/Third_Party/FatFs/src/ff.o
 *fill*         0x000000000800d592        0x2 
 .text.sync_fs  0x000000000800d594       0xe0 Middlewares/Third_Party/FatFs/src/ff.o
 .text.clust2sect
                0x000000000800d674       0x3e Middlewares/Third_Party/FatFs/src/ff.o
 .text.get_fat  0x000000000800d6b2      0x1a0 Middlewares/Third_Party/FatFs/src/ff.o
 .text.put_fat  0x000000000800d852      0x22e Middlewares/Third_Party/FatFs/src/ff.o
 .text.remove_chain
                0x000000000800da80       0xca Middlewares/Third_Party/FatFs/src/ff.o
 .text.create_chain
                0x000000000800db4a      0x130 Middlewares/Third_Party/FatFs/src/ff.o
 .text.clmt_clust
                0x000000000800dc7a       0x70 Middlewares/Third_Party/FatFs/src/ff.o
 .text.dir_sdi  0x000000000800dcea      0x112 Middlewares/Third_Party/FatFs/src/ff.o
 .text.dir_next
                0x000000000800ddfc      0x1ac Middlewares/Third_Party/FatFs/src/ff.o
 .text.dir_alloc
                0x000000000800dfa8       0x8e Middlewares/Third_Party/FatFs/src/ff.o
 .text.ld_clust
                0x000000000800e036       0x3e Middlewares/Third_Party/FatFs/src/ff.o
 .text.st_clust
                0x000000000800e074       0x40 Middlewares/Third_Party/FatFs/src/ff.o
 .text.cmp_lfn  0x000000000800e0b4       0xe0 Middlewares/Third_Party/FatFs/src/ff.o
 .text.pick_lfn
                0x000000000800e194       0xc8 Middlewares/Third_Party/FatFs/src/ff.o
 .text.put_lfn  0x000000000800e25c       0xd0 Middlewares/Third_Party/FatFs/src/ff.o
 .text.gen_numname
                0x000000000800e32c      0x11e Middlewares/Third_Party/FatFs/src/ff.o
 .text.sum_sfn  0x000000000800e44a       0x42 Middlewares/Third_Party/FatFs/src/ff.o
 .text.dir_read
                0x000000000800e48c      0x14e Middlewares/Third_Party/FatFs/src/ff.o
 .text.dir_find
                0x000000000800e5da      0x180 Middlewares/Third_Party/FatFs/src/ff.o
 *fill*         0x000000000800e75a        0x2 
 .text.dir_register
                0x000000000800e75c      0x1f0 Middlewares/Third_Party/FatFs/src/ff.o
 .text.dir_remove
                0x000000000800e94c       0x94 Middlewares/Third_Party/FatFs/src/ff.o
 .text.get_fileinfo
                0x000000000800e9e0      0x1ba Middlewares/Third_Party/FatFs/src/ff.o
 *fill*         0x000000000800eb9a        0x2 
 .text.create_name
                0x000000000800eb9c      0x370 Middlewares/Third_Party/FatFs/src/ff.o
 .text.follow_path
                0x000000000800ef0c       0xec Middlewares/Third_Party/FatFs/src/ff.o
 .text.get_ldnumber
                0x000000000800eff8       0x88 Middlewares/Third_Party/FatFs/src/ff.o
 .text.check_fs
                0x000000000800f080       0xac Middlewares/Third_Party/FatFs/src/ff.o
 .text.find_volume
                0x000000000800f12c      0x510 Middlewares/Third_Party/FatFs/src/ff.o
 .text.validate
                0x000000000800f63c       0x6a Middlewares/Third_Party/FatFs/src/ff.o
 *fill*         0x000000000800f6a6        0x2 
 .text.f_mount  0x000000000800f6a8       0x8c Middlewares/Third_Party/FatFs/src/ff.o
                0x000000000800f6a8                f_mount
 .text.f_open   0x000000000800f734      0x398 Middlewares/Third_Party/FatFs/src/ff.o
                0x000000000800f734                f_open
 .text.f_read   0x000000000800facc      0x2be Middlewares/Third_Party/FatFs/src/ff.o
                0x000000000800facc                f_read
 .text.f_write  0x000000000800fd8a      0x328 Middlewares/Third_Party/FatFs/src/ff.o
                0x000000000800fd8a                f_write
 .text.f_sync   0x00000000080100b2       0xfc Middlewares/Third_Party/FatFs/src/ff.o
                0x00000000080100b2                f_sync
 .text.f_close  0x00000000080101ae       0x54 Middlewares/Third_Party/FatFs/src/ff.o
                0x00000000080101ae                f_close
 .text.f_opendir
                0x0000000008010202       0xe6 Middlewares/Third_Party/FatFs/src/ff.o
                0x0000000008010202                f_opendir
 .text.f_closedir
                0x00000000080102e8       0x4c Middlewares/Third_Party/FatFs/src/ff.o
                0x00000000080102e8                f_closedir
 .text.f_readdir
                0x0000000008010334       0x7a Middlewares/Third_Party/FatFs/src/ff.o
                0x0000000008010334                f_readdir
 .text.f_stat   0x00000000080103ae       0x72 Middlewares/Third_Party/FatFs/src/ff.o
                0x00000000080103ae                f_stat
 .text.f_getfree
                0x0000000008010420      0x16a Middlewares/Third_Party/FatFs/src/ff.o
                0x0000000008010420                f_getfree
 .text.f_unlink
                0x000000000801058a      0x156 Middlewares/Third_Party/FatFs/src/ff.o
                0x000000000801058a                f_unlink
 .text.f_mkdir  0x00000000080106e0      0x21a Middlewares/Third_Party/FatFs/src/ff.o
                0x00000000080106e0                f_mkdir
 *fill*         0x00000000080108fa        0x2 
 .text.FATFS_LinkDriverEx
                0x00000000080108fc       0x98 Middlewares/Third_Party/FatFs/src/ff_gen_drv.o
                0x00000000080108fc                FATFS_LinkDriverEx
 .text.FATFS_LinkDriver
                0x0000000008010994       0x1e Middlewares/Third_Party/FatFs/src/ff_gen_drv.o
                0x0000000008010994                FATFS_LinkDriver
 *fill*         0x00000000080109b2        0x2 
 .text.ff_convert
                0x00000000080109b4       0x78 Middlewares/Third_Party/FatFs/src/option/ccsbcs.o
                0x00000000080109b4                ff_convert
 .text.ff_wtoupper
                0x0000000008010a2c      0x114 Middlewares/Third_Party/FatFs/src/option/ccsbcs.o
                0x0000000008010a2c                ff_wtoupper
 .text.MX_USB_DEVICE_Init
                0x0000000008010b40       0x60 USB_DEVICE/App/usb_device.o
                0x0000000008010b40                MX_USB_DEVICE_Init
 .text.CDC_Init_FS
                0x0000000008010ba0       0x28 USB_DEVICE/App/usbd_cdc_if.o
 .text.CDC_DeInit_FS
                0x0000000008010bc8       0x10 USB_DEVICE/App/usbd_cdc_if.o
 .text.CDC_Control_FS
                0x0000000008010bd8       0xbc USB_DEVICE/App/usbd_cdc_if.o
 .text.CDC_Receive_FS
                0x0000000008010c94       0x64 USB_DEVICE/App/usbd_cdc_if.o
 .text.CDC_Transmit_FS
                0x0000000008010cf8       0x4c USB_DEVICE/App/usbd_cdc_if.o
                0x0000000008010cf8                CDC_Transmit_FS
 .text.CDC_TransmitCplt_FS
                0x0000000008010d44       0x22 USB_DEVICE/App/usbd_cdc_if.o
 *fill*         0x0000000008010d66        0x2 
 .text.USBD_FS_DeviceDescriptor
                0x0000000008010d68       0x24 USB_DEVICE/App/usbd_desc.o
                0x0000000008010d68                USBD_FS_DeviceDescriptor
 .text.USBD_FS_LangIDStrDescriptor
                0x0000000008010d8c       0x24 USB_DEVICE/App/usbd_desc.o
                0x0000000008010d8c                USBD_FS_LangIDStrDescriptor
 .text.USBD_FS_ProductStrDescriptor
                0x0000000008010db0       0x3c USB_DEVICE/App/usbd_desc.o
                0x0000000008010db0                USBD_FS_ProductStrDescriptor
 .text.USBD_FS_ManufacturerStrDescriptor
                0x0000000008010dec       0x28 USB_DEVICE/App/usbd_desc.o
                0x0000000008010dec                USBD_FS_ManufacturerStrDescriptor
 .text.USBD_FS_SerialStrDescriptor
                0x0000000008010e14       0x24 USB_DEVICE/App/usbd_desc.o
                0x0000000008010e14                USBD_FS_SerialStrDescriptor
 .text.USBD_FS_ConfigStrDescriptor
                0x0000000008010e38       0x3c USB_DEVICE/App/usbd_desc.o
                0x0000000008010e38                USBD_FS_ConfigStrDescriptor
 .text.USBD_FS_InterfaceStrDescriptor
                0x0000000008010e74       0x3c USB_DEVICE/App/usbd_desc.o
                0x0000000008010e74                USBD_FS_InterfaceStrDescriptor
 .text.Get_SerialNum
                0x0000000008010eb0       0x58 USB_DEVICE/App/usbd_desc.o
 .text.IntToUnicode
                0x0000000008010f08       0x7c USB_DEVICE/App/usbd_desc.o
 .text.HAL_PCD_MspInit
                0x0000000008010f84       0xa8 USB_DEVICE/Target/usbd_conf.o
                0x0000000008010f84                HAL_PCD_MspInit
 .text.HAL_PCD_SetupStageCallback
                0x000000000801102c       0x24 USB_DEVICE/Target/usbd_conf.o
                0x000000000801102c                HAL_PCD_SetupStageCallback
 .text.HAL_PCD_DataOutStageCallback
                0x0000000008011050       0x36 USB_DEVICE/Target/usbd_conf.o
                0x0000000008011050                HAL_PCD_DataOutStageCallback
 .text.HAL_PCD_DataInStageCallback
                0x0000000008011086       0x34 USB_DEVICE/Target/usbd_conf.o
                0x0000000008011086                HAL_PCD_DataInStageCallback
 .text.HAL_PCD_SOFCallback
                0x00000000080110ba       0x1c USB_DEVICE/Target/usbd_conf.o
                0x00000000080110ba                HAL_PCD_SOFCallback
 .text.HAL_PCD_ResetCallback
                0x00000000080110d6       0x50 USB_DEVICE/Target/usbd_conf.o
                0x00000000080110d6                HAL_PCD_ResetCallback
 *fill*         0x0000000008011126        0x2 
 .text.HAL_PCD_SuspendCallback
                0x0000000008011128       0x4c USB_DEVICE/Target/usbd_conf.o
                0x0000000008011128                HAL_PCD_SuspendCallback
 .text.HAL_PCD_ResumeCallback
                0x0000000008011174       0x1c USB_DEVICE/Target/usbd_conf.o
                0x0000000008011174                HAL_PCD_ResumeCallback
 .text.HAL_PCD_ISOOUTIncompleteCallback
                0x0000000008011190       0x24 USB_DEVICE/Target/usbd_conf.o
                0x0000000008011190                HAL_PCD_ISOOUTIncompleteCallback
 .text.HAL_PCD_ISOINIncompleteCallback
                0x00000000080111b4       0x24 USB_DEVICE/Target/usbd_conf.o
                0x00000000080111b4                HAL_PCD_ISOINIncompleteCallback
 .text.HAL_PCD_ConnectCallback
                0x00000000080111d8       0x1c USB_DEVICE/Target/usbd_conf.o
                0x00000000080111d8                HAL_PCD_ConnectCallback
 .text.HAL_PCD_DisconnectCallback
                0x00000000080111f4       0x1c USB_DEVICE/Target/usbd_conf.o
                0x00000000080111f4                HAL_PCD_DisconnectCallback
 .text.USBD_LL_Init
                0x0000000008011210       0x98 USB_DEVICE/Target/usbd_conf.o
                0x0000000008011210                USBD_LL_Init
 .text.USBD_LL_Start
                0x00000000080112a8       0x36 USB_DEVICE/Target/usbd_conf.o
                0x00000000080112a8                USBD_LL_Start
 .text.USBD_LL_OpenEP
                0x00000000080112de       0x4c USB_DEVICE/Target/usbd_conf.o
                0x00000000080112de                USBD_LL_OpenEP
 .text.USBD_LL_CloseEP
                0x000000000801132a       0x3e USB_DEVICE/Target/usbd_conf.o
                0x000000000801132a                USBD_LL_CloseEP
 .text.USBD_LL_StallEP
                0x0000000008011368       0x3e USB_DEVICE/Target/usbd_conf.o
                0x0000000008011368                USBD_LL_StallEP
 .text.USBD_LL_ClearStallEP
                0x00000000080113a6       0x3e USB_DEVICE/Target/usbd_conf.o
                0x00000000080113a6                USBD_LL_ClearStallEP
 .text.USBD_LL_IsStallEP
                0x00000000080113e4       0x58 USB_DEVICE/Target/usbd_conf.o
                0x00000000080113e4                USBD_LL_IsStallEP
 .text.USBD_LL_SetUSBAddress
                0x000000000801143c       0x3e USB_DEVICE/Target/usbd_conf.o
                0x000000000801143c                USBD_LL_SetUSBAddress
 .text.USBD_LL_Transmit
                0x000000000801147a       0x42 USB_DEVICE/Target/usbd_conf.o
                0x000000000801147a                USBD_LL_Transmit
 .text.USBD_LL_PrepareReceive
                0x00000000080114bc       0x42 USB_DEVICE/Target/usbd_conf.o
                0x00000000080114bc                USBD_LL_PrepareReceive
 .text.USBD_LL_GetRxDataSize
                0x00000000080114fe       0x26 USB_DEVICE/Target/usbd_conf.o
                0x00000000080114fe                USBD_LL_GetRxDataSize
 .text.USBD_Get_USB_Status
                0x0000000008011524       0x58 USB_DEVICE/Target/usbd_conf.o
                0x0000000008011524                USBD_Get_USB_Status
 .text.__errno  0x000000000801157c        0xc /opt/st/stm32cubeide_1.5.0/plugins/com.st.stm32cube.ide.mcu.externaltools.gnu-tools-for-stm32.7-2018-q2-update.linux64_1.5.0.202011040924/tools/bin/../lib/gcc/arm-none-eabi/7.3.1/../../../../arm-none-eabi/lib/thumb/v7e-m/fpv4-sp/hard/libc_nano.a(lib_a-errno.o)
                0x000000000801157c                __errno
 .text.__libc_init_array
                0x0000000008011588       0x48 /opt/st/stm32cubeide_1.5.0/plugins/com.st.stm32cube.ide.mcu.externaltools.gnu-tools-for-stm32.7-2018-q2-update.linux64_1.5.0.202011040924/tools/bin/../lib/gcc/arm-none-eabi/7.3.1/../../../../arm-none-eabi/lib/thumb/v7e-m/fpv4-sp/hard/libc_nano.a(lib_a-init.o)
                0x0000000008011588                __libc_init_array
 .text.malloc   0x00000000080115d0       0x10 /opt/st/stm32cubeide_1.5.0/plugins/com.st.stm32cube.ide.mcu.externaltools.gnu-tools-for-stm32.7-2018-q2-update.linux64_1.5.0.202011040924/tools/bin/../lib/gcc/arm-none-eabi/7.3.1/../../../../arm-none-eabi/lib/thumb/v7e-m/fpv4-sp/hard/libc_nano.a(lib_a-malloc.o)
                0x00000000080115d0                malloc
 .text.free     0x00000000080115e0       0x10 /opt/st/stm32cubeide_1.5.0/plugins/com.st.stm32cube.ide.mcu.externaltools.gnu-tools-for-stm32.7-2018-q2-update.linux64_1.5.0.202011040924/tools/bin/../lib/gcc/arm-none-eabi/7.3.1/../../../../arm-none-eabi/lib/thumb/v7e-m/fpv4-sp/hard/libc_nano.a(lib_a-malloc.o)
                0x00000000080115e0                free
 .text.memcpy   0x00000000080115f0       0x16 /opt/st/stm32cubeide_1.5.0/plugins/com.st.stm32cube.ide.mcu.externaltools.gnu-tools-for-stm32.7-2018-q2-update.linux64_1.5.0.202011040924/tools/bin/../lib/gcc/arm-none-eabi/7.3.1/../../../../arm-none-eabi/lib/thumb/v7e-m/fpv4-sp/hard/libc_nano.a(lib_a-memcpy-stub.o)
                0x00000000080115f0                memcpy
 .text.memset   0x0000000008011606       0x10 /opt/st/stm32cubeide_1.5.0/plugins/com.st.stm32cube.ide.mcu.externaltools.gnu-tools-for-stm32.7-2018-q2-update.linux64_1.5.0.202011040924/tools/bin/../lib/gcc/arm-none-eabi/7.3.1/../../../../arm-none-eabi/lib/thumb/v7e-m/fpv4-sp/hard/libc_nano.a(lib_a-memset.o)
                0x0000000008011606                memset
 *fill*         0x0000000008011616        0x2 
 .text._free_r  0x0000000008011618       0x9c /opt/st/stm32cubeide_1.5.0/plugins/com.st.stm32cube.ide.mcu.externaltools.gnu-tools-for-stm32.7-2018-q2-update.linux64_1.5.0.202011040924/tools/bin/../lib/gcc/arm-none-eabi/7.3.1/../../../../arm-none-eabi/lib/thumb/v7e-m/fpv4-sp/hard/libc_nano.a(lib_a-nano-freer.o)
                0x0000000008011618                _free_r
 .text._malloc_r
                0x00000000080116b4       0xb4 /opt/st/stm32cubeide_1.5.0/plugins/com.st.stm32cube.ide.mcu.externaltools.gnu-tools-for-stm32.7-2018-q2-update.linux64_1.5.0.202011040924/tools/bin/../lib/gcc/arm-none-eabi/7.3.1/../../../../arm-none-eabi/lib/thumb/v7e-m/fpv4-sp/hard/libc_nano.a(lib_a-nano-mallocr.o)
                0x00000000080116b4                _malloc_r
 .text._sbrk_r  0x0000000008011768       0x20 /opt/st/stm32cubeide_1.5.0/plugins/com.st.stm32cube.ide.mcu.externaltools.gnu-tools-for-stm32.7-2018-q2-update.linux64_1.5.0.202011040924/tools/bin/../lib/gcc/arm-none-eabi/7.3.1/../../../../arm-none-eabi/lib/thumb/v7e-m/fpv4-sp/hard/libc_nano.a(lib_a-sbrkr.o)
                0x0000000008011768                _sbrk_r
 .text.sprintf  0x0000000008011788       0x40 /opt/st/stm32cubeide_1.5.0/plugins/com.st.stm32cube.ide.mcu.externaltools.gnu-tools-for-stm32.7-2018-q2-update.linux64_1.5.0.202011040924/tools/bin/../lib/gcc/arm-none-eabi/7.3.1/../../../../arm-none-eabi/lib/thumb/v7e-m/fpv4-sp/hard/libc_nano.a(lib_a-sprintf.o)
                0x0000000008011788                sprintf
                0x0000000008011788                siprintf
 .text.strcpy   0x00000000080117c8       0x10 /opt/st/stm32cubeide_1.5.0/plugins/com.st.stm32cube.ide.mcu.externaltools.gnu-tools-for-stm32.7-2018-q2-update.linux64_1.5.0.202011040924/tools/bin/../lib/gcc/arm-none-eabi/7.3.1/../../../../arm-none-eabi/lib/thumb/v7e-m/fpv4-sp/hard/libc_nano.a(lib_a-strcpy.o)
                0x00000000080117c8                strcpy
 .text.strncmp  0x00000000080117d8       0x24 /opt/st/stm32cubeide_1.5.0/plugins/com.st.stm32cube.ide.mcu.externaltools.gnu-tools-for-stm32.7-2018-q2-update.linux64_1.5.0.202011040924/tools/bin/../lib/gcc/arm-none-eabi/7.3.1/../../../../arm-none-eabi/lib/thumb/v7e-m/fpv4-sp/hard/libc_nano.a(lib_a-strncmp.o)
                0x00000000080117d8                strncmp
 .text.__malloc_lock
                0x00000000080117fc        0x2 /opt/st/stm32cubeide_1.5.0/plugins/com.st.stm32cube.ide.mcu.externaltools.gnu-tools-for-stm32.7-2018-q2-update.linux64_1.5.0.202011040924/tools/bin/../lib/gcc/arm-none-eabi/7.3.1/../../../../arm-none-eabi/lib/thumb/v7e-m/fpv4-sp/hard/libc_nano.a(lib_a-mlock.o)
                0x00000000080117fc                __malloc_lock
 .text.__malloc_unlock
                0x00000000080117fe        0x2 /opt/st/stm32cubeide_1.5.0/plugins/com.st.stm32cube.ide.mcu.externaltools.gnu-tools-for-stm32.7-2018-q2-update.linux64_1.5.0.202011040924/tools/bin/../lib/gcc/arm-none-eabi/7.3.1/../../../../arm-none-eabi/lib/thumb/v7e-m/fpv4-sp/hard/libc_nano.a(lib_a-mlock.o)
                0x00000000080117fe                __malloc_unlock
 .text.__ssputs_r
                0x0000000008011800       0xb4 /opt/st/stm32cubeide_1.5.0/plugins/com.st.stm32cube.ide.mcu.externaltools.gnu-tools-for-stm32.7-2018-q2-update.linux64_1.5.0.202011040924/tools/bin/../lib/gcc/arm-none-eabi/7.3.1/../../../../arm-none-eabi/lib/thumb/v7e-m/fpv4-sp/hard/libc_nano.a(lib_a-nano-svfprintf.o)
                0x0000000008011800                __ssputs_r
 .text._svfprintf_r
                0x00000000080118b4      0x1f0 /opt/st/stm32cubeide_1.5.0/plugins/com.st.stm32cube.ide.mcu.externaltools.gnu-tools-for-stm32.7-2018-q2-update.linux64_1.5.0.202011040924/tools/bin/../lib/gcc/arm-none-eabi/7.3.1/../../../../arm-none-eabi/lib/thumb/v7e-m/fpv4-sp/hard/libc_nano.a(lib_a-nano-svfprintf.o)
                0x00000000080118b4                _svfprintf_r
                0x00000000080118b4                _svfiprintf_r
 .text._printf_common
                0x0000000008011aa4       0xea /opt/st/stm32cubeide_1.5.0/plugins/com.st.stm32cube.ide.mcu.externaltools.gnu-tools-for-stm32.7-2018-q2-update.linux64_1.5.0.202011040924/tools/bin/../lib/gcc/arm-none-eabi/7.3.1/../../../../arm-none-eabi/lib/thumb/v7e-m/fpv4-sp/hard/libc_nano.a(lib_a-nano-vfprintf_i.o)
                0x0000000008011aa4                _printf_common
 *fill*         0x0000000008011b8e        0x2 
 .text._printf_i
                0x0000000008011b90      0x224 /opt/st/stm32cubeide_1.5.0/plugins/com.st.stm32cube.ide.mcu.externaltools.gnu-tools-for-stm32.7-2018-q2-update.linux64_1.5.0.202011040924/tools/bin/../lib/gcc/arm-none-eabi/7.3.1/../../../../arm-none-eabi/lib/thumb/v7e-m/fpv4-sp/hard/libc_nano.a(lib_a-nano-vfprintf_i.o)
                0x0000000008011b90                _printf_i
 .text.memmove  0x0000000008011db4       0x32 /opt/st/stm32cubeide_1.5.0/plugins/com.st.stm32cube.ide.mcu.externaltools.gnu-tools-for-stm32.7-2018-q2-update.linux64_1.5.0.202011040924/tools/bin/../lib/gcc/arm-none-eabi/7.3.1/../../../../arm-none-eabi/lib/thumb/v7e-m/fpv4-sp/hard/libc_nano.a(lib_a-memmove.o)
                0x0000000008011db4                memmove
 .text._realloc_r
                0x0000000008011de6       0x4c /opt/st/stm32cubeide_1.5.0/plugins/com.st.stm32cube.ide.mcu.externaltools.gnu-tools-for-stm32.7-2018-q2-update.linux64_1.5.0.202011040924/tools/bin/../lib/gcc/arm-none-eabi/7.3.1/../../../../arm-none-eabi/lib/thumb/v7e-m/fpv4-sp/hard/libc_nano.a(lib_a-nano-reallocr.o)
                0x0000000008011de6                _realloc_r
 .text._malloc_usable_size_r
                0x0000000008011e32       0x10 /opt/st/stm32cubeide_1.5.0/plugins/com.st.stm32cube.ide.mcu.externaltools.gnu-tools-for-stm32.7-2018-q2-update.linux64_1.5.0.202011040924/tools/bin/../lib/gcc/arm-none-eabi/7.3.1/../../../../arm-none-eabi/lib/thumb/v7e-m/fpv4-sp/hard/libc_nano.a(lib_a-nano-msizer.o)
                0x0000000008011e32                _malloc_usable_size_r
 *(.glue_7)
 .glue_7        0x0000000008011e42        0x0 linker stubs
 *(.glue_7t)
 .glue_7t       0x0000000008011e42        0x0 linker stubs
 *(.eh_frame)
 *fill*         0x0000000008011e42        0x2 
 .eh_frame      0x0000000008011e44        0x0 /opt/st/stm32cubeide_1.5.0/plugins/com.st.stm32cube.ide.mcu.externaltools.gnu-tools-for-stm32.7-2018-q2-update.linux64_1.5.0.202011040924/tools/bin/../lib/gcc/arm-none-eabi/7.3.1/thumb/v7e-m/fpv4-sp/hard/crtbegin.o
 *(.init)
 .init          0x0000000008011e44        0x4 /opt/st/stm32cubeide_1.5.0/plugins/com.st.stm32cube.ide.mcu.externaltools.gnu-tools-for-stm32.7-2018-q2-update.linux64_1.5.0.202011040924/tools/bin/../lib/gcc/arm-none-eabi/7.3.1/thumb/v7e-m/fpv4-sp/hard/crti.o
                0x0000000008011e44                _init
 .init          0x0000000008011e48        0x8 /opt/st/stm32cubeide_1.5.0/plugins/com.st.stm32cube.ide.mcu.externaltools.gnu-tools-for-stm32.7-2018-q2-update.linux64_1.5.0.202011040924/tools/bin/../lib/gcc/arm-none-eabi/7.3.1/thumb/v7e-m/fpv4-sp/hard/crtn.o
 *(.fini)
 .fini          0x0000000008011e50        0x4 /opt/st/stm32cubeide_1.5.0/plugins/com.st.stm32cube.ide.mcu.externaltools.gnu-tools-for-stm32.7-2018-q2-update.linux64_1.5.0.202011040924/tools/bin/../lib/gcc/arm-none-eabi/7.3.1/thumb/v7e-m/fpv4-sp/hard/crti.o
                0x0000000008011e50                _fini
 .fini          0x0000000008011e54        0x8 /opt/st/stm32cubeide_1.5.0/plugins/com.st.stm32cube.ide.mcu.externaltools.gnu-tools-for-stm32.7-2018-q2-update.linux64_1.5.0.202011040924/tools/bin/../lib/gcc/arm-none-eabi/7.3.1/thumb/v7e-m/fpv4-sp/hard/crtn.o
                0x0000000008011e5c                . = ALIGN (0x4)
                0x0000000008011e5c                _etext = .

.vfp11_veneer   0x0000000008011e5c        0x0
 .vfp11_veneer  0x0000000008011e5c        0x0 linker stubs

.v4_bx          0x0000000008011e5c        0x0
 .v4_bx         0x0000000008011e5c        0x0 linker stubs

.iplt           0x0000000008011e5c        0x0
 .iplt          0x0000000008011e5c        0x0 /opt/st/stm32cubeide_1.5.0/plugins/com.st.stm32cube.ide.mcu.externaltools.gnu-tools-for-stm32.7-2018-q2-update.linux64_1.5.0.202011040924/tools/bin/../lib/gcc/arm-none-eabi/7.3.1/thumb/v7e-m/fpv4-sp/hard/crtbegin.o

.rodata         0x0000000008011e5c      0x988
                0x0000000008011e5c                . = ALIGN (0x4)
 *(.rodata)
 .rodata        0x0000000008011e5c      0x3f2 Core/Src/file_handling.o
 *fill*         0x000000000801224e        0x2 
 .rodata        0x0000000008012250       0x6c Core/Src/main.o
 .rodata        0x00000000080122bc       0x48 Middlewares/Third_Party/FatFs/src/ff.o
 .rodata        0x0000000008012304       0x3e USB_DEVICE/App/usbd_desc.o
 *(.rodata*)
 *fill*         0x0000000008012342        0x2 
 .rodata.AHBPrescTable
                0x0000000008012344       0x10 Core/Src/system_stm32f4xx.o
                0x0000000008012344                AHBPrescTable
 .rodata.APBPrescTable
                0x0000000008012354        0x8 Core/Src/system_stm32f4xx.o
                0x0000000008012354                APBPrescTable
 .rodata.SD_Driver
                0x000000000801235c       0x14 FATFS/Target/sd_diskio.o
                0x000000000801235c                SD_Driver
 .rodata.ExCvt  0x0000000008012370       0x80 Middlewares/Third_Party/FatFs/src/ff.o
 .rodata.LfnOfs
                0x00000000080123f0        0xd Middlewares/Third_Party/FatFs/src/ff.o
 *fill*         0x00000000080123fd        0x3 
 .rodata.Tbl    0x0000000008012400      0x100 Middlewares/Third_Party/FatFs/src/option/ccsbcs.o
 .rodata.cvt1.10243
                0x0000000008012500      0x1f2 Middlewares/Third_Party/FatFs/src/option/ccsbcs.o
 *fill*         0x00000000080126f2        0x2 
 .rodata.cvt2.10244
                0x00000000080126f4       0xbc Middlewares/Third_Party/FatFs/src/option/ccsbcs.o
 .rodata._svfprintf_r.str1.1
                0x00000000080127b0       0x11 /opt/st/stm32cubeide_1.5.0/plugins/com.st.stm32cube.ide.mcu.externaltools.gnu-tools-for-stm32.7-2018-q2-update.linux64_1.5.0.202011040924/tools/bin/../lib/gcc/arm-none-eabi/7.3.1/../../../../arm-none-eabi/lib/thumb/v7e-m/fpv4-sp/hard/libc_nano.a(lib_a-nano-svfprintf.o)
 .rodata._printf_i.str1.1
                0x00000000080127c1       0x22 /opt/st/stm32cubeide_1.5.0/plugins/com.st.stm32cube.ide.mcu.externaltools.gnu-tools-for-stm32.7-2018-q2-update.linux64_1.5.0.202011040924/tools/bin/../lib/gcc/arm-none-eabi/7.3.1/../../../../arm-none-eabi/lib/thumb/v7e-m/fpv4-sp/hard/libc_nano.a(lib_a-nano-vfprintf_i.o)
                0x00000000080127e4                . = ALIGN (0x4)
 *fill*         0x00000000080127e3        0x1 

.ARM.extab      0x00000000080127e4        0x0
                0x00000000080127e4                . = ALIGN (0x4)
 *(.ARM.extab* .gnu.linkonce.armextab.*)
                0x00000000080127e4                . = ALIGN (0x4)

.ARM            0x00000000080127e4        0x8