Archive member included to satisfy reference by file (symbol)

/opt/st/stm32cubeide_1.5.0/plugins/com.st.stm32cube.ide.mcu.externaltools.gnu-tools-for-stm32.7-2018-q2-update.linux64_1.5.0.202011040924/tools/bin/../lib/gcc/arm-none-eabi/7.3.1/../../../../arm-none-eabi/lib/thumb/v7e-m/fpv4-sp/hard/libc_nano.a(lib_a-errno.o)
                              Core/Src/syscalls.o (__errno)
/opt/st/stm32cubeide_1.5.0/plugins/com.st.stm32cube.ide.mcu.externaltools.gnu-tools-for-stm32.7-2018-q2-update.linux64_1.5.0.202011040924/tools/bin/../lib/gcc/arm-none-eabi/7.3.1/../../../../arm-none-eabi/lib/thumb/v7e-m/fpv4-sp/hard/libc_nano.a(lib_a-exit.o)
                              /opt/st/stm32cubeide_1.5.0/plugins/com.st.stm32cube.ide.mcu.externaltools.gnu-tools-for-stm32.7-2018-q2-update.linux64_1.5.0.202011040924/tools/bin/../lib/gcc/arm-none-eabi/7.3.1/../../../../arm-none-eabi/lib/thumb/v7e-m/fpv4-sp/hard/crt0.o (exit)
/opt/st/stm32cubeide_1.5.0/plugins/com.st.stm32cube.ide.mcu.externaltools.gnu-tools-for-stm32.7-2018-q2-update.linux64_1.5.0.202011040924/tools/bin/../lib/gcc/arm-none-eabi/7.3.1/../../../../arm-none-eabi/lib/thumb/v7e-m/fpv4-sp/hard/libc_nano.a(lib_a-impure.o)
                              /opt/st/stm32cubeide_1.5.0/plugins/com.st.stm32cube.ide.mcu.externaltools.gnu-tools-for-stm32.7-2018-q2-update.linux64_1.5.0.202011040924/tools/bin/../lib/gcc/arm-none-eabi/7.3.1/../../../../arm-none-eabi/lib/thumb/v7e-m/fpv4-sp/hard/libc_nano.a(lib_a-exit.o) (_global_impure_ptr)
/opt/st/stm32cubeide_1.5.0/plugins/com.st.stm32cube.ide.mcu.externaltools.gnu-tools-for-stm32.7-2018-q2-update.linux64_1.5.0.202011040924/tools/bin/../lib/gcc/arm-none-eabi/7.3.1/../../../../arm-none-eabi/lib/thumb/v7e-m/fpv4-sp/hard/libc_nano.a(lib_a-init.o)
                              /opt/st/stm32cubeide_1.5.0/plugins/com.st.stm32cube.ide.mcu.externaltools.gnu-tools-for-stm32.7-2018-q2-update.linux64_1.5.0.202011040924/tools/bin/../lib/gcc/arm-none-eabi/7.3.1/../../../../arm-none-eabi/lib/thumb/v7e-m/fpv4-sp/hard/crt0.o (__libc_init_array)
/opt/st/stm32cubeide_1.5.0/plugins/com.st.stm32cube.ide.mcu.externaltools.gnu-tools-for-stm32.7-2018-q2-update.linux64_1.5.0.202011040924/tools/bin/../lib/gcc/arm-none-eabi/7.3.1/../../../../arm-none-eabi/lib/thumb/v7e-m/fpv4-sp/hard/libc_nano.a(lib_a-malloc.o)
                              Middlewares/ST/STM32_USB_Device_Library/Class/CDC/Src/usbd_cdc.o (malloc)
/opt/st/stm32cubeide_1.5.0/plugins/com.st.stm32cube.ide.mcu.externaltools.gnu-tools-for-stm32.7-2018-q2-update.linux64_1.5.0.202011040924/tools/bin/../lib/gcc/arm-none-eabi/7.3.1/../../../../arm-none-eabi/lib/thumb/v7e-m/fpv4-sp/hard/libc_nano.a(lib_a-memset.o)
                              /opt/st/stm32cubeide_1.5.0/plugins/com.st.stm32cube.ide.mcu.externaltools.gnu-tools-for-stm32.7-2018-q2-update.linux64_1.5.0.202011040924/tools/bin/../lib/gcc/arm-none-eabi/7.3.1/../../../../arm-none-eabi/lib/thumb/v7e-m/fpv4-sp/hard/crt0.o (memset)
/opt/st/stm32cubeide_1.5.0/plugins/com.st.stm32cube.ide.mcu.externaltools.gnu-tools-for-stm32.7-2018-q2-update.linux64_1.5.0.202011040924/tools/bin/../lib/gcc/arm-none-eabi/7.3.1/../../../../arm-none-eabi/lib/thumb/v7e-m/fpv4-sp/hard/libc_nano.a(lib_a-nano-freer.o)
                              /opt/st/stm32cubeide_1.5.0/plugins/com.st.stm32cube.ide.mcu.externaltools.gnu-tools-for-stm32.7-2018-q2-update.linux64_1.5.0.202011040924/tools/bin/../lib/gcc/arm-none-eabi/7.3.1/../../../../arm-none-eabi/lib/thumb/v7e-m/fpv4-sp/hard/libc_nano.a(lib_a-malloc.o) (_free_r)
/opt/st/stm32cubeide_1.5.0/plugins/com.st.stm32cube.ide.mcu.externaltools.gnu-tools-for-stm32.7-2018-q2-update.linux64_1.5.0.202011040924/tools/bin/../lib/gcc/arm-none-eabi/7.3.1/../../../../arm-none-eabi/lib/thumb/v7e-m/fpv4-sp/hard/libc_nano.a(lib_a-nano-mallocr.o)
                              /opt/st/stm32cubeide_1.5.0/plugins/com.st.stm32cube.ide.mcu.externaltools.gnu-tools-for-stm32.7-2018-q2-update.linux64_1.5.0.202011040924/tools/bin/../lib/gcc/arm-none-eabi/7.3.1/../../../../arm-none-eabi/lib/thumb/v7e-m/fpv4-sp/hard/libc_nano.a(lib_a-malloc.o) (_malloc_r)
/opt/st/stm32cubeide_1.5.0/plugins/com.st.stm32cube.ide.mcu.externaltools.gnu-tools-for-stm32.7-2018-q2-update.linux64_1.5.0.202011040924/tools/bin/../lib/gcc/arm-none-eabi/7.3.1/../../../../arm-none-eabi/lib/thumb/v7e-m/fpv4-sp/hard/libc_nano.a(lib_a-sbrkr.o)
                              /opt/st/stm32cubeide_1.5.0/plugins/com.st.stm32cube.ide.mcu.externaltools.gnu-tools-for-stm32.7-2018-q2-update.linux64_1.5.0.202011040924/tools/bin/../lib/gcc/arm-none-eabi/7.3.1/../../../../arm-none-eabi/lib/thumb/v7e-m/fpv4-sp/hard/libc_nano.a(lib_a-nano-mallocr.o) (_sbrk_r)
/opt/st/stm32cubeide_1.5.0/plugins/com.st.stm32cube.ide.mcu.externaltools.gnu-tools-for-stm32.7-2018-q2-update.linux64_1.5.0.202011040924/tools/bin/../lib/gcc/arm-none-eabi/7.3.1/../../../../arm-none-eabi/lib/thumb/v7e-m/fpv4-sp/hard/libc_nano.a(lib_a-mlock.o)
[...]
Memory Configuration

Name             Origin             Length             Attributes
RAM              0x0000000020000000 0x0000000000020000 xrw
FLASH            0x0000000008000000 0x0000000000040000 xr
*default*        0x0000000000000000 0xffffffffffffffff

Linker script and memory map

LOAD /opt/st/stm32cubeide_1.5.0/plugins/com.st.stm32cube.ide.mcu.externaltools.gnu-tools-for-stm32.7-2018-q2-update.linux64_1.5.0.202011040924/tools/bin/../lib/gcc/arm-none-eabi/7.3.1/thumb/v7e-m/fpv4-sp/hard/crti.o
LOAD /opt/st/stm32cubeide_1.5.0/plugins/com.st.stm32cube.ide.mcu.externaltools.gnu-tools-for-stm32.7-2018-q2-update.linux64_1.5.0.202011040924/tools/bin/../lib/gcc/arm-none-eabi/7.3.1/thumb/v7e-m/fpv4-sp/hard/crtbegin.o
LOAD /opt/st/stm32cubeide_1.5.0/plugins/com.st.stm32cube.ide.mcu.externaltools.gnu-tools-for-stm32.7-2018-q2-update.linux64_1.5.0.202011040924/tools/bin/../lib/gcc/arm-none-eabi/7.3.1/../../../../arm-none-eabi/lib/thumb/v7e-m/fpv4-sp/hard/crt0.o
LOAD Core/Src/main.o
LOAD Core/Src/stm32f4xx_hal_msp.o
LOAD Core/Src/stm32f4xx_it.o
LOAD Core/Src/syscalls.o
LOAD Core/Src/sysmem.o
LOAD Core/Src/system_stm32f4xx.o
LOAD Core/Startup/startup_stm32f446vctx.o
LOAD Drivers/STM32F4xx_HAL_Driver/Src/stm32f4xx_hal.o
LOAD Drivers/STM32F4xx_HAL_Driver/Src/stm32f4xx_hal_adc.o
LOAD Drivers/STM32F4xx_HAL_Driver/Src/stm32f4xx_hal_adc_ex.o
LOAD Drivers/STM32F4xx_HAL_Driver/Src/stm32f4xx_hal_can.o
LOAD Drivers/STM32F4xx_HAL_Driver/Src/stm32f4xx_hal_cortex.o
LOAD Drivers/STM32F4xx_HAL_Driver/Src/stm32f4xx_hal_dma.o
LOAD Drivers/STM32F4xx_HAL_Driver/Src/stm32f4xx_hal_dma_ex.o
LOAD Drivers/STM32F4xx_HAL_Driver/Src/stm32f4xx_hal_exti.o
LOAD Drivers/STM32F4xx_HAL_Driver/Src/stm32f4xx_hal_flash.o
LOAD Drivers/STM32F4xx_HAL_Driver/Src/stm32f4xx_hal_flash_ex.o
LOAD Drivers/STM32F4xx_HAL_Driver/Src/stm32f4xx_hal_flash_ramfunc.o
LOAD Drivers/STM32F4xx_HAL_Driver/Src/stm32f4xx_hal_gpio.o
LOAD Drivers/STM32F4xx_HAL_Driver/Src/stm32f4xx_hal_i2c.o
LOAD Drivers/STM32F4xx_HAL_Driver/Src/stm32f4xx_hal_i2c_ex.o
LOAD Drivers/STM32F4xx_HAL_Driver/Src/stm32f4xx_hal_pcd.o
LOAD Drivers/STM32F4xx_HAL_Driver/Src/stm32f4xx_hal_pcd_ex.o
LOAD Drivers/STM32F4xx_HAL_Driver/Src/stm32f4xx_hal_pwr.o
LOAD Drivers/STM32F4xx_HAL_Driver/Src/stm32f4xx_hal_pwr_ex.o
LOAD Drivers/STM32F4xx_HAL_Driver/Src/stm32f4xx_hal_rcc.o
LOAD Drivers/STM32F4xx_HAL_Driver/Src/stm32f4xx_hal_rcc_ex.o
LOAD Drivers/STM32F4xx_HAL_Driver/Src/stm32f4xx_hal_sd.o
LOAD Drivers/STM32F4xx_HAL_Driver/Src/stm32f4xx_hal_spi.o
LOAD Drivers/STM32F4xx_HAL_Driver/Src/stm32f4xx_hal_tim.o
LOAD Drivers/STM32F4xx_HAL_Driver/Src/stm32f4xx_hal_tim_ex.o
LOAD Drivers/STM32F4xx_HAL_Driver/Src/stm32f4xx_hal_uart.o
LOAD Drivers/STM32F4xx_HAL_Driver/Src/stm32f4xx_ll_sdmmc.o
LOAD Drivers/STM32F4xx_HAL_Driver/Src/stm32f4xx_ll_usb.o
LOAD FATFS/App/fatfs.o
LOAD FATFS/Target/bsp_driver_sd.o
LOAD FATFS/Target/fatfs_platform.o
LOAD FATFS/Target/sd_diskio.o
LOAD Middlewares/ST/STM32_USB_Device_Library/Class/CDC/Src/usbd_cdc.o
LOAD Middlewares/ST/STM32_USB_Device_Library/Core/Src/usbd_core.o
LOAD Middlewares/ST/STM32_USB_Device_Library/Core/Src/usbd_ctlreq.o
LOAD Middlewares/ST/STM32_USB_Device_Library/Core/Src/usbd_ioreq.o
LOAD Middlewares/Third_Party/FatFs/src/diskio.o
LOAD Middlewares/Third_Party/FatFs/src/ff.o
LOAD Middlewares/Third_Party/FatFs/src/ff_gen_drv.o
LOAD Middlewares/Third_Party/FatFs/src/option/syscall.o
LOAD USB_DEVICE/App/usb_device.o
LOAD USB_DEVICE/App/usbd_cdc_if.o
LOAD USB_DEVICE/App/usbd_desc.o
LOAD USB_DEVICE/Target/usbd_conf.o
START GROUP
LOAD /opt/st/stm32cubeide_1.5.0/plugins/com.st.stm32cube.ide.mcu.externaltools.gnu-tools-for-stm32.7-2018-q2-update.linux64_1.5.0.202011040924/tools/bin/../lib/gcc/arm-none-eabi/7.3.1/../../../../arm-none-eabi/lib/thumb/v7e-m/fpv4-sp/hard/libc_nano.a
LOAD /opt/st/stm32cubeide_1.5.0/plugins/com.st.stm32cube.ide.mcu.externaltools.gnu-tools-for-stm32.7-2018-q2-update.linux64_1.5.0.202011040924/tools/bin/../lib/gcc/arm-none-eabi/7.3.1/../../../../arm-none-eabi/lib/thumb/v7e-m/fpv4-sp/hard/libm.a
END GROUP
START GROUP
LOAD /opt/st/stm32cubeide_1.5.0/plugins/com.st.stm32cube.ide.mcu.externaltools.gnu-tools-for-stm32.7-2018-q2-update.linux64_1.5.0.202011040924/tools/bin/../lib/gcc/arm-none-eabi/7.3.1/thumb/v7e-m/fpv4-sp/hard/libgcc.a
LOAD /opt/st/stm32cubeide_1.5.0/plugins/com.st.stm32cube.ide.mcu.externaltools.gnu-tools-for-stm32.7-2018-q2-update.linux64_1.5.0.202011040924/tools/bin/../lib/gcc/arm-none-eabi/7.3.1/../../../../arm-none-eabi/lib/thumb/v7e-m/fpv4-sp/hard/libc_nano.a
END GROUP
START GROUP
LOAD /opt/st/stm32cubeide_1.5.0/plugins/com.st.stm32cube.ide.mcu.externaltools.gnu-tools-for-stm32.7-2018-q2-update.linux64_1.5.0.202011040924/tools/bin/../lib/gcc/arm-none-eabi/7.3.1/thumb/v7e-m/fpv4-sp/hard/libgcc.a
LOAD /opt/st/stm32cubeide_1.5.0/plugins/com.st.stm32cube.ide.mcu.externaltools.gnu-tools-for-stm32.7-2018-q2-update.linux64_1.5.0.202011040924/tools/bin/../lib/gcc/arm-none-eabi/7.3.1/../../../../arm-none-eabi/lib/thumb/v7e-m/fpv4-sp/hard/libc_nano.a
LOAD /opt/st/stm32cubeide_1.5.0/plugins/com.st.stm32cube.ide.mcu.externaltools.gnu-tools-for-stm32.7-2018-q2-update.linux64_1.5.0.202011040924/tools/bin/../lib/gcc/arm-none-eabi/7.3.1/../../../../arm-none-eabi/lib/thumb/v7e-m/fpv4-sp/hard/libnosys.a
END GROUP
START GROUP
LOAD /opt/st/stm32cubeide_1.5.0/plugins/com.st.stm32cube.ide.mcu.externaltools.gnu-tools-for-stm32.7-2018-q2-update.linux64_1.5.0.202011040924/tools/bin/../lib/gcc/arm-none-eabi/7.3.1/thumb/v7e-m/fpv4-sp/hard/libgcc.a
LOAD /opt/st/stm32cubeide_1.5.0/plugins/com.st.stm32cube.ide.mcu.externaltools.gnu-tools-for-stm32.7-2018-q2-update.linux64_1.5.0.202011040924/tools/bin/../lib/gcc/arm-none-eabi/7.3.1/../../../../arm-none-eabi/lib/thumb/v7e-m/fpv4-sp/hard/libc_nano.a
LOAD /opt/st/stm32cubeide_1.5.0/plugins/com.st.stm32cube.ide.mcu.externaltools.gnu-tools-for-stm32.7-2018-q2-update.linux64_1.5.0.202011040924/tools/bin/../lib/gcc/arm-none-eabi/7.3.1/../../../../arm-none-eabi/lib/thumb/v7e-m/fpv4-sp/hard/libnosys.a
END GROUP
LOAD /opt/st/stm32cubeide_1.5.0/plugins/com.st.stm32cube.ide.mcu.externaltools.gnu-tools-for-stm32.7-2018-q2-update.linux64_1.5.0.202011040924/tools/bin/../lib/gcc/arm-none-eabi/7.3.1/thumb/v7e-m/fpv4-sp/hard/crtend.o
LOAD /opt/st/stm32cubeide_1.5.0/plugins/com.st.stm32cube.ide.mcu.externaltools.gnu-tools-for-stm32.7-2018-q2-update.linux64_1.5.0.202011040924/tools/bin/../lib/gcc/arm-none-eabi/7.3.1/thumb/v7e-m/fpv4-sp/hard/crtn.o
                0x0000000020020000                _estack = (ORIGIN (RAM) + LENGTH (RAM))
                0x0000000000000200                _Min_Heap_Size = 0x200
                0x0000000000000400                _Min_Stack_Size = 0x400

.isr_vector     0x0000000008000000      0x1c4
                0x0000000008000000                . = ALIGN (0x4)
 *(.isr_vector)
 .isr_vector    0x0000000008000000      0x1c4 Core/Startup/startup_stm32f446vctx.o
                0x0000000008000000                g_pfnVectors
                0x00000000080001c4                . = ALIGN (0x4)

.text           0x00000000080001c4     0xbf68
                0x00000000080001c4                . = ALIGN (0x4)
 *(.text)
 .text          0x00000000080001c4       0x40 /opt/st/stm32cubeide_1.5.0/plugins/com.st.stm32cube.ide.mcu.externaltools.gnu-tools-for-stm32.7-2018-q2-update.linux64_1.5.0.202011040924/tools/bin/../lib/gcc/arm-none-eabi/7.3.1/thumb/v7e-m/fpv4-sp/hard/crtbegin.o
 .text          0x0000000008000204       0x30 /opt/st/stm32cubeide_1.5.0/plugins/com.st.stm32cube.ide.mcu.externaltools.gnu-tools-for-stm32.7-2018-q2-update.linux64_1.5.0.202011040924/tools/bin/../lib/gcc/arm-none-eabi/7.3.1/thumb/v7e-m/fpv4-sp/hard/libgcc.a(_aeabi_uldivmod.o)
                0x0000000008000204                __aeabi_uldivmod
 .text          0x0000000008000234      0x2cc /opt/st/stm32cubeide_1.5.0/plugins/com.st.stm32cube.ide.mcu.externaltools.gnu-tools-for-stm32.7-2018-q2-update.linux64_1.5.0.202011040924/tools/bin/../lib/gcc/arm-none-eabi/7.3.1/thumb/v7e-m/fpv4-sp/hard/libgcc.a(_udivmoddi4.o)
                0x0000000008000234                __udivmoddi4
 .text          0x0000000008000500        0x4 /opt/st/stm32cubeide_1.5.0/plugins/com.st.stm32cube.ide.mcu.externaltools.gnu-tools-for-stm32.7-2018-q2-update.linux64_1.5.0.202011040924/tools/bin/../lib/gcc/arm-none-eabi/7.3.1/thumb/v7e-m/fpv4-sp/hard/libgcc.a(_dvmd_tls.o)
                0x0000000008000500                __aeabi_ldiv0
                0x0000000008000500                __aeabi_idiv0
 *(.text*)
 .text.main     0x0000000008000504       0x64 Core/Src/main.o
                0x0000000008000504                main
 .text.SystemClock_Config
                0x0000000008000568      0x118 Core/Src/main.o
                0x0000000008000568                SystemClock_Config
 .text.MX_ADC1_Init
                0x0000000008000680       0xa4 Core/Src/main.o
 .text.MX_CAN1_Init
                0x0000000008000724       0x68 Core/Src/main.o
 .text.MX_I2C1_Init
                0x000000000800078c       0x5c Core/Src/main.o
 .text.MX_SDIO_SD_Init
                0x00000000080007e8       0x40 Core/Src/main.o
 .text.MX_SPI1_Init
                0x0000000008000828       0x70 Core/Src/main.o
 .text.MX_TIM1_Init
                0x0000000008000898      0x140 Core/Src/main.o
 .text.MX_TIM2_Init
                0x00000000080009d8       0xec Core/Src/main.o
 .text.MX_TIM3_Init
                0x0000000008000ac4       0xec Core/Src/main.o
 .text.MX_TIM4_Init
                0x0000000008000bb0      0x130 Core/Src/main.o
 .text.MX_TIM5_Init
                0x0000000008000ce0       0xec Core/Src/main.o
 .text.MX_TIM8_Init
                0x0000000008000dcc       0xb0 Core/Src/main.o
 .text.MX_TIM9_Init
                0x0000000008000e7c       0xc4 Core/Src/main.o
 .text.MX_UART4_Init
                0x0000000008000f40       0x54 Core/Src/main.o
 .text.MX_GPIO_Init
                0x0000000008000f94      0x214 Core/Src/main.o
 .text.Error_Handler
                0x00000000080011a8        0x8 Core/Src/main.o
                0x00000000080011a8                Error_Handler
 .text.HAL_MspInit
                0x00000000080011b0       0x50 Core/Src/stm32f4xx_hal_msp.o
                0x00000000080011b0                HAL_MspInit
 .text.HAL_ADC_MspInit
                0x0000000008001200       0x88 Core/Src/stm32f4xx_hal_msp.o
                0x0000000008001200                HAL_ADC_MspInit
 .text.HAL_CAN_MspInit
                0x0000000008001288      0x140 Core/Src/stm32f4xx_hal_msp.o
                0x0000000008001288                HAL_CAN_MspInit
 .text.HAL_I2C_MspInit
                0x00000000080013c8       0x90 Core/Src/stm32f4xx_hal_msp.o
                0x00000000080013c8                HAL_I2C_MspInit
 .text.HAL_SD_MspInit
                0x0000000008001458      0x110 Core/Src/stm32f4xx_hal_msp.o
                0x0000000008001458                HAL_SD_MspInit
 .text.HAL_SPI_MspInit
                0x0000000008001568       0x90 Core/Src/stm32f4xx_hal_msp.o
                0x0000000008001568                HAL_SPI_MspInit
 .text.HAL_TIM_Base_MspInit
                0x00000000080015f8      0x11c Core/Src/stm32f4xx_hal_msp.o
                0x00000000080015f8                HAL_TIM_Base_MspInit
 .text.HAL_TIM_Encoder_MspInit
                0x0000000008001714       0x90 Core/Src/stm32f4xx_hal_msp.o
                0x0000000008001714                HAL_TIM_Encoder_MspInit
 .text.HAL_TIM_MspPostInit
                0x00000000080017a4      0x1fc Core/Src/stm32f4xx_hal_msp.o
                0x00000000080017a4                HAL_TIM_MspPostInit
 .text.HAL_UART_MspInit
                0x00000000080019a0       0x90 Core/Src/stm32f4xx_hal_msp.o
                0x00000000080019a0                HAL_UART_MspInit
 .text.NMI_Handler
                0x0000000008001a30        0x6 Core/Src/stm32f4xx_it.o
                0x0000000008001a30                NMI_Handler
 .text.HardFault_Handler
                0x0000000008001a36        0x6 Core/Src/stm32f4xx_it.o
                0x0000000008001a36                HardFault_Handler
 .text.MemManage_Handler
                0x0000000008001a3c        0x6 Core/Src/stm32f4xx_it.o
                0x0000000008001a3c                MemManage_Handler
 .text.BusFault_Handler
                0x0000000008001a42        0x6 Core/Src/stm32f4xx_it.o
                0x0000000008001a42                BusFault_Handler
 .text.UsageFault_Handler
                0x0000000008001a48        0x6 Core/Src/stm32f4xx_it.o
                0x0000000008001a48                UsageFault_Handler
 .text.SVC_Handler
                0x0000000008001a4e        0xe Core/Src/stm32f4xx_it.o
                0x0000000008001a4e                SVC_Handler
 .text.DebugMon_Handler
                0x0000000008001a5c        0xe Core/Src/stm32f4xx_it.o
                0x0000000008001a5c                DebugMon_Handler
 .text.PendSV_Handler
                0x0000000008001a6a        0xe Core/Src/stm32f4xx_it.o
                0x0000000008001a6a                PendSV_Handler
 .text.SysTick_Handler
                0x0000000008001a78        0xc Core/Src/stm32f4xx_it.o
                0x0000000008001a78                SysTick_Handler
 .text.OTG_FS_IRQHandler
                0x0000000008001a84       0x14 Core/Src/stm32f4xx_it.o
                0x0000000008001a84                OTG_FS_IRQHandler
 .text._sbrk    0x0000000008001a98       0x6c Core/Src/sysmem.o
                0x0000000008001a98                _sbrk
 .text.SystemInit
                0x0000000008001b04       0x2c Core/Src/system_stm32f4xx.o
                0x0000000008001b04                SystemInit
 .text.Reset_Handler
                0x0000000008001b30       0x50 Core/Startup/startup_stm32f446vctx.o
                0x0000000008001b30                Reset_Handler
 .text.Default_Handler
                0x0000000008001b80        0x2 Core/Startup/startup_stm32f446vctx.o
                0x0000000008001b80                RTC_Alarm_IRQHandler
                0x0000000008001b80                EXTI2_IRQHandler
                0x0000000008001b80                TIM8_CC_IRQHandler
                0x0000000008001b80                FMPI2C1_EV_IRQHandler
                0x0000000008001b80                SPI4_IRQHandler
                0x0000000008001b80                TIM1_CC_IRQHandler
                0x0000000008001b80                DMA2_Stream5_IRQHandler
                0x0000000008001b80                DMA1_Stream5_IRQHandler
                0x0000000008001b80                PVD_IRQHandler
                0x0000000008001b80                SDIO_IRQHandler
                0x0000000008001b80                TAMP_STAMP_IRQHandler
                0x0000000008001b80                CAN2_RX1_IRQHandler
                0x0000000008001b80                EXTI3_IRQHandler
                0x0000000008001b80                TIM8_TRG_COM_TIM14_IRQHandler
                0x0000000008001b80                TIM1_UP_TIM10_IRQHandler
                0x0000000008001b80                TIM8_UP_TIM13_IRQHandler
                0x0000000008001b80                I2C3_ER_IRQHandler
                0x0000000008001b80                EXTI0_IRQHandler
                0x0000000008001b80                I2C2_EV_IRQHandler
                0x0000000008001b80                DMA1_Stream2_IRQHandler
                0x0000000008001b80                CAN1_RX0_IRQHandler
                0x0000000008001b80                FPU_IRQHandler
                0x0000000008001b80                OTG_HS_WKUP_IRQHandler
                0x0000000008001b80                CAN2_SCE_IRQHandler
                0x0000000008001b80                DMA2_Stream2_IRQHandler
                0x0000000008001b80                SPI1_IRQHandler
                0x0000000008001b80                TIM6_DAC_IRQHandler
                0x0000000008001b80                TIM1_BRK_TIM9_IRQHandler
                0x0000000008001b80                DCMI_IRQHandler
                0x0000000008001b80                CAN2_RX0_IRQHandler
                0x0000000008001b80                DMA2_Stream3_IRQHandler
                0x0000000008001b80                SAI2_IRQHandler
                0x0000000008001b80                USART6_IRQHandler
                0x0000000008001b80                USART3_IRQHandler
                0x0000000008001b80                CAN1_RX1_IRQHandler
                0x0000000008001b80                UART5_IRQHandler
                0x0000000008001b80                DMA2_Stream0_IRQHandler
                0x0000000008001b80                TIM4_IRQHandler
                0x0000000008001b80                QUADSPI_IRQHandler
                0x0000000008001b80                I2C1_EV_IRQHandler
                0x0000000008001b80                DMA1_Stream6_IRQHandler
                0x0000000008001b80                DMA1_Stream1_IRQHandler
                0x0000000008001b80                UART4_IRQHandler
                0x0000000008001b80                TIM3_IRQHandler
                0x0000000008001b80                RCC_IRQHandler
                0x0000000008001b80                TIM8_BRK_TIM12_IRQHandler
                0x0000000008001b80                Default_Handler
                0x0000000008001b80                CEC_IRQHandler
                0x0000000008001b80                EXTI15_10_IRQHandler
                0x0000000008001b80                ADC_IRQHandler
                0x0000000008001b80                DMA1_Stream7_IRQHandler
                0x0000000008001b80                TIM7_IRQHandler
                0x0000000008001b80                CAN2_TX_IRQHandler
                0x0000000008001b80                TIM5_IRQHandler
                0x0000000008001b80                DMA2_Stream7_IRQHandler
                0x0000000008001b80                I2C3_EV_IRQHandler
                0x0000000008001b80                EXTI9_5_IRQHandler
                0x0000000008001b80                RTC_WKUP_IRQHandler
                0x0000000008001b80                SPDIF_RX_IRQHandler
                0x0000000008001b80                SPI2_IRQHandler
                0x0000000008001b80                OTG_HS_EP1_IN_IRQHandler
                0x0000000008001b80                DMA1_Stream0_IRQHandler
                0x0000000008001b80                CAN1_TX_IRQHandler
                0x0000000008001b80                FMPI2C1_ER_IRQHandler
                0x0000000008001b80                EXTI4_IRQHandler
                0x0000000008001b80                OTG_HS_EP1_OUT_IRQHandler
                0x0000000008001b80                WWDG_IRQHandler
                0x0000000008001b80                TIM2_IRQHandler
                0x0000000008001b80                OTG_FS_WKUP_IRQHandler
                0x0000000008001b80                TIM1_TRG_COM_TIM11_IRQHandler
                0x0000000008001b80                OTG_HS_IRQHandler
                0x0000000008001b80                EXTI1_IRQHandler
                0x0000000008001b80                USART2_IRQHandler
                0x0000000008001b80                I2C2_ER_IRQHandler
                0x0000000008001b80                DMA2_Stream1_IRQHandler
                0x0000000008001b80                CAN1_SCE_IRQHandler
                0x0000000008001b80                FLASH_IRQHandler
                0x0000000008001b80                DMA2_Stream4_IRQHandler
                0x0000000008001b80                USART1_IRQHandler
                0x0000000008001b80                SPI3_IRQHandler
                0x0000000008001b80                DMA1_Stream4_IRQHandler
                0x0000000008001b80                I2C1_ER_IRQHandler
                0x0000000008001b80                FMC_IRQHandler
                0x0000000008001b80                DMA2_Stream6_IRQHandler
                0x0000000008001b80                SAI1_IRQHandler
                0x0000000008001b80                DMA1_Stream3_IRQHandler
 *fill*         0x0000000008001b82        0x2 
 .text.HAL_Init
                0x0000000008001b84       0x44 Drivers/STM32F4xx_HAL_Driver/Src/stm32f4xx_hal.o
                0x0000000008001b84                HAL_Init
 .text.HAL_InitTick
                0x0000000008001bc8       0x60 Drivers/STM32F4xx_HAL_Driver/Src/stm32f4xx_hal.o
                0x0000000008001bc8                HAL_InitTick
 .text.HAL_IncTick
                0x0000000008001c28       0x28 Drivers/STM32F4xx_HAL_Driver/Src/stm32f4xx_hal.o
                0x0000000008001c28                HAL_IncTick
 .text.HAL_GetTick
                0x0000000008001c50       0x18 Drivers/STM32F4xx_HAL_Driver/Src/stm32f4xx_hal.o
                0x0000000008001c50                HAL_GetTick
 .text.HAL_Delay
                0x0000000008001c68       0x44 Drivers/STM32F4xx_HAL_Driver/Src/stm32f4xx_hal.o
                0x0000000008001c68                HAL_Delay
 .text.HAL_ADC_Init
                0x0000000008001cac       0x86 Drivers/STM32F4xx_HAL_Driver/Src/stm32f4xx_hal_adc.o
                0x0000000008001cac                HAL_ADC_Init
 *fill*         0x0000000008001d32        0x2 
 .text.HAL_ADC_ConfigChannel
                0x0000000008001d34      0x264 Drivers/STM32F4xx_HAL_Driver/Src/stm32f4xx_hal_adc.o
                0x0000000008001d34                HAL_ADC_ConfigChannel
 .text.ADC_Init
                0x0000000008001f98      0x1f8 Drivers/STM32F4xx_HAL_Driver/Src/stm32f4xx_hal_adc.o
 .text.HAL_CAN_Init
                0x0000000008002190      0x1f6 Drivers/STM32F4xx_HAL_Driver/Src/stm32f4xx_hal_can.o
                0x0000000008002190                HAL_CAN_Init
 *fill*         0x0000000008002386        0x2 
 .text.__NVIC_SetPriorityGrouping
                0x0000000008002388       0x48 Drivers/STM32F4xx_HAL_Driver/Src/stm32f4xx_hal_cortex.o
 .text.__NVIC_GetPriorityGrouping
                0x00000000080023d0       0x1c Drivers/STM32F4xx_HAL_Driver/Src/stm32f4xx_hal_cortex.o
 .text.__NVIC_EnableIRQ
                0x00000000080023ec       0x3c Drivers/STM32F4xx_HAL_Driver/Src/stm32f4xx_hal_cortex.o
 .text.__NVIC_SetPriority
                0x0000000008002428       0x54 Drivers/STM32F4xx_HAL_Driver/Src/stm32f4xx_hal_cortex.o
 .text.NVIC_EncodePriority
                0x000000000800247c       0x66 Drivers/STM32F4xx_HAL_Driver/Src/stm32f4xx_hal_cortex.o
 *fill*         0x00000000080024e2        0x2 
 .text.SysTick_Config
                0x00000000080024e4       0x44 Drivers/STM32F4xx_HAL_Driver/Src/stm32f4xx_hal_cortex.o
 .text.HAL_NVIC_SetPriorityGrouping
                0x0000000008002528       0x16 Drivers/STM32F4xx_HAL_Driver/Src/stm32f4xx_hal_cortex.o
                0x0000000008002528                HAL_NVIC_SetPriorityGrouping
 .text.HAL_NVIC_SetPriority
                0x000000000800253e       0x38 Drivers/STM32F4xx_HAL_Driver/Src/stm32f4xx_hal_cortex.o
                0x000000000800253e                HAL_NVIC_SetPriority
 .text.HAL_NVIC_EnableIRQ
                0x0000000008002576       0x1c Drivers/STM32F4xx_HAL_Driver/Src/stm32f4xx_hal_cortex.o
                0x0000000008002576                HAL_NVIC_EnableIRQ
 .text.HAL_SYSTICK_Config
                0x0000000008002592       0x18 Drivers/STM32F4xx_HAL_Driver/Src/stm32f4xx_hal_cortex.o
                0x0000000008002592                HAL_SYSTICK_Config
 *fill*         0x00000000080025aa        0x2 
 .text.HAL_GPIO_Init
                0x00000000080025ac      0x324 Drivers/STM32F4xx_HAL_Driver/Src/stm32f4xx_hal_gpio.o
                0x00000000080025ac                HAL_GPIO_Init
 .text.HAL_GPIO_ReadPin
                0x00000000080028d0       0x30 Drivers/STM32F4xx_HAL_Driver/Src/stm32f4xx_hal_gpio.o
                0x00000000080028d0                HAL_GPIO_ReadPin
 .text.HAL_GPIO_WritePin
                0x0000000008002900       0x32 Drivers/STM32F4xx_HAL_Driver/Src/stm32f4xx_hal_gpio.o
                0x0000000008002900                HAL_GPIO_WritePin
 .text.HAL_GPIO_TogglePin
                0x0000000008002932       0x36 Drivers/STM32F4xx_HAL_Driver/Src/stm32f4xx_hal_gpio.o
                0x0000000008002932                HAL_GPIO_TogglePin
 .text.HAL_I2C_Init
                0x0000000008002968      0x270 Drivers/STM32F4xx_HAL_Driver/Src/stm32f4xx_hal_i2c.o
                0x0000000008002968                HAL_I2C_Init
 .text.HAL_PCD_Init
                0x0000000008002bd8      0x248 Drivers/STM32F4xx_HAL_Driver/Src/stm32f4xx_hal_pcd.o
                0x0000000008002bd8                HAL_PCD_Init
 .text.HAL_PCD_Start
                0x0000000008002e20       0x66 Drivers/STM32F4xx_HAL_Driver/Src/stm32f4xx_hal_pcd.o
                0x0000000008002e20                HAL_PCD_Start
 .text.HAL_PCD_IRQHandler
                0x0000000008002e86      0x7be Drivers/STM32F4xx_HAL_Driver/Src/stm32f4xx_hal_pcd.o
                0x0000000008002e86                HAL_PCD_IRQHandler
 .text.HAL_PCD_SetAddress
                0x0000000008003644       0x4a Drivers/STM32F4xx_HAL_Driver/Src/stm32f4xx_hal_pcd.o
                0x0000000008003644                HAL_PCD_SetAddress
 .text.HAL_PCD_EP_Open
                0x000000000800368e       0xd0 Drivers/STM32F4xx_HAL_Driver/Src/stm32f4xx_hal_pcd.o
                0x000000000800368e                HAL_PCD_EP_Open
 .text.HAL_PCD_EP_Close
                0x000000000800375e       0x94 Drivers/STM32F4xx_HAL_Driver/Src/stm32f4xx_hal_pcd.o
                0x000000000800375e                HAL_PCD_EP_Close
 .text.HAL_PCD_EP_Receive
                0x00000000080037f2       0x96 Drivers/STM32F4xx_HAL_Driver/Src/stm32f4xx_hal_pcd.o
                0x00000000080037f2                HAL_PCD_EP_Receive
 .text.HAL_PCD_EP_GetRxCount
                0x0000000008003888       0x30 Drivers/STM32F4xx_HAL_Driver/Src/stm32f4xx_hal_pcd.o
                0x0000000008003888                HAL_PCD_EP_GetRxCount
 .text.HAL_PCD_EP_Transmit
                0x00000000080038b8       0x94 Drivers/STM32F4xx_HAL_Driver/Src/stm32f4xx_hal_pcd.o
                0x00000000080038b8                HAL_PCD_EP_Transmit
 .text.HAL_PCD_EP_SetStall
                0x000000000800394c       0xc8 Drivers/STM32F4xx_HAL_Driver/Src/stm32f4xx_hal_pcd.o
                0x000000000800394c                HAL_PCD_EP_SetStall
 .text.HAL_PCD_EP_ClrStall
                0x0000000008003a14       0xac Drivers/STM32F4xx_HAL_Driver/Src/stm32f4xx_hal_pcd.o
                0x0000000008003a14                HAL_PCD_EP_ClrStall
 .text.PCD_WriteEmptyTxFifo
                0x0000000008003ac0      0x11a Drivers/STM32F4xx_HAL_Driver/Src/stm32f4xx_hal_pcd.o
 *fill*         0x0000000008003bda        0x2 
 .text.PCD_EP_OutXfrComplete_int
                0x0000000008003bdc      0x218 Drivers/STM32F4xx_HAL_Driver/Src/stm32f4xx_hal_pcd.o
 .text.PCD_EP_OutSetupPacket_int
                0x0000000008003df4       0x8c Drivers/STM32F4xx_HAL_Driver/Src/stm32f4xx_hal_pcd.o
 .text.HAL_PCDEx_SetTxFiFo
                0x0000000008003e80       0x8e Drivers/STM32F4xx_HAL_Driver/Src/stm32f4xx_hal_pcd_ex.o
                0x0000000008003e80                HAL_PCDEx_SetTxFiFo
 .text.HAL_PCDEx_SetRxFiFo
                0x0000000008003f0e       0x22 Drivers/STM32F4xx_HAL_Driver/Src/stm32f4xx_hal_pcd_ex.o
                0x0000000008003f0e                HAL_PCDEx_SetRxFiFo
 .text.HAL_PCDEx_ActivateLPM
                0x0000000008003f30       0x48 Drivers/STM32F4xx_HAL_Driver/Src/stm32f4xx_hal_pcd_ex.o
                0x0000000008003f30                HAL_PCDEx_ActivateLPM
 .text.HAL_RCC_ClockConfig
                0x0000000008003f78      0x1cc Drivers/STM32F4xx_HAL_Driver/Src/stm32f4xx_hal_rcc.o
                0x0000000008003f78                HAL_RCC_ClockConfig
 .text.HAL_RCC_GetHCLKFreq
                0x0000000008004144       0x18 Drivers/STM32F4xx_HAL_Driver/Src/stm32f4xx_hal_rcc.o
                0x0000000008004144                HAL_RCC_GetHCLKFreq
 .text.HAL_RCC_GetPCLK1Freq
                0x000000000800415c       0x28 Drivers/STM32F4xx_HAL_Driver/Src/stm32f4xx_hal_rcc.o
                0x000000000800415c                HAL_RCC_GetPCLK1Freq
 .text.HAL_RCC_GetPCLK2Freq
                0x0000000008004184       0x28 Drivers/STM32F4xx_HAL_Driver/Src/stm32f4xx_hal_rcc.o
                0x0000000008004184                HAL_RCC_GetPCLK2Freq
 .text.HAL_RCCEx_PeriphCLKConfig
                0x00000000080041ac      0x654 Drivers/STM32F4xx_HAL_Driver/Src/stm32f4xx_hal_rcc_ex.o
                0x00000000080041ac                HAL_RCCEx_PeriphCLKConfig
 .text.HAL_RCC_GetSysClockFreq
                0x0000000008004800      0x340 Drivers/STM32F4xx_HAL_Driver/Src/stm32f4xx_hal_rcc_ex.o
                0x0000000008004800                HAL_RCC_GetSysClockFreq
 .text.HAL_RCC_OscConfig
                0x0000000008004b40      0x4b4 Drivers/STM32F4xx_HAL_Driver/Src/stm32f4xx_hal_rcc_ex.o
                0x0000000008004b40                HAL_RCC_OscConfig
 .text.HAL_SD_Init
                0x0000000008004ff4       0x60 Drivers/STM32F4xx_HAL_Driver/Src/stm32f4xx_hal_sd.o
                0x0000000008004ff4                HAL_SD_Init
 .text.HAL_SD_InitCard
                0x0000000008005054       0xc0 Drivers/STM32F4xx_HAL_Driver/Src/stm32f4xx_hal_sd.o
                0x0000000008005054                HAL_SD_InitCard
 .text.HAL_SD_ReadBlocks
                0x0000000008005114      0x3f0 Drivers/STM32F4xx_HAL_Driver/Src/stm32f4xx_hal_sd.o
                0x0000000008005114                HAL_SD_ReadBlocks
 .text.HAL_SD_WriteBlocks
                0x0000000008005504      0x340 Drivers/STM32F4xx_HAL_Driver/Src/stm32f4xx_hal_sd.o
                0x0000000008005504                HAL_SD_WriteBlocks
 .text.HAL_SD_GetCardCSD
                0x0000000008005844      0x348 Drivers/STM32F4xx_HAL_Driver/Src/stm32f4xx_hal_sd.o
                0x0000000008005844                HAL_SD_GetCardCSD
 .text.HAL_SD_GetCardInfo
                0x0000000008005b8c       0x58 Drivers/STM32F4xx_HAL_Driver/Src/stm32f4xx_hal_sd.o
                0x0000000008005b8c                HAL_SD_GetCardInfo
 .text.HAL_SD_ConfigWideBusOperation
                0x0000000008005be4       0xf8 Drivers/STM32F4xx_HAL_Driver/Src/stm32f4xx_hal_sd.o
                0x0000000008005be4                HAL_SD_ConfigWideBusOperation
 .text.HAL_SD_GetCardState
                0x0000000008005cdc       0x40 Drivers/STM32F4xx_HAL_Driver/Src/stm32f4xx_hal_sd.o
                0x0000000008005cdc                HAL_SD_GetCardState
 .text.SD_InitCard
                0x0000000008005d1c      0x19a Drivers/STM32F4xx_HAL_Driver/Src/stm32f4xx_hal_sd.o
 *fill*         0x0000000008005eb6        0x2 
 .text.SD_PowerON
                0x0000000008005eb8      0x11c Drivers/STM32F4xx_HAL_Driver/Src/stm32f4xx_hal_sd.o
 .text.SD_SendStatus
                0x0000000008005fd4       0x50 Drivers/STM32F4xx_HAL_Driver/Src/stm32f4xx_hal_sd.o
 .text.SD_WideBus_Enable
                0x0000000008006024       0x96 Drivers/STM32F4xx_HAL_Driver/Src/stm32f4xx_hal_sd.o
 .text.SD_WideBus_Disable
                0x00000000080060ba       0x96 Drivers/STM32F4xx_HAL_Driver/Src/stm32f4xx_hal_sd.o
 .text.SD_FindSCR
                0x0000000008006150      0x194 Drivers/STM32F4xx_HAL_Driver/Src/stm32f4xx_hal_sd.o
 .text.HAL_SPI_Init
                0x00000000080062e4       0xc8 Drivers/STM32F4xx_HAL_Driver/Src/stm32f4xx_hal_spi.o
                0x00000000080062e4                HAL_SPI_Init
 .text.HAL_TIM_Base_Init
                0x00000000080063ac       0x56 Drivers/STM32F4xx_HAL_Driver/Src/stm32f4xx_hal_tim.o
                0x00000000080063ac                HAL_TIM_Base_Init
 .text.HAL_TIM_PWM_Init
                0x0000000008006402       0x56 Drivers/STM32F4xx_HAL_Driver/Src/stm32f4xx_hal_tim.o
                0x0000000008006402                HAL_TIM_PWM_Init
 .text.HAL_TIM_PWM_MspInit
                0x0000000008006458       0x14 Drivers/STM32F4xx_HAL_Driver/Src/stm32f4xx_hal_tim.o
                0x0000000008006458                HAL_TIM_PWM_MspInit
 .text.HAL_TIM_Encoder_Init
                0x000000000800646c      0x124 Drivers/STM32F4xx_HAL_Driver/Src/stm32f4xx_hal_tim.o
                0x000000000800646c                HAL_TIM_Encoder_Init
 .text.HAL_TIM_PWM_ConfigChannel
                0x0000000008006590      0x18c Drivers/STM32F4xx_HAL_Driver/Src/stm32f4xx_hal_tim.o
                0x0000000008006590                HAL_TIM_PWM_ConfigChannel
 .text.HAL_TIM_ConfigClockSource
                0x000000000800671c      0x16e Drivers/STM32F4xx_HAL_Driver/Src/stm32f4xx_hal_tim.o
                0x000000000800671c                HAL_TIM_ConfigClockSource
 *fill*         0x000000000800688a        0x2 
 .text.TIM_Base_SetConfig
                0x000000000800688c      0x140 Drivers/STM32F4xx_HAL_Driver/Src/stm32f4xx_hal_tim.o
                0x000000000800688c                TIM_Base_SetConfig
 .text.TIM_OC1_SetConfig
                0x00000000080069cc       0xe0 Drivers/STM32F4xx_HAL_Driver/Src/stm32f4xx_hal_tim.o
 .text.TIM_OC2_SetConfig
                0x0000000008006aac       0xec Drivers/STM32F4xx_HAL_Driver/Src/stm32f4xx_hal_tim.o
                0x0000000008006aac                TIM_OC2_SetConfig
 .text.TIM_OC3_SetConfig
                0x0000000008006b98       0xe8 Drivers/STM32F4xx_HAL_Driver/Src/stm32f4xx_hal_tim.o
 .text.TIM_OC4_SetConfig
                0x0000000008006c80       0xac Drivers/STM32F4xx_HAL_Driver/Src/stm32f4xx_hal_tim.o
 .text.TIM_TI1_ConfigInputStage
                0x0000000008006d2c       0x5e Drivers/STM32F4xx_HAL_Driver/Src/stm32f4xx_hal_tim.o
 .text.TIM_TI2_ConfigInputStage
                0x0000000008006d8a       0x60 Drivers/STM32F4xx_HAL_Driver/Src/stm32f4xx_hal_tim.o
 .text.TIM_ITRx_SetConfig
                0x0000000008006dea       0x36 Drivers/STM32F4xx_HAL_Driver/Src/stm32f4xx_hal_tim.o
 .text.TIM_ETR_SetConfig
                0x0000000008006e20       0x40 Drivers/STM32F4xx_HAL_Driver/Src/stm32f4xx_hal_tim.o
                0x0000000008006e20                TIM_ETR_SetConfig
 .text.HAL_TIMEx_MasterConfigSynchronization
                0x0000000008006e60       0xf8 Drivers/STM32F4xx_HAL_Driver/Src/stm32f4xx_hal_tim_ex.o
                0x0000000008006e60                HAL_TIMEx_MasterConfigSynchronization
 .text.HAL_TIMEx_ConfigBreakDeadTime
                0x0000000008006f58       0xa4 Drivers/STM32F4xx_HAL_Driver/Src/stm32f4xx_hal_tim_ex.o
                0x0000000008006f58                HAL_TIMEx_ConfigBreakDeadTime
 .text.HAL_HalfDuplex_Init
                0x0000000008006ffc       0xaa Drivers/STM32F4xx_HAL_Driver/Src/stm32f4xx_hal_uart.o
                0x0000000008006ffc                HAL_HalfDuplex_Init
 *fill*         0x00000000080070a6        0x2 
 .text.UART_SetConfig
                0x00000000080070a8      0x6f8 Drivers/STM32F4xx_HAL_Driver/Src/stm32f4xx_hal_uart.o
 .text.SDIO_Init
                0x00000000080077a0       0x56 Drivers/STM32F4xx_HAL_Driver/Src/stm32f4xx_ll_sdmmc.o
                0x00000000080077a0                SDIO_Init
 .text.SDIO_ReadFIFO
                0x00000000080077f6       0x1a Drivers/STM32F4xx_HAL_Driver/Src/stm32f4xx_ll_sdmmc.o
                0x00000000080077f6                SDIO_ReadFIFO
 .text.SDIO_WriteFIFO
                0x0000000008007810       0x22 Drivers/STM32F4xx_HAL_Driver/Src/stm32f4xx_ll_sdmmc.o
                0x0000000008007810                SDIO_WriteFIFO
 .text.SDIO_PowerState_ON
                0x0000000008007832       0x1e Drivers/STM32F4xx_HAL_Driver/Src/stm32f4xx_ll_sdmmc.o
                0x0000000008007832                SDIO_PowerState_ON
 .text.SDIO_GetPowerState
                0x0000000008007850       0x1c Drivers/STM32F4xx_HAL_Driver/Src/stm32f4xx_ll_sdmmc.o
                0x0000000008007850                SDIO_GetPowerState
 .text.SDIO_SendCommand
                0x000000000800786c       0x54 Drivers/STM32F4xx_HAL_Driver/Src/stm32f4xx_ll_sdmmc.o
                0x000000000800786c                SDIO_SendCommand
 .text.SDIO_GetCommandResponse
                0x00000000080078c0       0x1a Drivers/STM32F4xx_HAL_Driver/Src/stm32f4xx_ll_sdmmc.o
                0x00000000080078c0                SDIO_GetCommandResponse
 .text.SDIO_GetResponse
                0x00000000080078da       0x26 Drivers/STM32F4xx_HAL_Driver/Src/stm32f4xx_ll_sdmmc.o
                0x00000000080078da                SDIO_GetResponse
 .text.SDIO_ConfigData
                0x0000000008007900       0x58 Drivers/STM32F4xx_HAL_Driver/Src/stm32f4xx_ll_sdmmc.o
                0x0000000008007900                SDIO_ConfigData
 .text.SDMMC_CmdBlockLength
                0x0000000008007958       0x44 Drivers/STM32F4xx_HAL_Driver/Src/stm32f4xx_ll_sdmmc.o
                0x0000000008007958                SDMMC_CmdBlockLength
 .text.SDMMC_CmdReadSingleBlock
                0x000000000800799c       0x44 Drivers/STM32F4xx_HAL_Driver/Src/stm32f4xx_ll_sdmmc.o
                0x000000000800799c                SDMMC_CmdReadSingleBlock
 .text.SDMMC_CmdReadMultiBlock
                0x00000000080079e0       0x44 Drivers/STM32F4xx_HAL_Driver/Src/stm32f4xx_ll_sdmmc.o
                0x00000000080079e0                SDMMC_CmdReadMultiBlock
 .text.SDMMC_CmdWriteSingleBlock
                0x0000000008007a24       0x44 Drivers/STM32F4xx_HAL_Driver/Src/stm32f4xx_ll_sdmmc.o
                0x0000000008007a24                SDMMC_CmdWriteSingleBlock
 .text.SDMMC_CmdWriteMultiBlock
                0x0000000008007a68       0x44 Drivers/STM32F4xx_HAL_Driver/Src/stm32f4xx_ll_sdmmc.o
                0x0000000008007a68                SDMMC_CmdWriteMultiBlock
 .text.SDMMC_CmdStopTransfer
                0x0000000008007aac       0x44 Drivers/STM32F4xx_HAL_Driver/Src/stm32f4xx_ll_sdmmc.o
                0x0000000008007aac                SDMMC_CmdStopTransfer
 .text.SDMMC_CmdSelDesel
                0x0000000008007af0       0x46 Drivers/STM32F4xx_HAL_Driver/Src/stm32f4xx_ll_sdmmc.o
                0x0000000008007af0                SDMMC_CmdSelDesel
 .text.SDMMC_CmdGoIdleState
                0x0000000008007b36       0x3c Drivers/STM32F4xx_HAL_Driver/Src/stm32f4xx_ll_sdmmc.o
                0x0000000008007b36                SDMMC_CmdGoIdleState
 .text.SDMMC_CmdOperCond
                0x0000000008007b72       0x3e Drivers/STM32F4xx_HAL_Driver/Src/stm32f4xx_ll_sdmmc.o
                0x0000000008007b72                SDMMC_CmdOperCond
 .text.SDMMC_CmdAppCommand
                0x0000000008007bb0       0x44 Drivers/STM32F4xx_HAL_Driver/Src/stm32f4xx_ll_sdmmc.o
                0x0000000008007bb0                SDMMC_CmdAppCommand
 .text.SDMMC_CmdAppOperCommand
                0x0000000008007bf4       0x46 Drivers/STM32F4xx_HAL_Driver/Src/stm32f4xx_ll_sdmmc.o
                0x0000000008007bf4                SDMMC_CmdAppOperCommand
 .text.SDMMC_CmdBusWidth
                0x0000000008007c3a       0x44 Drivers/STM32F4xx_HAL_Driver/Src/stm32f4xx_ll_sdmmc.o
                0x0000000008007c3a                SDMMC_CmdBusWidth
 .text.SDMMC_CmdSendSCR
                0x0000000008007c7e       0x42 Drivers/STM32F4xx_HAL_Driver/Src/stm32f4xx_ll_sdmmc.o
                0x0000000008007c7e                SDMMC_CmdSendSCR
 .text.SDMMC_CmdSendCID
                0x0000000008007cc0       0x3c Drivers/STM32F4xx_HAL_Driver/Src/stm32f4xx_ll_sdmmc.o
                0x0000000008007cc0                SDMMC_CmdSendCID
 .text.SDMMC_CmdSendCSD
                0x0000000008007cfc       0x3e Drivers/STM32F4xx_HAL_Driver/Src/stm32f4xx_ll_sdmmc.o
                0x0000000008007cfc                SDMMC_CmdSendCSD
 .text.SDMMC_CmdSetRelAdd
                0x0000000008007d3a       0x42 Drivers/STM32F4xx_HAL_Driver/Src/stm32f4xx_ll_sdmmc.o
                0x0000000008007d3a                SDMMC_CmdSetRelAdd
 .text.SDMMC_CmdSendStatus
                0x0000000008007d7c       0x44 Drivers/STM32F4xx_HAL_Driver/Src/stm32f4xx_ll_sdmmc.o
                0x0000000008007d7c                SDMMC_CmdSendStatus
 .text.SDMMC_GetCmdError
                0x0000000008007dc0       0x50 Drivers/STM32F4xx_HAL_Driver/Src/stm32f4xx_ll_sdmmc.o
 .text.SDMMC_GetCmdResp1
                0x0000000008007e10      0x1d8 Drivers/STM32F4xx_HAL_Driver/Src/stm32f4xx_ll_sdmmc.o
 .text.SDMMC_GetCmdResp2
                0x0000000008007fe8       0x8c Drivers/STM32F4xx_HAL_Driver/Src/stm32f4xx_ll_sdmmc.o
 .text.SDMMC_GetCmdResp3
                0x0000000008008074       0x74 Drivers/STM32F4xx_HAL_Driver/Src/stm32f4xx_ll_sdmmc.o
 .text.SDMMC_GetCmdResp6
                0x00000000080080e8       0xe8 Drivers/STM32F4xx_HAL_Driver/Src/stm32f4xx_ll_sdmmc.o
 .text.SDMMC_GetCmdResp7
                0x00000000080081d0       0x98 Drivers/STM32F4xx_HAL_Driver/Src/stm32f4xx_ll_sdmmc.o
 .text.USB_CoreInit
                0x0000000008008268       0xc2 Drivers/STM32F4xx_HAL_Driver/Src/stm32f4xx_ll_usb.o
                0x0000000008008268                USB_CoreInit
 *fill*         0x000000000800832a        0x2 
 .text.USB_SetTurnaroundTime
                0x000000000800832c      0x144 Drivers/STM32F4xx_HAL_Driver/Src/stm32f4xx_ll_usb.o
                0x000000000800832c                USB_SetTurnaroundTime
 .text.USB_EnableGlobalInt
                0x0000000008008470       0x22 Drivers/STM32F4xx_HAL_Driver/Src/stm32f4xx_ll_usb.o
                0x0000000008008470                USB_EnableGlobalInt
 .text.USB_DisableGlobalInt
                0x0000000008008492       0x22 Drivers/STM32F4xx_HAL_Driver/Src/stm32f4xx_ll_usb.o
                0x0000000008008492                USB_DisableGlobalInt
 .text.USB_SetCurrentMode
                0x00000000080084b4       0x54 Drivers/STM32F4xx_HAL_Driver/Src/stm32f4xx_ll_usb.o
                0x00000000080084b4                USB_SetCurrentMode
 .text.USB_DevInit
                0x0000000008008508      0x2bc Drivers/STM32F4xx_HAL_Driver/Src/stm32f4xx_ll_usb.o
                0x0000000008008508                USB_DevInit
 .text.USB_FlushTxFifo
                0x00000000080087c4       0x4c Drivers/STM32F4xx_HAL_Driver/Src/stm32f4xx_ll_usb.o
                0x00000000080087c4                USB_FlushTxFifo
 .text.USB_FlushRxFifo
                0x0000000008008810       0x44 Drivers/STM32F4xx_HAL_Driver/Src/stm32f4xx_ll_usb.o
                0x0000000008008810                USB_FlushRxFifo
 .text.USB_SetDevSpeed
                0x0000000008008854       0x32 Drivers/STM32F4xx_HAL_Driver/Src/stm32f4xx_ll_usb.o
                0x0000000008008854                USB_SetDevSpeed
 .text.USB_GetDevSpeed
                0x0000000008008886       0x4a Drivers/STM32F4xx_HAL_Driver/Src/stm32f4xx_ll_usb.o
                0x0000000008008886                USB_GetDevSpeed
 .text.USB_ActivateEndpoint
                0x00000000080088d0      0x10e Drivers/STM32F4xx_HAL_Driver/Src/stm32f4xx_ll_usb.o
                0x00000000080088d0                USB_ActivateEndpoint
 *fill*         0x00000000080089de        0x2 
 .text.USB_DeactivateEndpoint
                0x00000000080089e0      0x1b8 Drivers/STM32F4xx_HAL_Driver/Src/stm32f4xx_ll_usb.o
                0x00000000080089e0                USB_DeactivateEndpoint
 .text.USB_EPStartXfer
                0x0000000008008b98      0x488 Drivers/STM32F4xx_HAL_Driver/Src/stm32f4xx_ll_usb.o
                0x0000000008008b98                USB_EPStartXfer
 .text.USB_EP0StartXfer
                0x0000000008009020      0x2a6 Drivers/STM32F4xx_HAL_Driver/Src/stm32f4xx_ll_usb.o
                0x0000000008009020                USB_EP0StartXfer
 .text.USB_WritePacket
                0x00000000080092c6       0x6a Drivers/STM32F4xx_HAL_Driver/Src/stm32f4xx_ll_usb.o
                0x00000000080092c6                USB_WritePacket
 .text.USB_ReadPacket
                0x0000000008009330       0x52 Drivers/STM32F4xx_HAL_Driver/Src/stm32f4xx_ll_usb.o
                0x0000000008009330                USB_ReadPacket
 .text.USB_EPSetStall
                0x0000000008009382       0xdc Drivers/STM32F4xx_HAL_Driver/Src/stm32f4xx_ll_usb.o
                0x0000000008009382                USB_EPSetStall
 .text.USB_EPClearStall
                0x000000000800945e       0xcc Drivers/STM32F4xx_HAL_Driver/Src/stm32f4xx_ll_usb.o
                0x000000000800945e                USB_EPClearStall
 .text.USB_SetDevAddress
                0x000000000800952a       0x4c Drivers/STM32F4xx_HAL_Driver/Src/stm32f4xx_ll_usb.o
                0x000000000800952a                USB_SetDevAddress
 .text.USB_DevConnect
                0x0000000008009576       0x42 Drivers/STM32F4xx_HAL_Driver/Src/stm32f4xx_ll_usb.o
                0x0000000008009576                USB_DevConnect
 .text.USB_DevDisconnect
                0x00000000080095b8       0x42 Drivers/STM32F4xx_HAL_Driver/Src/stm32f4xx_ll_usb.o
                0x00000000080095b8                USB_DevDisconnect
 .text.USB_ReadInterrupts
                0x00000000080095fa       0x26 Drivers/STM32F4xx_HAL_Driver/Src/stm32f4xx_ll_usb.o
                0x00000000080095fa                USB_ReadInterrupts
 .text.USB_ReadDevAllOutEpInterrupt
                0x0000000008009620       0x34 Drivers/STM32F4xx_HAL_Driver/Src/stm32f4xx_ll_usb.o
                0x0000000008009620                USB_ReadDevAllOutEpInterrupt
 .text.USB_ReadDevAllInEpInterrupt
                0x0000000008009654       0x34 Drivers/STM32F4xx_HAL_Driver/Src/stm32f4xx_ll_usb.o
                0x0000000008009654                USB_ReadDevAllInEpInterrupt
 .text.USB_ReadDevOutEPInterrupt
                0x0000000008009688       0x3c Drivers/STM32F4xx_HAL_Driver/Src/stm32f4xx_ll_usb.o
                0x0000000008009688                USB_ReadDevOutEPInterrupt
 .text.USB_ReadDevInEPInterrupt
                0x00000000080096c4       0x5c Drivers/STM32F4xx_HAL_Driver/Src/stm32f4xx_ll_usb.o
                0x00000000080096c4                USB_ReadDevInEPInterrupt
 .text.USB_GetMode
                0x0000000008009720       0x1c Drivers/STM32F4xx_HAL_Driver/Src/stm32f4xx_ll_usb.o
                0x0000000008009720                USB_GetMode
 .text.USB_ActivateSetup
                0x000000000800973c       0x46 Drivers/STM32F4xx_HAL_Driver/Src/stm32f4xx_ll_usb.o
                0x000000000800973c                USB_ActivateSetup
 *fill*         0x0000000008009782        0x2 
 .text.USB_EP0_OutStart
                0x0000000008009784       0xbc Drivers/STM32F4xx_HAL_Driver/Src/stm32f4xx_ll_usb.o
                0x0000000008009784                USB_EP0_OutStart
 .text.USB_CoreReset
                0x0000000008009840       0x68 Drivers/STM32F4xx_HAL_Driver/Src/stm32f4xx_ll_usb.o
 .text.MX_FATFS_Init
                0x00000000080098a8       0x24 FATFS/App/fatfs.o
                0x00000000080098a8                MX_FATFS_Init
 .text.BSP_SD_Init
                0x00000000080098cc       0x4c FATFS/Target/bsp_driver_sd.o
                0x00000000080098cc                BSP_SD_Init
 .text.BSP_SD_ReadBlocks
                0x0000000008009918       0x3c FATFS/Target/bsp_driver_sd.o
                0x0000000008009918                BSP_SD_ReadBlocks
 .text.BSP_SD_WriteBlocks
                0x0000000008009954       0x3c FATFS/Target/bsp_driver_sd.o
                0x0000000008009954                BSP_SD_WriteBlocks
 .text.BSP_SD_GetCardState
                0x0000000008009990       0x20 FATFS/Target/bsp_driver_sd.o
                0x0000000008009990                BSP_SD_GetCardState
 .text.BSP_SD_GetCardInfo
                0x00000000080099b0       0x1c FATFS/Target/bsp_driver_sd.o
                0x00000000080099b0                BSP_SD_GetCardInfo
 .text.BSP_SD_IsDetected
                0x00000000080099cc       0x24 FATFS/Target/bsp_driver_sd.o
                0x00000000080099cc                BSP_SD_IsDetected
 .text.BSP_PlatformIsDetected
                0x00000000080099f0       0x2c FATFS/Target/fatfs_platform.o
                0x00000000080099f0                BSP_PlatformIsDetected
 .text.SD_CheckStatus
                0x0000000008009a1c       0x3c FATFS/Target/sd_diskio.o
 .text.SD_initialize
                0x0000000008009a58       0x3c FATFS/Target/sd_diskio.o
                0x0000000008009a58                SD_initialize
 .text.SD_status
                0x0000000008009a94       0x1c FATFS/Target/sd_diskio.o
                0x0000000008009a94                SD_status
 .text.SD_read  0x0000000008009ab0       0x42 FATFS/Target/sd_diskio.o
                0x0000000008009ab0                SD_read
 .text.SD_write
                0x0000000008009af2       0x42 FATFS/Target/sd_diskio.o
                0x0000000008009af2                SD_write
 .text.SD_ioctl
                0x0000000008009b34       0xb0 FATFS/Target/sd_diskio.o
                0x0000000008009b34                SD_ioctl
 .text.USBD_CDC_Init
                0x0000000008009be4      0x100 Middlewares/ST/STM32_USB_Device_Library/Class/CDC/Src/usbd_cdc.o
 .text.USBD_CDC_DeInit
                0x0000000008009ce4       0x78 Middlewares/ST/STM32_USB_Device_Library/Class/CDC/Src/usbd_cdc.o
 .text.USBD_CDC_Setup
                0x0000000008009d5c      0x178 Middlewares/ST/STM32_USB_Device_Library/Class/CDC/Src/usbd_cdc.o
 .text.USBD_CDC_DataIn
                0x0000000008009ed4       0xbe Middlewares/ST/STM32_USB_Device_Library/Class/CDC/Src/usbd_cdc.o
 .text.USBD_CDC_DataOut
                0x0000000008009f92       0x56 Middlewares/ST/STM32_USB_Device_Library/Class/CDC/Src/usbd_cdc.o
 .text.USBD_CDC_EP0_RxReady
                0x0000000008009fe8       0x50 Middlewares/ST/STM32_USB_Device_Library/Class/CDC/Src/usbd_cdc.o
 .text.USBD_CDC_GetFSCfgDesc
                0x000000000800a038       0x20 Middlewares/ST/STM32_USB_Device_Library/Class/CDC/Src/usbd_cdc.o
 .text.USBD_CDC_GetHSCfgDesc
                0x000000000800a058       0x20 Middlewares/ST/STM32_USB_Device_Library/Class/CDC/Src/usbd_cdc.o
 .text.USBD_CDC_GetOtherSpeedCfgDesc
                0x000000000800a078       0x20 Middlewares/ST/STM32_USB_Device_Library/Class/CDC/Src/usbd_cdc.o
 .text.USBD_CDC_GetDeviceQualifierDescriptor
                0x000000000800a098       0x20 Middlewares/ST/STM32_USB_Device_Library/Class/CDC/Src/usbd_cdc.o
                0x000000000800a098                USBD_CDC_GetDeviceQualifierDescriptor
 .text.USBD_CDC_RegisterInterface
                0x000000000800a0b8       0x2a Middlewares/ST/STM32_USB_Device_Library/Class/CDC/Src/usbd_cdc.o
                0x000000000800a0b8                USBD_CDC_RegisterInterface
 .text.USBD_CDC_SetTxBuffer
                0x000000000800a0e2       0x32 Middlewares/ST/STM32_USB_Device_Library/Class/CDC/Src/usbd_cdc.o
                0x000000000800a0e2                USBD_CDC_SetTxBuffer
 .text.USBD_CDC_SetRxBuffer
                0x000000000800a114       0x28 Middlewares/ST/STM32_USB_Device_Library/Class/CDC/Src/usbd_cdc.o
                0x000000000800a114                USBD_CDC_SetRxBuffer
 .text.USBD_CDC_ReceivePacket
                0x000000000800a13c       0x54 Middlewares/ST/STM32_USB_Device_Library/Class/CDC/Src/usbd_cdc.o
                0x000000000800a13c                USBD_CDC_ReceivePacket
 .text.USBD_Init
                0x000000000800a190       0x6c Middlewares/ST/STM32_USB_Device_Library/Core/Src/usbd_core.o
                0x000000000800a190                USBD_Init
 .text.USBD_RegisterClass
                0x000000000800a1fc       0x42 Middlewares/ST/STM32_USB_Device_Library/Core/Src/usbd_core.o
                0x000000000800a1fc                USBD_RegisterClass
 .text.USBD_Start
                0x000000000800a23e       0x18 Middlewares/ST/STM32_USB_Device_Library/Core/Src/usbd_core.o
                0x000000000800a23e                USBD_Start
 .text.USBD_RunTestMode
                0x000000000800a256       0x16 Middlewares/ST/STM32_USB_Device_Library/Core/Src/usbd_core.o
                0x000000000800a256                USBD_RunTestMode
 .text.USBD_SetClassConfig
                0x000000000800a26c       0x38 Middlewares/ST/STM32_USB_Device_Library/Core/Src/usbd_core.o
                0x000000000800a26c                USBD_SetClassConfig
 .text.USBD_ClrClassConfig
                0x000000000800a2a4       0x30 Middlewares/ST/STM32_USB_Device_Library/Core/Src/usbd_core.o
                0x000000000800a2a4                USBD_ClrClassConfig
 .text.USBD_LL_SetupStage
                0x000000000800a2d4       0xa6 Middlewares/ST/STM32_USB_Device_Library/Core/Src/usbd_core.o
                0x000000000800a2d4                USBD_LL_SetupStage
 .text.USBD_LL_DataOutStage
                0x000000000800a37a       0xc6 Middlewares/ST/STM32_USB_Device_Library/Core/Src/usbd_core.o
                0x000000000800a37a                USBD_LL_DataOutStage
 .text.USBD_LL_DataInStage
                0x000000000800a440      0x12c Middlewares/ST/STM32_USB_Device_Library/Core/Src/usbd_core.o
                0x000000000800a440                USBD_LL_DataInStage
 .text.USBD_LL_Reset
                0x000000000800a56c       0x82 Middlewares/ST/STM32_USB_Device_Library/Core/Src/usbd_core.o
                0x000000000800a56c                USBD_LL_Reset
 .text.USBD_LL_SetSpeed
                0x000000000800a5ee       0x20 Middlewares/ST/STM32_USB_Device_Library/Core/Src/usbd_core.o
                0x000000000800a5ee                USBD_LL_SetSpeed
 .text.USBD_LL_Suspend
                0x000000000800a60e       0x2a Middlewares/ST/STM32_USB_Device_Library/Core/Src/usbd_core.o
                0x000000000800a60e                USBD_LL_Suspend
 .text.USBD_LL_Resume
                0x000000000800a638       0x2c Middlewares/ST/STM32_USB_Device_Library/Core/Src/usbd_core.o
                0x000000000800a638                USBD_LL_Resume
 .text.USBD_LL_SOF
                0x000000000800a664       0x34 Middlewares/ST/STM32_USB_Device_Library/Core/Src/usbd_core.o
                0x000000000800a664                USBD_LL_SOF
 .text.USBD_LL_IsoINIncomplete
                0x000000000800a698       0x1a Middlewares/ST/STM32_USB_Device_Library/Core/Src/usbd_core.o
                0x000000000800a698                USBD_LL_IsoINIncomplete
 .text.USBD_LL_IsoOUTIncomplete
                0x000000000800a6b2       0x1a Middlewares/ST/STM32_USB_Device_Library/Core/Src/usbd_core.o
                0x000000000800a6b2                USBD_LL_IsoOUTIncomplete
 .text.USBD_LL_DevConnected
                0x000000000800a6cc       0x16 Middlewares/ST/STM32_USB_Device_Library/Core/Src/usbd_core.o
                0x000000000800a6cc                USBD_LL_DevConnected
 .text.USBD_LL_DevDisconnected
                0x000000000800a6e2       0x38 Middlewares/ST/STM32_USB_Device_Library/Core/Src/usbd_core.o
                0x000000000800a6e2                USBD_LL_DevDisconnected
 .text.SWAPBYTE
                0x000000000800a71a       0x3c Middlewares/ST/STM32_USB_Device_Library/Core/Src/usbd_ctlreq.o
 *fill*         0x000000000800a756        0x2 
 .text.USBD_StdDevReq
                0x000000000800a758       0xdc Middlewares/ST/STM32_USB_Device_Library/Core/Src/usbd_ctlreq.o
                0x000000000800a758                USBD_StdDevReq
 .text.USBD_StdItfReq
                0x000000000800a834       0x8c Middlewares/ST/STM32_USB_Device_Library/Core/Src/usbd_ctlreq.o
                0x000000000800a834                USBD_StdItfReq
 .text.USBD_StdEPReq
                0x000000000800a8c0      0x2aa Middlewares/ST/STM32_USB_Device_Library/Core/Src/usbd_ctlreq.o
                0x000000000800a8c0                USBD_StdEPReq
 *fill*         0x000000000800ab6a        0x2 
 .text.USBD_GetDescriptor
                0x000000000800ab6c      0x328 Middlewares/ST/STM32_USB_Device_Library/Core/Src/usbd_ctlreq.o
 .text.USBD_SetAddress
                0x000000000800ae94       0x84 Middlewares/ST/STM32_USB_Device_Library/Core/Src/usbd_ctlreq.o
 .text.USBD_SetConfig
                0x000000000800af18      0x148 Middlewares/ST/STM32_USB_Device_Library/Core/Src/usbd_ctlreq.o
 .text.USBD_GetConfig
                0x000000000800b060       0x68 Middlewares/ST/STM32_USB_Device_Library/Core/Src/usbd_ctlreq.o
 .text.USBD_GetStatus
                0x000000000800b0c8       0x66 Middlewares/ST/STM32_USB_Device_Library/Core/Src/usbd_ctlreq.o
 .text.USBD_SetFeature
                0x000000000800b12e       0x28 Middlewares/ST/STM32_USB_Device_Library/Core/Src/usbd_ctlreq.o
 .text.USBD_ClrFeature
                0x000000000800b156       0x42 Middlewares/ST/STM32_USB_Device_Library/Core/Src/usbd_ctlreq.o
 .text.USBD_ParseSetupRequest
                0x000000000800b198       0x74 Middlewares/ST/STM32_USB_Device_Library/Core/Src/usbd_ctlreq.o
                0x000000000800b198                USBD_ParseSetupRequest
 .text.USBD_CtlError
                0x000000000800b20c       0x22 Middlewares/ST/STM32_USB_Device_Library/Core/Src/usbd_ctlreq.o
                0x000000000800b20c                USBD_CtlError
 .text.USBD_GetString
                0x000000000800b22e       0x8c Middlewares/ST/STM32_USB_Device_Library/Core/Src/usbd_ctlreq.o
                0x000000000800b22e                USBD_GetString
 .text.USBD_GetLen
                0x000000000800b2ba       0x34 Middlewares/ST/STM32_USB_Device_Library/Core/Src/usbd_ctlreq.o
 .text.USBD_CtlSendData
                0x000000000800b2ee       0x36 Middlewares/ST/STM32_USB_Device_Library/Core/Src/usbd_ioreq.o
                0x000000000800b2ee                USBD_CtlSendData
 .text.USBD_CtlContinueSendData
                0x000000000800b324       0x22 Middlewares/ST/STM32_USB_Device_Library/Core/Src/usbd_ioreq.o
                0x000000000800b324                USBD_CtlContinueSendData
 .text.USBD_CtlPrepareRx
                0x000000000800b346       0x3a Middlewares/ST/STM32_USB_Device_Library/Core/Src/usbd_ioreq.o
                0x000000000800b346                USBD_CtlPrepareRx
 .text.USBD_CtlContinueRx
                0x000000000800b380       0x22 Middlewares/ST/STM32_USB_Device_Library/Core/Src/usbd_ioreq.o
                0x000000000800b380                USBD_CtlContinueRx
 .text.USBD_CtlSendStatus
                0x000000000800b3a2       0x26 Middlewares/ST/STM32_USB_Device_Library/Core/Src/usbd_ioreq.o
                0x000000000800b3a2                USBD_CtlSendStatus
 .text.USBD_CtlReceiveStatus
                0x000000000800b3c8       0x26 Middlewares/ST/STM32_USB_Device_Library/Core/Src/usbd_ioreq.o
                0x000000000800b3c8                USBD_CtlReceiveStatus
 *fill*         0x000000000800b3ee        0x2 
 .text.FATFS_LinkDriverEx
                0x000000000800b3f0       0x98 Middlewares/Third_Party/FatFs/src/ff_gen_drv.o
                0x000000000800b3f0                FATFS_LinkDriverEx
 .text.FATFS_LinkDriver
                0x000000000800b488       0x1e Middlewares/Third_Party/FatFs/src/ff_gen_drv.o
                0x000000000800b488                FATFS_LinkDriver
 *fill*         0x000000000800b4a6        0x2 
 .text.MX_USB_DEVICE_Init
                0x000000000800b4a8       0x60 USB_DEVICE/App/usb_device.o
                0x000000000800b4a8                MX_USB_DEVICE_Init
 .text.CDC_Init_FS
                0x000000000800b508       0x28 USB_DEVICE/App/usbd_cdc_if.o
 .text.CDC_DeInit_FS
                0x000000000800b530       0x10 USB_DEVICE/App/usbd_cdc_if.o
 .text.CDC_Control_FS
                0x000000000800b540       0xbc USB_DEVICE/App/usbd_cdc_if.o
 .text.CDC_Receive_FS
                0x000000000800b5fc       0x28 USB_DEVICE/App/usbd_cdc_if.o
 .text.CDC_TransmitCplt_FS
                0x000000000800b624       0x22 USB_DEVICE/App/usbd_cdc_if.o
 *fill*         0x000000000800b646        0x2 
 .text.USBD_FS_DeviceDescriptor
                0x000000000800b648       0x24 USB_DEVICE/App/usbd_desc.o
                0x000000000800b648                USBD_FS_DeviceDescriptor
 .text.USBD_FS_LangIDStrDescriptor
                0x000000000800b66c       0x24 USB_DEVICE/App/usbd_desc.o
                0x000000000800b66c                USBD_FS_LangIDStrDescriptor
 .text.USBD_FS_ProductStrDescriptor
                0x000000000800b690       0x3c USB_DEVICE/App/usbd_desc.o
                0x000000000800b690                USBD_FS_ProductStrDescriptor
 .text.USBD_FS_ManufacturerStrDescriptor
                0x000000000800b6cc       0x28 USB_DEVICE/App/usbd_desc.o
                0x000000000800b6cc                USBD_FS_ManufacturerStrDescriptor
 .text.USBD_FS_SerialStrDescriptor
                0x000000000800b6f4       0x24 USB_DEVICE/App/usbd_desc.o
                0x000000000800b6f4                USBD_FS_SerialStrDescriptor
 .text.USBD_FS_ConfigStrDescriptor
                0x000000000800b718       0x3c USB_DEVICE/App/usbd_desc.o
                0x000000000800b718                USBD_FS_ConfigStrDescriptor
 .text.USBD_FS_InterfaceStrDescriptor
                0x000000000800b754       0x3c USB_DEVICE/App/usbd_desc.o
                0x000000000800b754                USBD_FS_InterfaceStrDescriptor
 .text.USBD_FS_USR_BOSDescriptor
                0x000000000800b790       0x24 USB_DEVICE/App/usbd_desc.o
                0x000000000800b790                USBD_FS_USR_BOSDescriptor
 .text.Get_SerialNum
                0x000000000800b7b4       0x58 USB_DEVICE/App/usbd_desc.o
 .text.IntToUnicode
                0x000000000800b80c       0x7c USB_DEVICE/App/usbd_desc.o
 .text.HAL_PCD_MspInit
                0x000000000800b888       0xa8 USB_DEVICE/Target/usbd_conf.o
                0x000000000800b888                HAL_PCD_MspInit
 .text.HAL_PCD_SetupStageCallback
                0x000000000800b930       0x24 USB_DEVICE/Target/usbd_conf.o
                0x000000000800b930                HAL_PCD_SetupStageCallback
 .text.HAL_PCD_DataOutStageCallback
                0x000000000800b954       0x36 USB_DEVICE/Target/usbd_conf.o
                0x000000000800b954                HAL_PCD_DataOutStageCallback
 .text.HAL_PCD_DataInStageCallback
                0x000000000800b98a       0x34 USB_DEVICE/Target/usbd_conf.o
                0x000000000800b98a                HAL_PCD_DataInStageCallback
 .text.HAL_PCD_SOFCallback
                0x000000000800b9be       0x1c USB_DEVICE/Target/usbd_conf.o
                0x000000000800b9be                HAL_PCD_SOFCallback
 .text.HAL_PCD_ResetCallback
                0x000000000800b9da       0x50 USB_DEVICE/Target/usbd_conf.o
                0x000000000800b9da                HAL_PCD_ResetCallback
 *fill*         0x000000000800ba2a        0x2 
 .text.HAL_PCD_SuspendCallback
                0x000000000800ba2c       0x4c USB_DEVICE/Target/usbd_conf.o
                0x000000000800ba2c                HAL_PCD_SuspendCallback
 .text.HAL_PCD_ResumeCallback
                0x000000000800ba78       0x1c USB_DEVICE/Target/usbd_conf.o
                0x000000000800ba78                HAL_PCD_ResumeCallback
 .text.HAL_PCD_ISOOUTIncompleteCallback
                0x000000000800ba94       0x24 USB_DEVICE/Target/usbd_conf.o
                0x000000000800ba94                HAL_PCD_ISOOUTIncompleteCallback
 .text.HAL_PCD_ISOINIncompleteCallback
                0x000000000800bab8       0x24 USB_DEVICE/Target/usbd_conf.o
                0x000000000800bab8                HAL_PCD_ISOINIncompleteCallback
 .text.HAL_PCD_ConnectCallback
                0x000000000800badc       0x1c USB_DEVICE/Target/usbd_conf.o
                0x000000000800badc                HAL_PCD_ConnectCallback
 .text.HAL_PCD_DisconnectCallback
                0x000000000800baf8       0x1c USB_DEVICE/Target/usbd_conf.o
                0x000000000800baf8                HAL_PCD_DisconnectCallback
 .text.USBD_LL_Init
                0x000000000800bb14       0x98 USB_DEVICE/Target/usbd_conf.o
                0x000000000800bb14                USBD_LL_Init
 .text.USBD_LL_Start
                0x000000000800bbac       0x36 USB_DEVICE/Target/usbd_conf.o
                0x000000000800bbac                USBD_LL_Start
 .text.USBD_LL_OpenEP
                0x000000000800bbe2       0x4c USB_DEVICE/Target/usbd_conf.o
                0x000000000800bbe2                USBD_LL_OpenEP
 .text.USBD_LL_CloseEP
                0x000000000800bc2e       0x3e USB_DEVICE/Target/usbd_conf.o
                0x000000000800bc2e                USBD_LL_CloseEP
 .text.USBD_LL_StallEP
                0x000000000800bc6c       0x3e USB_DEVICE/Target/usbd_conf.o
                0x000000000800bc6c                USBD_LL_StallEP
 .text.USBD_LL_ClearStallEP
                0x000000000800bcaa       0x3e USB_DEVICE/Target/usbd_conf.o
                0x000000000800bcaa                USBD_LL_ClearStallEP
 .text.USBD_LL_IsStallEP
                0x000000000800bce8       0x58 USB_DEVICE/Target/usbd_conf.o
                0x000000000800bce8                USBD_LL_IsStallEP
 .text.USBD_LL_SetUSBAddress
                0x000000000800bd40       0x3e USB_DEVICE/Target/usbd_conf.o
                0x000000000800bd40                USBD_LL_SetUSBAddress
 .text.USBD_LL_Transmit
                0x000000000800bd7e       0x42 USB_DEVICE/Target/usbd_conf.o
                0x000000000800bd7e                USBD_LL_Transmit
 .text.USBD_LL_PrepareReceive
                0x000000000800bdc0       0x42 USB_DEVICE/Target/usbd_conf.o
                0x000000000800bdc0                USBD_LL_PrepareReceive
 .text.USBD_LL_GetRxDataSize
                0x000000000800be02       0x26 USB_DEVICE/Target/usbd_conf.o
                0x000000000800be02                USBD_LL_GetRxDataSize
 .text.HAL_PCDEx_LPM_Callback
                0x000000000800be28       0x9c USB_DEVICE/Target/usbd_conf.o
                0x000000000800be28                HAL_PCDEx_LPM_Callback
 .text.USBD_Get_USB_Status
                0x000000000800bec4       0x58 USB_DEVICE/Target/usbd_conf.o
                0x000000000800bec4                USBD_Get_USB_Status
 .text.__errno  0x000000000800bf1c        0xc /opt/st/stm32cubeide_1.5.0/plugins/com.st.stm32cube.ide.mcu.externaltools.gnu-tools-for-stm32.7-2018-q2-update.linux64_1.5.0.202011040924/tools/bin/../lib/gcc/arm-none-eabi/7.3.1/../../../../arm-none-eabi/lib/thumb/v7e-m/fpv4-sp/hard/libc_nano.a(lib_a-errno.o)
                0x000000000800bf1c                __errno
 .text.__libc_init_array
                0x000000000800bf28       0x48 /opt/st/stm32cubeide_1.5.0/plugins/com.st.stm32cube.ide.mcu.externaltools.gnu-tools-for-stm32.7-2018-q2-update.linux64_1.5.0.202011040924/tools/bin/../lib/gcc/arm-none-eabi/7.3.1/../../../../arm-none-eabi/lib/thumb/v7e-m/fpv4-sp/hard/libc_nano.a(lib_a-init.o)
                0x000000000800bf28                __libc_init_array
 .text.malloc   0x000000000800bf70       0x10 /opt/st/stm32cubeide_1.5.0/plugins/com.st.stm32cube.ide.mcu.externaltools.gnu-tools-for-stm32.7-2018-q2-update.linux64_1.5.0.202011040924/tools/bin/../lib/gcc/arm-none-eabi/7.3.1/../../../../arm-none-eabi/lib/thumb/v7e-m/fpv4-sp/hard/libc_nano.a(lib_a-malloc.o)
                0x000000000800bf70                malloc
 .text.free     0x000000000800bf80       0x10 /opt/st/stm32cubeide_1.5.0/plugins/com.st.stm32cube.ide.mcu.externaltools.gnu-tools-for-stm32.7-2018-q2-update.linux64_1.5.0.202011040924/tools/bin/../lib/gcc/arm-none-eabi/7.3.1/../../../../arm-none-eabi/lib/thumb/v7e-m/fpv4-sp/hard/libc_nano.a(lib_a-malloc.o)
                0x000000000800bf80                free
 .text.memset   0x000000000800bf90       0x10 /opt/st/stm32cubeide_1.5.0/plugins/com.st.stm32cube.ide.mcu.externaltools.gnu-tools-for-stm32.7-2018-q2-update.linux64_1.5.0.202011040924/tools/bin/../lib/gcc/arm-none-eabi/7.3.1/../../../../arm-none-eabi/lib/thumb/v7e-m/fpv4-sp/hard/libc_nano.a(lib_a-memset.o)
                0x000000000800bf90                memset
 .text._free_r  0x000000000800bfa0       0x9c /opt/st/stm32cubeide_1.5.0/plugins/com.st.stm32cube.ide.mcu.externaltools.gnu-tools-for-stm32.7-2018-q2-update.linux64_1.5.0.202011040924/tools/bin/../lib/gcc/arm-none-eabi/7.3.1/../../../../arm-none-eabi/lib/thumb/v7e-m/fpv4-sp/hard/libc_nano.a(lib_a-nano-freer.o)
                0x000000000800bfa0                _free_r
 .text._malloc_r
                0x000000000800c03c       0xb4 /opt/st/stm32cubeide_1.5.0/plugins/com.st.stm32cube.ide.mcu.externaltools.gnu-tools-for-stm32.7-2018-q2-update.linux64_1.5.0.202011040924/tools/bin/../lib/gcc/arm-none-eabi/7.3.1/../../../../arm-none-eabi/lib/thumb/v7e-m/fpv4-sp/hard/libc_nano.a(lib_a-nano-mallocr.o)
                0x000000000800c03c                _malloc_r
 .text._sbrk_r  0x000000000800c0f0       0x20 /opt/st/stm32cubeide_1.5.0/plugins/com.st.stm32cube.ide.mcu.externaltools.gnu-tools-for-stm32.7-2018-q2-update.linux64_1.5.0.202011040924/tools/bin/../lib/gcc/arm-none-eabi/7.3.1/../../../../arm-none-eabi/lib/thumb/v7e-m/fpv4-sp/hard/libc_nano.a(lib_a-sbrkr.o)
                0x000000000800c0f0                _sbrk_r
 .text.__malloc_lock
                0x000000000800c110        0x2 /opt/st/stm32cubeide_1.5.0/plugins/com.st.stm32cube.ide.mcu.externaltools.gnu-tools-for-stm32.7-2018-q2-update.linux64_1.5.0.202011040924/tools/bin/../lib/gcc/arm-none-eabi/7.3.1/../../../../arm-none-eabi/lib/thumb/v7e-m/fpv4-sp/hard/libc_nano.a(lib_a-mlock.o)
                0x000000000800c110                __malloc_lock
 .text.__malloc_unlock
                0x000000000800c112        0x2 /opt/st/stm32cubeide_1.5.0/plugins/com.st.stm32cube.ide.mcu.externaltools.gnu-tools-for-stm32.7-2018-q2-update.linux64_1.5.0.202011040924/tools/bin/../lib/gcc/arm-none-eabi/7.3.1/../../../../arm-none-eabi/lib/thumb/v7e-m/fpv4-sp/hard/libc_nano.a(lib_a-mlock.o)
                0x000000000800c112                __malloc_unlock
 *(.glue_7)
 .glue_7        0x000000000800c114        0x0 linker stubs
 *(.glue_7t)
 .glue_7t       0x000000000800c114        0x0 linker stubs
 *(.eh_frame)
 .eh_frame      0x000000000800c114        0x0 /opt/st/stm32cubeide_1.5.0/plugins/com.st.stm32cube.ide.mcu.externaltools.gnu-tools-for-stm32.7-2018-q2-update.linux64_1.5.0.202011040924/tools/bin/../lib/gcc/arm-none-eabi/7.3.1/thumb/v7e-m/fpv4-sp/hard/crtbegin.o
 *(.init)
 .init          0x000000000800c114        0x4 /opt/st/stm32cubeide_1.5.0/plugins/com.st.stm32cube.ide.mcu.externaltools.gnu-tools-for-stm32.7-2018-q2-update.linux64_1.5.0.202011040924/tools/bin/../lib/gcc/arm-none-eabi/7.3.1/thumb/v7e-m/fpv4-sp/hard/crti.o
                0x000000000800c114                _init
 .init          0x000000000800c118        0x8 /opt/st/stm32cubeide_1.5.0/plugins/com.st.stm32cube.ide.mcu.externaltools.gnu-tools-for-stm32.7-2018-q2-update.linux64_1.5.0.202011040924/tools/bin/../lib/gcc/arm-none-eabi/7.3.1/thumb/v7e-m/fpv4-sp/hard/crtn.o
 *(.fini)
 .fini          0x000000000800c120        0x4 /opt/st/stm32cubeide_1.5.0/plugins/com.st.stm32cube.ide.mcu.externaltools.gnu-tools-for-stm32.7-2018-q2-update.linux64_1.5.0.202011040924/tools/bin/../lib/gcc/arm-none-eabi/7.3.1/thumb/v7e-m/fpv4-sp/hard/crti.o
                0x000000000800c120                _fini
 .fini          0x000000000800c124        0x8 /opt/st/stm32cubeide_1.5.0/plugins/com.st.stm32cube.ide.mcu.externaltools.gnu-tools-for-stm32.7-2018-q2-update.linux64_1.5.0.202011040924/tools/bin/../lib/gcc/arm-none-eabi/7.3.1/thumb/v7e-m/fpv4-sp/hard/crtn.o
                0x000000000800c12c                . = ALIGN (0x4)
                0x000000000800c12c                _etext = .

.vfp11_veneer   0x000000000800c12c        0x0
 .vfp11_veneer  0x000000000800c12c        0x0 linker stubs

.v4_bx          0x000000000800c12c        0x0
 .v4_bx         0x000000000800c12c        0x0 linker stubs

.iplt           0x000000000800c12c        0x0
 .iplt          0x000000000800c12c        0x0 /opt/st/stm32cubeide_1.5.0/plugins/com.st.stm32cube.ide.mcu.externaltools.gnu-tools-for-stm32.7-2018-q2-update.linux64_1.5.0.202011040924/tools/bin/../lib/gcc/arm-none-eabi/7.3.1/thumb/v7e-m/fpv4-sp/hard/crtbegin.o

.rodata         0x000000000800c12c       0x74
                0x000000000800c12c                . = ALIGN (0x4)
 *(.rodata)
 .rodata        0x000000000800c12c       0x46 USB_DEVICE/App/usbd_desc.o
 *(.rodata*)
 *fill*         0x000000000800c172        0x2 
 .rodata.AHBPrescTable
                0x000000000800c174       0x10 Core/Src/system_stm32f4xx.o
                0x000000000800c174                AHBPrescTable
 .rodata.APBPrescTable
                0x000000000800c184        0x8 Core/Src/system_stm32f4xx.o
                0x000000000800c184                APBPrescTable
 .rodata.SD_Driver
                0x000000000800c18c       0x14 FATFS/Target/sd_diskio.o
                0x000000000800c18c                SD_Driver
                0x000000000800c1a0                . = ALIGN (0x4)

.ARM.extab      0x000000000800c1a0        0x0
                0x000000000800c1a0                . = ALIGN (0x4)
 *(.ARM.extab* .gnu.linkonce.armextab.*)
                0x000000000800c1a0                . = ALIGN (0x4)

.ARM            0x000000000800c1a0        0x8
                0x000000000800c1a0                . = ALIGN (0x4)
                0x000000000800c1a0                __exidx_start = .
 *(.ARM.exidx*)
 .ARM.exidx     0x000000000800c1a0        0x8 /opt/st/stm32cubeide_1.5.0/plugins/com.st.stm32cube.ide.mcu.externaltools.gnu-tools-for-stm32.7-2018-q2-update.linux64_1.5.0.202011040924/tools/bin/../lib/gcc/arm-none-eabi/7.3.1/thumb/v7e-m/fpv4-sp/hard/libgcc.a(_udivmoddi4.o)
                0x000000000800c1a8                __exidx_end = .
                0x000000000800c1a8                . = ALIGN (0x4)

.rel.dyn        0x000000000800c1a8        0x0
 .rel.iplt      0x000000000800c1a8        0x0 /opt/st/stm32cubeide_1.5.0/plugins/com.st.stm32cube.ide.mcu.externaltools.gnu-tools-for-stm32.7-2018-q2-update.linux64_1.5.0.202011040924/tools/bin/../lib/gcc/arm-none-eabi/7.3.1/thumb/v7e-m/fpv4-sp/hard/crtbegin.o

.preinit_array  0x000000000800c1a8        0x0
                0x000000000800c1a8                . = ALIGN (0x4)
                0x000000000800c1a8                PROVIDE (__preinit_array_start = .)
 *(.preinit_array*)
                0x000000000800c1a8                PROVIDE (__preinit_array_end = .)
                0x000000000800c1a8                . = ALIGN (0x4)

.init_array     0x000000000800c1a8        0x4
                0x000000000800c1a8                . = ALIGN (0x4)
                0x000000000800c1a8                PROVIDE (__init_array_start = .)
 *(SORT_BY_NAME(.init_array.*))
 *(.init_array*)
 .init_array    0x000000000800c1a8        0x4 /opt/st/stm32cubeide_1.5.0/plugins/com.st.stm32cube.ide.mcu.externaltools.gnu-tools-for-stm32.7-2018-q2-update.linux64_1.5.0.202011040924/tools/bin/../lib/gcc/arm-none-eabi/7.3.1/thumb/v7e-m/fpv4-sp/hard/crtbegin.o
                0x000000000800c1ac                PROVIDE (__init_array_end = .)
                0x000000000800c1ac                . = ALIGN (0x4)

.fini_array     0x000000000800c1ac        0x4
                0x000000000800c1ac                . = ALIGN (0x4)
                [!provide]                        PROVIDE (__fini_array_start = .)
 *(SORT_BY_NAME(.fini_array.*))
 *(.fini_array*)
 .fini_array    0x000000000800c1ac        0x4 /opt/st/stm32cubeide_1.5.0/plugins/com.st.stm32cube.ide.mcu.externaltools.gnu-tools-for-stm32.7-2018-q2-update.linux64_1.5.0.202011040924/tools/bin/../lib/gcc/arm-none-eabi/7.3.1/thumb/v7e-m/fpv4-sp/hard/crtbegin.o
                [!provide]                        PROVIDE (__fini_array_end = .)
                0x000000000800c1b0                . = ALIGN (0x4)
                0x000000000800c1b0                _sidata = LOADADDR (.data)

.data           0x0000000020000000      0x1f4 load address 0x000000000800c1b0
                0x0000000020000000                . = ALIGN (0x4)
                0x0000000020000000                _sdata = .
 *(.data)
 *(.data*)
 .data.SystemCoreClock
                0x0000000020000000        0x4 Core/Src/system_stm32f4xx.o
                0x0000000020000000                SystemCoreClock
 .data.uwTickPrio
                0x0000000020000004        0x4 Drivers/STM32F4xx_HAL_Driver/Src/stm32f4xx_hal.o
                0x0000000020000004                uwTickPrio
 .data.uwTickFreq
                0x0000000020000008        0x1 Drivers/STM32F4xx_HAL_Driver/Src/stm32f4xx_hal.o
                0x0000000020000008                uwTickFreq
 .data.Stat     0x0000000020000009        0x1 FATFS/Target/sd_diskio.o
 *fill*         0x000000002000000a        0x2 
 .data.USBD_CDC_DeviceQualifierDesc
                0x000000002000000c        0xa Middlewares/ST/STM32_USB_Device_Library/Class/CDC/Src/usbd_cdc.o
 *fill*         0x0000000020000016        0x2 
 .data.USBD_CDC
                0x0000000020000018       0x38 Middlewares/ST/STM32_USB_Device_Library/Class/CDC/Src/usbd_cdc.o
                0x0000000020000018                USBD_CDC
 .data.USBD_CDC_CfgHSDesc
                0x0000000020000050       0x43 Middlewares/ST/STM32_USB_Device_Library/Class/CDC/Src/usbd_cdc.o
 *fill*         0x0000000020000093        0x1 
 .data.USBD_CDC_CfgFSDesc
                0x0000000020000094       0x43 Middlewares/ST/STM32_USB_Device_Library/Class/CDC/Src/usbd_cdc.o
 *fill*         0x00000000200000d7        0x1 
 .data.USBD_CDC_OtherSpeedCfgDesc
                0x00000000200000d8       0x43 Middlewares/ST/STM32_USB_Device_Library/Class/CDC/Src/usbd_cdc.o
 *fill*         0x000000002000011b        0x1 
 .data.USBD_Interface_fops_FS
                0x000000002000011c       0x14 USB_DEVICE/App/usbd_cdc_if.o
                0x000000002000011c                USBD_Interface_fops_FS
 .data.FS_Desc  0x0000000020000130       0x20 USB_DEVICE/App/usbd_desc.o
                0x0000000020000130                FS_Desc
 .data.USBD_FS_DeviceDesc
                0x0000000020000150       0x12 USB_DEVICE/App/usbd_desc.o
                0x0000000020000150                USBD_FS_DeviceDesc
 *fill*         0x0000000020000162        0x2 
 .data.USBD_FS_BOSDesc
                0x0000000020000164        0xc USB_DEVICE/App/usbd_desc.o
                0x0000000020000164                USBD_FS_BOSDesc
 .data.USBD_LangIDDesc
                0x0000000020000170        0x4 USB_DEVICE/App/usbd_desc.o
                0x0000000020000170                USBD_LangIDDesc
 .data.USBD_StringSerial
                0x0000000020000174       0x1a USB_DEVICE/App/usbd_desc.o
                0x0000000020000174                USBD_StringSerial
 *fill*         0x000000002000018e        0x2 
 .data._impure_ptr
                0x0000000020000190        0x4 /opt/st/stm32cubeide_1.5.0/plugins/com.st.stm32cube.ide.mcu.externaltools.gnu-tools-for-stm32.7-2018-q2-update.linux64_1.5.0.202011040924/tools/bin/../lib/gcc/arm-none-eabi/7.3.1/../../../../arm-none-eabi/lib/thumb/v7e-m/fpv4-sp/hard/libc_nano.a(lib_a-impure.o)
                0x0000000020000190                _impure_ptr
 .data.impure_data
                0x0000000020000194       0x60 /opt/st/stm32cubeide_1.5.0/plugins/com.st.stm32cube.ide.mcu.externaltools.gnu-tools-for-stm32.7-2018-q2-update.linux64_1.5.0.202011040924/tools/bin/../lib/gcc/arm-none-eabi/7.3.1/../../../../arm-none-eabi/lib/thumb/v7e-m/fpv4-sp/hard/libc_nano.a(lib_a-impure.o)
 *(.RamFunc)
 *(.RamFunc*)
                0x00000000200001f4                . = ALIGN (0x4)
                0x00000000200001f4                _edata = .

.igot.plt       0x00000000200001f4        0x0 load address 0x000000000800c3a4
 .igot.plt      0x00000000200001f4        0x0 /opt/st/stm32cubeide_1.5.0/plugins/com.st.stm32cube.ide.mcu.externaltools.gnu-tools-for-stm32.7-2018-q2-update.linux64_1.5.0.202011040924/tools/bin/../lib/gcc/arm-none-eabi/7.3.1/thumb/v7e-m/fpv4-sp/hard/crtbegin.o
                0x00000000200001f4                . = ALIGN (0x4)

.bss            0x00000000200001f4     0x214c load address 0x000000000800c3a4
                0x00000000200001f4                _sbss = .
                0x00000000200001f4                __bss_start__ = _sbss
 *(.bss)
 .bss           0x00000000200001f4       0x1c /opt/st/stm32cubeide_1.5.0/plugins/com.st.stm32cube.ide.mcu.externaltools.gnu-tools-for-stm32.7-2018-q2-update.linux64_1.5.0.202011040924/tools/bin/../lib/gcc/arm-none-eabi/7.3.1/thumb/v7e-m/fpv4-sp/hard/crtbegin.o
 *(.bss*)
 .bss.HAL_RCC_CAN1_CLK_ENABLED
                0x0000000020000210        0x4 Core/Src/stm32f4xx_hal_msp.o
 .bss.__sbrk_heap_end
                0x0000000020000214        0x4 Core/Src/sysmem.o
 .bss.cfgidx.11389
                0x0000000020000218        0x1 Middlewares/ST/STM32_USB_Device_Library/Core/Src/usbd_ctlreq.o
 *fill*         0x0000000020000219        0x3 
 .bss.disk      0x000000002000021c        0xc Middlewares/Third_Party/FatFs/src/ff_gen_drv.o
                0x000000002000021c                disk
 .bss.__malloc_free_list
                0x0000000020000228        0x4 /opt/st/stm32cubeide_1.5.0/plugins/com.st.stm32cube.ide.mcu.externaltools.gnu-tools-for-stm32.7-2018-q2-update.linux64_1.5.0.202011040924/tools/bin/../lib/gcc/arm-none-eabi/7.3.1/../../../../arm-none-eabi/lib/thumb/v7e-m/fpv4-sp/hard/libc_nano.a(lib_a-nano-mallocr.o)
                0x0000000020000228                __malloc_free_list
 .bss.__malloc_sbrk_start
                0x000000002000022c        0x4 /opt/st/stm32cubeide_1.5.0/plugins/com.st.stm32cube.ide.mcu.externaltools.gnu-tools-for-stm32.7-2018-q2-update.linux64_1.5.0.202011040924/tools/bin/../lib/gcc/arm-none-eabi/7.3.1/../../../../arm-none-eabi/lib/thumb/v7e-m/fpv4-sp/hard/libc_nano.a(lib_a-nano-mallocr.o)
                0x000000002000022c                __malloc_sbrk_start
 *(COMMON)
 COMMON         0x0000000020000230      0x3c8 Core/Src/main.o
                0x0000000020000230                htim8
                0x0000000020000270                htim4
                0x00000000200002b0                hi2c1
                0x0000000020000304                htim5
                0x0000000020000344                htim3
                0x0000000020000384                hadc1
                0x00000000200003cc                hcan2
                0x00000000200003f4                htim1
                0x0000000020000434                htim9
                0x0000000020000474                hsd
                0x00000000200004f8                huart4
                0x0000000020000538                hspi1
                0x0000000020000590                htim2
                0x00000000200005d0                hcan1
 COMMON         0x00000000200005f8        0x4 Drivers/STM32F4xx_HAL_Driver/Src/stm32f4xx_hal.o
                0x00000000200005f8                uwTick
 COMMON         0x00000000200005fc      0x468 FATFS/App/fatfs.o
                0x00000000200005fc                retSD
                0x0000000020000600                SDPath
                0x0000000020000604                SDFile
                0x0000000020000834                SDFatFS
 COMMON         0x0000000020000a64      0x2d0 USB_DEVICE/App/usb_device.o
                0x0000000020000a64                hUsbDeviceFS
 COMMON         0x0000000020000d34     0x1000 USB_DEVICE/App/usbd_cdc_if.o
                0x0000000020000d34                UserRxBufferFS
                0x0000000020001534                UserTxBufferFS
 COMMON         0x0000000020001d34      0x200 USB_DEVICE/App/usbd_desc.o
                0x0000000020001d34                USBD_StrDesc
 COMMON         0x0000000020001f34      0x408 USB_DEVICE/Target/usbd_conf.o
                0x0000000020001f34                hpcd_USB_OTG_FS
 COMMON         0x000000002000233c        0x4 /opt/st/stm32cubeide_1.5.0/plugins/com.st.stm32cube.ide.mcu.externaltools.gnu-tools-for-stm32.7-2018-q2-update.linux64_1.5.0.202011040924/tools/bin/../lib/gcc/arm-none-eabi/7.3.1/../../../../arm-none-eabi/lib/thumb/v7e-m/fpv4-sp/hard/libc_nano.a(lib_a-reent.o)
                0x000000002000233c                errno
                0x0000000020002340                . = ALIGN (0x4)
                0x0000000020002340                _ebss = .
                0x0000000020002340                __bss_end__ = _ebss

._user_heap_stack
                0x0000000020002340      0x600 load address 0x000000000800c3a4
                0x0000000020002340                . = ALIGN (0x8)
                [!provide]                        PROVIDE (end = .)
                0x0000000020002340                PROVIDE (_end = .)
                0x0000000020002540                . = (. + _Min_Heap_Size)
 *fill*         0x0000000020002340      0x200 
                0x0000000020002940                . = (. + _Min_Stack_Size)
 *fill*         0x0000000020002540      0x400 
                0x0000000020002940                . = ALIGN (0x8)

/DISCARD/
 libc.a(*)
 libm.a(*)
 libgcc.a(*)

.ARM.attributes
                0x0000000000000000       0x30
 *(.ARM.attributes)
 .ARM.attributes
                0x0000000000000000       0x22 /opt/st/stm32cubeide_1.5.0/plugins/com.st.stm32cube.ide.mcu.externaltools.gnu-tools-for-stm32.7-2018-q2-update.linux64_1.5.0.202011040924/tools/bin/../lib/gcc/arm-none-eabi/7.3.1/thumb/v7e-m/fpv4-sp/hard/crti.o
 .ARM.attributes
                0x0000000000000022       0x34 /opt/st/stm32cubeide_1.5.0/plugins/com.st.stm32cube.ide.mcu.externaltools.gnu-tools-for-stm32.7-2018-q2-update.linux64_1.5.0.202011040924/tools/bin/../lib/gcc/arm-none-eabi/7.3.1/thumb/v7e-m/fpv4-sp/hard/crtbegin.o
 .ARM.attributes
                0x0000000000000056       0x39 Core/Src/main.o
 .ARM.attributes
                0x000000000000008f       0x39 Core/Src/stm32f4xx_hal_msp.o
 .ARM.attributes
                0x00000000000000c8       0x39 Core/Src/stm32f4xx_it.o
 .ARM.attributes
                0x0000000000000101       0x39 Core/Src/sysmem.o
 .ARM.attributes
                0x000000000000013a       0x39 Core/Src/system_stm32f4xx.o
 .ARM.attributes
                0x0000000000000173       0x21 Core/Startup/startup_stm32f446vctx.o
 .ARM.attributes
                0x0000000000000194       0x39 Drivers/STM32F4xx_HAL_Driver/Src/stm32f4xx_hal.o
 .ARM.attributes
                0x00000000000001cd       0x39 Drivers/STM32F4xx_HAL_Driver/Src/stm32f4xx_hal_adc.o
 .ARM.attributes
                0x0000000000000206       0x39 Drivers/STM32F4xx_HAL_Driver/Src/stm32f4xx_hal_can.o
 .ARM.attributes
                0x000000000000023f       0x39 Drivers/STM32F4xx_HAL_Driver/Src/stm32f4xx_hal_cortex.o
 .ARM.attributes
                0x0000000000000278       0x39 Drivers/STM32F4xx_HAL_Driver/Src/stm32f4xx_hal_gpio.o
 .ARM.attributes
                0x00000000000002b1       0x39 Drivers/STM32F4xx_HAL_Driver/Src/stm32f4xx_hal_i2c.o
 .ARM.attributes
                0x00000000000002ea       0x39 Drivers/STM32F4xx_HAL_Driver/Src/stm32f4xx_hal_pcd.o
 .ARM.attributes
                0x0000000000000323       0x39 Drivers/STM32F4xx_HAL_Driver/Src/stm32f4xx_hal_pcd_ex.o
 .ARM.attributes
                0x000000000000035c       0x39 Drivers/STM32F4xx_HAL_Driver/Src/stm32f4xx_hal_rcc.o
 .ARM.attributes
                0x0000000000000395       0x39 Drivers/STM32F4xx_HAL_Driver/Src/stm32f4xx_hal_rcc_ex.o
 .ARM.attributes
                0x00000000000003ce       0x39 Drivers/STM32F4xx_HAL_Driver/Src/stm32f4xx_hal_sd.o
 .ARM.attributes
                0x0000000000000407       0x39 Drivers/STM32F4xx_HAL_Driver/Src/stm32f4xx_hal_spi.o
 .ARM.attributes
                0x0000000000000440       0x39 Drivers/STM32F4xx_HAL_Driver/Src/stm32f4xx_hal_tim.o
 .ARM.attributes
                0x0000000000000479       0x39 Drivers/STM32F4xx_HAL_Driver/Src/stm32f4xx_hal_tim_ex.o
 .ARM.attributes
                0x00000000000004b2       0x39 Drivers/STM32F4xx_HAL_Driver/Src/stm32f4xx_hal_uart.o
 .ARM.attributes
                0x00000000000004eb       0x39 Drivers/STM32F4xx_HAL_Driver/Src/stm32f4xx_ll_sdmmc.o
 .ARM.attributes
                0x0000000000000524       0x39 Drivers/STM32F4xx_HAL_Driver/Src/stm32f4xx_ll_usb.o
 .ARM.attributes
                0x000000000000055d       0x39 FATFS/App/fatfs.o
 .ARM.attributes
                0x0000000000000596       0x39 FATFS/Target/bsp_driver_sd.o
 .ARM.attributes
                0x00000000000005cf       0x39 FATFS/Target/fatfs_platform.o
 .ARM.attributes
                0x0000000000000608       0x39 FATFS/Target/sd_diskio.o
 .ARM.attributes
                0x0000000000000641       0x39 Middlewares/ST/STM32_USB_Device_Library/Class/CDC/Src/usbd_cdc.o
 .ARM.attributes
                0x000000000000067a       0x39 Middlewares/ST/STM32_USB_Device_Library/Core/Src/usbd_core.o
 .ARM.attributes
                0x00000000000006b3       0x39 Middlewares/ST/STM32_USB_Device_Library/Core/Src/usbd_ctlreq.o
 .ARM.attributes
                0x00000000000006ec       0x39 Middlewares/ST/STM32_USB_Device_Library/Core/Src/usbd_ioreq.o
 .ARM.attributes
                0x0000000000000725       0x39 Middlewares/Third_Party/FatFs/src/ff_gen_drv.o
 .ARM.attributes
                0x000000000000075e       0x39 USB_DEVICE/App/usb_device.o
 .ARM.attributes
                0x0000000000000797       0x39 USB_DEVICE/App/usbd_cdc_if.o
 .ARM.attributes
                0x00000000000007d0       0x39 USB_DEVICE/App/usbd_desc.o
 .ARM.attributes
                0x0000000000000809       0x39 USB_DEVICE/Target/usbd_conf.o
 .ARM.attributes
                0x0000000000000842       0x34 /opt/st/stm32cubeide_1.5.0/plugins/com.st.stm32cube.ide.mcu.externaltools.gnu-tools-for-stm32.7-2018-q2-update.linux64_1.5.0.202011040924/tools/bin/../lib/gcc/arm-none-eabi/7.3.1/../../../../arm-none-eabi/lib/thumb/v7e-m/fpv4-sp/hard/libc_nano.a(lib_a-errno.o)
 .ARM.attributes
                0x0000000000000876       0x34 /opt/st/stm32cubeide_1.5.0/plugins/com.st.stm32cube.ide.mcu.externaltools.gnu-tools-for-stm32.7-2018-q2-update.linux64_1.5.0.202011040924/tools/bin/../lib/gcc/arm-none-eabi/7.3.1/../../../../arm-none-eabi/lib/thumb/v7e-m/fpv4-sp/hard/libc_nano.a(lib_a-impure.o)
 .ARM.attributes
                0x00000000000008aa       0x34 /opt/st/stm32cubeide_1.5.0/plugins/com.st.stm32cube.ide.mcu.externaltools.gnu-tools-for-stm32.7-2018-q2-update.linux64_1.5.0.202011040924/tools/bin/../lib/gcc/arm-none-eabi/7.3.1/../../../../arm-none-eabi/lib/thumb/v7e-m/fpv4-sp/hard/libc_nano.a(lib_a-init.o)
 .ARM.attributes
                0x00000000000008de       0x34 /opt/st/stm32cubeide_1.5.0/plugins/com.st.stm32cube.ide.mcu.externaltools.gnu-tools-for-stm32.7-2018-q2-update.linux64_1.5.0.202011040924/tools/bin/../lib/gcc/arm-none-eabi/7.3.1/../../../../arm-none-eabi/lib/thumb/v7e-m/fpv4-sp/hard/libc_nano.a(lib_a-malloc.o)
 .ARM.attributes
                0x0000000000000912       0x34 /opt/st/stm32cubeide_1.5.0/plugins/com.st.stm32cube.ide.mcu.externaltools.gnu-tools-for-stm32.7-2018-q2-update.linux64_1.5.0.202011040924/tools/bin/../lib/gcc/arm-none-eabi/7.3.1/../../../../arm-none-eabi/lib/thumb/v7e-m/fpv4-sp/hard/libc_nano.a(lib_a-memset.o)
 .ARM.attributes
                0x0000000000000946       0x34 /opt/st/stm32cubeide_1.5.0/plugins/com.st.stm32cube.ide.mcu.externaltools.gnu-tools-for-stm32.7-2018-q2-update.linux64_1.5.0.202011040924/tools/bin/../lib/gcc/arm-none-eabi/7.3.1/../../../../arm-none-eabi/lib/thumb/v7e-m/fpv4-sp/hard/libc_nano.a(lib_a-nano-freer.o)
 .ARM.attributes
                0x000000000000097a       0x34 /opt/st/stm32cubeide_1.5.0/plugins/com.st.stm32cube.ide.mcu.externaltools.gnu-tools-for-stm32.7-2018-q2-update.linux64_1.5.0.202011040924/tools/bin/../lib/gcc/arm-none-eabi/7.3.1/../../../../arm-none-eabi/lib/thumb/v7e-m/fpv4-sp/hard/libc_nano.a(lib_a-nano-mallocr.o)
 .ARM.attributes
                0x00000000000009ae       0x34 /opt/st/stm32cubeide_1.5.0/plugins/com.st.stm32cube.ide.mcu.externaltools.gnu-tools-for-stm32.7-2018-q2-update.linux64_1.5.0.202011040924/tools/bin/../lib/gcc/arm-none-eabi/7.3.1/../../../../arm-none-eabi/lib/thumb/v7e-m/fpv4-sp/hard/libc_nano.a(lib_a-sbrkr.o)
 .ARM.attributes
                0x00000000000009e2       0x34 /opt/st/stm32cubeide_1.5.0/plugins/com.st.stm32cube.ide.mcu.externaltools.gnu-tools-for-stm32.7-2018-q2-update.linux64_1.5.0.202011040924/tools/bin/../lib/gcc/arm-none-eabi/7.3.1/../../../../arm-none-eabi/lib/thumb/v7e-m/fpv4-sp/hard/libc_nano.a(lib_a-mlock.o)
 .ARM.attributes
                0x0000000000000a16       0x34 /opt/st/stm32cubeide_1.5.0/plugins/com.st.stm32cube.ide.mcu.externaltools.gnu-tools-for-stm32.7-2018-q2-update.linux64_1.5.0.202011040924/tools/bin/../lib/gcc/arm-none-eabi/7.3.1/../../../../arm-none-eabi/lib/thumb/v7e-m/fpv4-sp/hard/libc_nano.a(lib_a-reent.o)
 .ARM.attributes
                0x0000000000000a4a       0x22 /opt/st/stm32cubeide_1.5.0/plugins/com.st.stm32cube.ide.mcu.externaltools.gnu-tools-for-stm32.7-2018-q2-update.linux64_1.5.0.202011040924/tools/bin/../lib/gcc/arm-none-eabi/7.3.1/thumb/v7e-m/fpv4-sp/hard/libgcc.a(_aeabi_uldivmod.o)
 .ARM.attributes
                0x0000000000000a6c       0x34 /opt/st/stm32cubeide_1.5.0/plugins/com.st.stm32cube.ide.mcu.externaltools.gnu-tools-for-stm32.7-2018-q2-update.linux64_1.5.0.202011040924/tools/bin/../lib/gcc/arm-none-eabi/7.3.1/thumb/v7e-m/fpv4-sp/hard/libgcc.a(_udivmoddi4.o)
 .ARM.attributes
                0x0000000000000aa0       0x22 /opt/st/stm32cubeide_1.5.0/plugins/com.st.stm32cube.ide.mcu.externaltools.gnu-tools-for-stm32.7-2018-q2-update.linux64_1.5.0.202011040924/tools/bin/../lib/gcc/arm-none-eabi/7.3.1/thumb/v7e-m/fpv4-sp/hard/libgcc.a(_dvmd_tls.o)
 .ARM.attributes
                0x0000000000000ac2       0x22 /opt/st/stm32cubeide_1.5.0/plugins/com.st.stm32cube.ide.mcu.externaltools.gnu-tools-for-stm32.7-2018-q2-update.linux64_1.5.0.202011040924/tools/bin/../lib/gcc/arm-none-eabi/7.3.1/thumb/v7e-m/fpv4-sp/hard/crtn.o
OUTPUT(Controller_Modul_F446VCT.elf elf32-littlearm)

.debug_info     0x0000000000000000    0x26306
 .debug_info    0x0000000000000000     0x2e72 Core/Src/main.o
 .debug_info    0x0000000000002e72     0x1f9d Core/Src/stm32f4xx_hal_msp.o
 .debug_info    0x0000000000004e0f      0x6d3 Core/Src/stm32f4xx_it.o
 .debug_info    0x00000000000054e2      0x985 Core/Src/sysmem.o
 .debug_info    0x0000000000005e67      0x588 Core/Src/system_stm32f4xx.o
 .debug_info    0x00000000000063ef       0x22 Core/Startup/startup_stm32f446vctx.o
 .debug_info    0x0000000000006411      0x997 Drivers/STM32F4xx_HAL_Driver/Src/stm32f4xx_hal.o
 .debug_info    0x0000000000006da8      0xcee Drivers/STM32F4xx_HAL_Driver/Src/stm32f4xx_hal_adc.o
 .debug_info    0x0000000000007a96      0xfad Drivers/STM32F4xx_HAL_Driver/Src/stm32f4xx_hal_can.o
 .debug_info    0x0000000000008a43      0xe46 Drivers/STM32F4xx_HAL_Driver/Src/stm32f4xx_hal_cortex.o
 .debug_info    0x0000000000009889      0x803 Drivers/STM32F4xx_HAL_Driver/Src/stm32f4xx_hal_gpio.o
 .debug_info    0x000000000000a08c     0x2433 Drivers/STM32F4xx_HAL_Driver/Src/stm32f4xx_hal_i2c.o
 .debug_info    0x000000000000c4bf     0x1228 Drivers/STM32F4xx_HAL_Driver/Src/stm32f4xx_hal_pcd.o
 .debug_info    0x000000000000d6e7      0x823 Drivers/STM32F4xx_HAL_Driver/Src/stm32f4xx_hal_pcd_ex.o
 .debug_info    0x000000000000df0a      0x944 Drivers/STM32F4xx_HAL_Driver/Src/stm32f4xx_hal_rcc.o
 .debug_info    0x000000000000e84e      0x9d5 Drivers/STM32F4xx_HAL_Driver/Src/stm32f4xx_hal_rcc_ex.o
 .debug_info    0x000000000000f223     0x18b9 Drivers/STM32F4xx_HAL_Driver/Src/stm32f4xx_hal_sd.o
 .debug_info    0x0000000000010adc     0x163a Drivers/STM32F4xx_HAL_Driver/Src/stm32f4xx_hal_spi.o
 .debug_info    0x0000000000012116     0x24a9 Drivers/STM32F4xx_HAL_Driver/Src/stm32f4xx_hal_tim.o
 .debug_info    0x00000000000145bf     0x1157 Drivers/STM32F4xx_HAL_Driver/Src/stm32f4xx_hal_tim_ex.o