main.c:93:5:main	8	static
main.c:151:6:SystemClock_Config	304	static
main.c:224:13:MX_DCMI_Init	8	static
main.c:261:13:MX_FDCAN3_Init	8	static
main.c:314:13:MX_I2C2_Init	8	static
main.c:360:13:MX_SDMMC2_SD_Init	4	static
main.c:388:13:MX_SPI1_Init	8	static
main.c:436:13:MX_TIM2_Init	64	static
main.c:495:13:MX_TIM3_Init	64	static
main.c:558:13:MX_TIM8_Init	56	static
main.c:609:13:MX_UART4_Init	8	static
main.c:653:13:MX_FMC_Init	40	static
main.c:704:13:MX_GPIO_Init	64	static
main.c:784:6:Error_Handler	4	static,ignoring_inline_asm
