stm32h7xx_hal_msp.c:66:6:HAL_MspInit	16	static
stm32h7xx_hal_msp.c:87:6:HAL_DCMI_MspInit	64	static
stm32h7xx_hal_msp.c:172:6:HAL_DCMI_MspDeInit	16	static
stm32h7xx_hal_msp.c:220:6:HAL_FDCAN_MspInit	48	static
stm32h7xx_hal_msp.c:256:6:HAL_FDCAN_MspDeInit	16	static
stm32h7xx_hal_msp.c:285:6:HAL_I2C_MspInit	48	static
stm32h7xx_hal_msp.c:321:6:HAL_I2C_MspDeInit	16	static
stm32h7xx_hal_msp.c:352:6:HAL_SD_MspInit	56	static
stm32h7xx_hal_msp.c:416:6:HAL_SD_MspDeInit	16	static
stm32h7xx_hal_msp.c:455:6:HAL_SPI_MspInit	48	static
stm32h7xx_hal_msp.c:502:6:HAL_SPI_MspDeInit	16	static
stm32h7xx_hal_msp.c:535:6:HAL_TIM_Base_MspInit	24	static
stm32h7xx_hal_msp.c:568:6:HAL_TIM_Encoder_MspInit	48	static
stm32h7xx_hal_msp.c:598:6:HAL_TIM_MspPostInit	48	static
stm32h7xx_hal_msp.c:659:6:HAL_TIM_Base_MspDeInit	16	static
stm32h7xx_hal_msp.c:692:6:HAL_TIM_Encoder_MspDeInit	16	static
stm32h7xx_hal_msp.c:721:6:HAL_UART_MspInit	48	static
stm32h7xx_hal_msp.c:757:6:HAL_UART_MspDeInit	16	static
stm32h7xx_hal_msp.c:782:13:HAL_FMC_MspInit	32	static
stm32h7xx_hal_msp.c:888:6:HAL_SDRAM_MspInit	16	static
stm32h7xx_hal_msp.c:900:13:HAL_FMC_MspDeInit	8	static
stm32h7xx_hal_msp.c:974:6:HAL_SDRAM_MspDeInit	16	static
