main.c:111:5:main	32	static
main.c:308:6:SystemClock_Config	184	static
main.c:361:13:MX_ADC1_Init	24	static
main.c:411:13:MX_CAN1_Init	8	static
main.c:448:13:MX_I2C1_Init	8	static
main.c:482:13:MX_SDIO_SD_Init	4	static
main.c:510:13:MX_SPI1_Init	8	static
main.c:548:13:MX_TIM1_Init	96	static
main.c:623:13:MX_TIM2_Init	64	static
main.c:682:13:MX_TIM3_Init	64	static
main.c:741:13:MX_TIM4_Init	64	static
main.c:812:13:MX_TIM5_Init	64	static
main.c:871:13:MX_TIM8_Init	56	static
main.c:921:13:MX_TIM9_Init	56	static
main.c:973:13:MX_TIM14_Init	8	static
main.c:1004:13:MX_UART4_Init	8	static
main.c:1037:13:MX_GPIO_Init	56	static
main.c:1143:6:Error_Handler	4	static,ignoring_inline_asm
