main.c:100:5:main	8	static
main.c:161:6:SystemClock_Config	184	static
main.c:214:13:MX_ADC1_Init	24	static
main.c:264:13:MX_CAN1_Init	8	static
main.c:301:13:MX_CAN2_Init	8	static
main.c:338:13:MX_I2C1_Init	8	static
main.c:372:13:MX_SDIO_SD_Init	4	static
main.c:400:13:MX_SPI1_Init	8	static
main.c:438:13:MX_TIM1_Init	96	static
main.c:513:13:MX_TIM2_Init	64	static
main.c:572:13:MX_TIM3_Init	64	static
main.c:631:13:MX_TIM4_Init	64	static
main.c:702:13:MX_TIM5_Init	64	static
main.c:761:13:MX_TIM8_Init	56	static
main.c:811:13:MX_TIM9_Init	56	static
main.c:863:13:MX_UART4_Init	8	static
main.c:896:13:MX_GPIO_Init	56	static
main.c:1002:6:Error_Handler	4	static,ignoring_inline_asm
